// Bun Snapshot v1, https://bun.sh/docs/test/snapshots

exports[`the accepted-card list matches its snapshot: accepted card names 1`] = `
"A-Dragonborn Looter
A-Elderleaf Mentor
A-Rockslide Sorcerer
A.I.M. Bot
A.I.M. Synthoids
Aardvark Sloth
Abbey Griffin
Absorb
Acolyte of Aclazotz
Adult Gold Dragon
Adventurer's Inn
Aegis Turtle
Aegis of the Heavens
Aeolipile
Aerial Responder
Aesthir Glider
Aether Adept
Aether Sting
Affa Protector
Aftershock
Ageless Guardian
Agent of Stromgald
Aggressive Urge
Agonizing Syphon
Air Elemental
Ajani's Mantra
Ajani's Sunstriker
Akoum Boulderfoot
Alabaster Host Sanctifier
Alabaster Kirin
Alaborn Grenadier
Alaborn Musketeer
Alaborn Trooper
Aladdin's Ring
Alchemist's Apprentice
Alert Shu Infantry
Allied Reinforcements
Allied Teamwork
Alpha Myr
Alpha Tyrranax
Alpine Grizzly
Alpine Meadow
Alpine Watchdog
Amateur Auteur
Amateur Hero
Ambassador Oak
Ambition's Cost
Amphin Cutthroat
Anaba Shaman
Ancestral Reminiscence
Anchovy & Banana Pizza
Ancient Brontodon
Ancient Carp
Ancient Crab
Ancient Craving
Ancient Den
Ancient Spring
Angel of Light
Angel of Mercy
Angel's Mercy
Anointed Chorister
Ant Queen
Antagonize
Anthem of Champions
Appetite for the Unnatural
Arachnoid
Aragorn, the Uniter
Arashin Cleric
Arasta of the Endless Web
Arcane Encyclopedia
Arcanis the Omnipotent
Archangel
Archivist
Arctic Treeline
Ardent Militia
Ark of Blight
Armored Cancrix
Armored Griffin
Armored Pegasus
Armored Warhorse
Armored Whirl Turtle
Armored Wolf-Rider
Arms Dealer
Army Ants
Arrogant Vampire
Artisan's Sorrow
Aspiring Aeronaut
Assault Griffin
Augmenting Automaton
Augury Owl
Aura Blast
Auratog
Authority of the Consuls
Automatic Librarian
Avacyn's Pilgrim
Aven Battle Priest
Aven Cloudchaser
Aven Envoy
Aven Fogbringer
Aven Sentry
Aven Skirmisher
Aven Wind Mage
Aven of Enduring Hope
Aviation Pioneer
Axebane Beast
Axebane Stag
Axegrinder Giant
Azorius Signet
Azure Drake
Azure Mage
Azusa, Lost but Seeking
Badlands
Balduvian Barbarians
Balduvian Bears
Balshan Collaborator
Bane Alley Blackguard
Banehound
Banishing Betrayal
Barbarian Horde
Barbarian Lunatic
Barbarian Riftcutter
Barbary Apes
Barbtooth Wurm
Barktooth Warbeard
Barony Vampire
Barrage of Expendables
Bartizan Bats
Basal Thrull
Basilica Bell-Haunt
Bastion Enforcer
Bathe in Dragonfire
Battlewise Valor
Bay Falcon
Bayou
Bear Cub
Bear's Companion
Beast Whisperer
Bedevil
Bee Sting
Beetleback Chief
Bellowing Crier
Benalish Heralds
Benalish Veteran
Bigfin Bouncer
Bilbo's Deadly Slice
Bird Maiden
Bishop's Soldier
Bitterbow Sharpshooters
Black Widow, Natasha Romanoff
Blade of the Sixth Pride
Blanchwood Treefolk
Blazing Hellhound
Blessed Spirits
Blighted Cataract
Blighted Gorge
Blighted Shaman
Blind Phantasm
Blinking Spirit
Blisterstick Shaman
Blood Bairn
Blood Glutton
Blood Pet
Blood Vassal
Bloodfire Mentor
Bloodrage Brawler
Boa Constrictor
Boar-q-pine
Bog Imp
Bog Initiate
Bogstomper
Bolt of Keranos
Boltwave
Bombard
Bonebreaker Giant
Boomerang, Blade Flinger
Border Guard
Border Patrol
Borderland Minotaur
Boreal Druid
Boris Devilboon
Boros Signet
Bottle Gnomes
Bounce Off
Bounty Agent
Braidwood Cup
Bramblecrush
Brass Secretary
Brazen Scourge
Breakneck Berserker
Breath of Fire
Breath of Malfegor
Breathstealer
Brilliant Plan
Brimstone Dragon
Brindle Boar
Broadside Barrage
Bronze Sable
Broodhunter Wurm
Broodmate Dragon
Brushstrider
Brute Force
Bull Cerodon
Bulwark Giant
Burglar Rat
Burning Fields
Cabal Evangel
Cackling Fiend
Caelorna, Coral Tyrant
Call of the Conclave
Call the Cavalry
Call to the Feast
Canal Monitor
Cancel
Candy Trail
Canopy Gorger
Canopy Spider
Canyon Minotaur
Capashen Unicorn
Capital Guard
Captain of Umbar
Captain's Call
Caravan Hurda
Carnivorous Moss-Beast
Carrion Ants
Carrion Crow
Carrion Screecher
Cast Down
Catacomb Crocodile
Catacomb Slug
Catalog
Catalyst Elemental
Cathedral Sanctifier
Caustic Caterpillar
Centaur Courser
Centaur Healer
Centaur's Herald
Cephalid Scout
Cerodon Yearling
Cha'DIch Investigator
Champion of Arashin
Chandler
Chapel Geist
Chaplain's Blessing
Charcoal Diamond
Chardalyn Dragon
Charity Extractor
Child of Night
Child of Thorns
Chill to the Bone
Chrome Cat
Cinder Storm
Citanul Druid
Clarion Cathars
Cleansing Screech
Cliffhaven Sell-Sword
Clone
Cloud Manta
Cloudblazer
Cloudchaser Eagle
Cloudcrown Oak
Cloudkin Seer
Cloudreader Sphinx
Coal Golem
Coastal Drake
Cobblebrute
Cogworker's Puzzleknot
Collective Blessing
Colorful Feiyi Sparrow
Colossapede
Colossodon Yearling
Command the Storm
Commercial District
Composite Golem
Concentrate
Concentrated Fire
Concordia Pegasus
Consider
Contaminated Aquifer
Contingency Plan
Contraband Kingpin
Contradict
Copper Myr
Copper Tablet
Coral Commando
Coral Eel
Coral Merfolk
Corroding Dragonstorm
Corrupt Eunuchs
Council of Advisors
Counsel of the Soratami
Counterspell
Courier Griffin
Courier Hawk
Courier's Capsule
Cowl Prowler
Crackling Triton
Craterize
Craven Giant
Craven Knight
Craw Wurm
Crazed Skirge
Creeping Mold
Crimson Kobolds
Crooked Custodian
Crookshank Kobolds
Crosis's Attendant
Cruel Truths
Crush
Crypt Ripper
Cryptic Annelid
Crystal Ball
Crystal Quarry
Crystal Vein
Cunning Sparkmage
Curate
Curio Vendor
Curious Killbot
Cursebreak
Cyclops of One-Eyed Pass
Cylian Elf
Daggerclaw Imp
Daggerdrome Imp
Dakmor Bat
Dakmor Lancer
Dakmor Scorpion
Dancing Scimitar
Darigaaz's Attendant
Daring Demolition
Dark Betrayal
Dark Deed
Dark Nourishment
Dark Offering
Dark Remedy
Darklit Gargoyle
Darksteel Citadel
Darksteel Gargoyle
Darksteel Myr
Darksteel Pendant
Darksteel Relic
Darkwater Catacombs
Darting Merfolk
Dawn Gryff
Dawnhart Geist
Dawning Angel
Dawnstrike Paladin
Daybreak Chaplain
Daysquad Marshal
Deadeye Duelist
Deadly Visit
Deathmark
Dedicated Martyr
Deeproot Champion
Defense Force Aggressor
Defiant Khenra
Deliberate
Delighted Killbot
Demolish
Demon's Due
Demystify
Desecration Plague
Desert Drake
Desolate Lighthouse
Desolate Mire
Despondent Killbot
Devilthorn Fox
Devkarin Dissident
Devoted Hero
Devotee of Strength
Devout Monk
Dimir Informant
Dimir Signet
Direct Hit
Diregraf Ghoul
Diresight
Disenchant
Dismiss
Dispeller's Capsule
Disperse
Disruptor Pistol
Divination
Diving Griffin
Djinn of the Lamp
Dockside Chef
Doom Blade
Dosan's Oldest Chant
Douse in Gloom
Douser of Lights
Drag Under
Dragon Fodder
Dragon Moose
Dragon Trainer
Dragonborn Looter
Dragoon's Wyvern
Dramatic Rescue
Drana's Emissary
Dread Reaper
Dread Shade
Dread of Night
Dreadbore
Dreamstone Hedron
Dreg Reaver
Dreg Recycler
Drifting Shade
Dromar's Attendant
Dromoka Warrior
Dross Crocodile
Dross Ripper
Drown in Shapelessness
Drowned Rusalka
Druid Lyrist
Druid of the Cowl
Dryad Arbor
Dune Beetle
Dungeon Shade
Durkwood Boars
Dusk Imp
Dusk Legion Zealot
Dust Bowl
Dutiful Servants
Dwarven Demolition Team
Dwarven Miner
Dwarven Ruins
Dwarven Trader
Eager Cadet
Eager Glyphmage
Eagle of the Watch
Earth Elemental
Earth Surge
Earthblighter
Eastern Paladin
Ebon Stronghold
Ebony Treefolk
Eidolon of Philosophy
Elder Auntie
Elderfang Disciple
Elderleaf Mentor
Electrify
Elegant Parlor
Elf Replica
Elfsworn Giant
Elite Guardmage
Elite Instructor
Elite Vanguard
Elixir of Vitality
Elturgard Ranger
Elven Lyre
Elvish Lyrist
Elvish Mystic
Elvish Ranger
Elvish Scrapper
Elvish Visionary
Elvish Warrior
Ember Hauler
Ember Shot
Embraal Gear-Smasher
Emmessi Tome
Enchantress's Presence
Encroaching Wastes
Enforcer Griffin
Engulfing Eruption
Enhanced Awareness
Enlightened Maniac
Enormous Baloth
Enraged Killbot
Envoy of Okinec Ahau
Erebor Flamesmith
Erratic Visionary
Ertai, Wizard Adept
Ertai, the Corrupted
Esper Cormorants
Essence Drain
Essence Extraction
Eumidian Terrabotanist
Eviscerate
Exclusion Mage
Exocomp
Exorcist
Expedition Envoy
Experimental Aviator
Exploration
Explosive Apparatus
Explosive Impact
Explosive Shot
Expose to Daylight
Exultant Skymarcher
Eye of Ramos
Facet Reader
Facevaulter
Faerie Formation
Faerie Seer
Failed Inspection
Faithbearer Paladin
Faithful Watchdog
Falkenrath Reaver
Fall of the Gavel
Fanatical Firebrand
Fateful End
Fearless Halberdier
Feiyi Snake
Felhide Minotaur
Felidar Cub
Fell
Femeref Scouts
Feral Ferocity
Feral Krushok
Feral Maaka
Feral Roar
Feral Shadow
Ferocious Charge
Ferocious Pup
Ferocious Zheng
Ferrous Lake
Fetid Horror
Field Creeper
Fiery Finish
Fighting Drake
Finishing Blow
Fire Ambush
Fire Diamond
Fire Elemental
Fire Imp
Fire Nation Archers
Fire Nation Soldier
Fire Sprites
Firebrand Archer
Fireforger's Puzzleknot
Firespitter Whelp
Flame Lash
Flame Slash
Flameborn Viron
Flamecast Wheel
Flamekin Spitfire
Flametongue Kavu
Fledgling Djinn
Fleeting Image
Flowstone Charger
Flowstone Crusher
Flowstone Giant
Flowstone Hellion
Flowstone Infusion
Flowstone Overseer
Flowstone Shambler
Flowstone Surge
Flowstone Wyvern
Flurry of Horns
Flying Dolphin-Fish
Flying Men
Fomori Nomad
Font of Fortunes
Font of Vigor
Foot Soldiers
Foratog
Foresee
Forest
Forest Bear
Forgotten Sentinel
Fortress Crab
Foul Imp
Foundry of the Consuls
Fountain of Renewal
Fountain of Youth
Fracture
Frenzied Raptor
Fresh Volunteers
Fretwork Colony
Friendly Ghost
Frog-Squirrels
Frost Ogre
Frostling
Frozen Aether
Frozen Shade
Fugitive Wizard
Furtive Analyst
Fusion Elemental
Futurist Forge
Fyndhorn Elder
Fyndhorn Elves
Gaea's Anthem
Gaea's Skyfolk
Galadhrim Guide
Gallant Cavalry
Gargoyle Castle
Garruk's Gorehorn
Gates of Istfell
Geist of the Moors
Generous Stray
Geothermal Bog
Geothermal Crevice
Get the Point
Ghirapur Gearcrafter
Ghirapur Osprey
Ghost Warden
Ghostly Sentinel
Ghostly Visit
Giant Cockroach
Giant Growth
Giant Mantis
Giant Octopus
Giant Spider
Gigantosaurus
Gilded Sentinel
Gin'tak Charge
Glacial Floodplain
Glass Golem
Glidedive Duo
Glider Kids
Glimmerburst
Gloom Pangolin
Gloomhunter
Glorious Anthem
Glory Seeker
Gnarled Mass
Gnottvold Recluse
Go for the Throat
Gobland
Goblin Assailant
Goblin Bruiser
Goblin Bully
Goblin Cavaliers
Goblin Chariot
Goblin Commando
Goblin Digging Team
Goblin Gang Leader
Goblin Glider
Goblin Hero
Goblin Instigator
Goblin Piker
Goblin Raider
Goblin Rally
Goblin Replica
Goblin Roughrider
Goblin Settler
Goblin Sky Raider
Goblin Sledder
God-Pharaoh's Faithful
Godsire
Gold Myr
Gold-Forged Sentinel
Golden Bear
Golden Hind
Golden-Tail Disciple
Golgari Death Swarm
Golgari Signet
Goliath Sphinx
Goliath Spider
Goobbue Gardener
Gore Swine
Gorilla Warrior
Graceful Cat
Grappler Spider
Gravel-Hide Goblin
Gray Ogre
Grazing Whiptail
Great Furnace
Great Hart
Great-Horn Krushok
Greater Forgeling
Greenweaver Druid
Greenwood Sentinel
Griffin Sentinel
Grim Backwoods
Grim Bauble
Grizzled Leotau
Grizzled Outrider
Grizzly Bears
Gruul Signet
Gryff Vanguard
Guarded Heir
Guardian Lions
Guardian of Cloverdell
Guardian of Pilgrims
Gumato
Gutless Ghoul
Gutter Skulk
Guttersnipe
Gyre Engineer
Haazda Exonerator
Haazda Officer
Hag of Dark Duress
Hag of Death's Legion
Hag of Syphoned Breath
Hag of Twisted Visions
Hand of Death
Hapless Researcher
Happy Hogan, Dauntless Driver
Harmonize
Harrier Naga
Haru-Onna
Haunted Mire
Havenwood Battleground
Havoc
Hawkeye, Clint Barton
He's Dead, Jim
Headless Horseman
Headwater Sentries
Healer of the Glade
Healer's Flock
Healer's Hawk
Heart Warden
Heart of Ramos
Hecteyes
Hedge Maze
Hedron Archive
Hedron Crawler
Helpful Hunter
Herald of Faith
Herald of the Fair
Hermitic Nautilus
Hero's Demise
Hero's Downfall
Hexplate Golem
High Market
Highborn Vampire
Highland Forest
Highland Giant
Hill Giant
Hill Giant Herdgorger
Hitchclaw Recluse
Hive Stirrings
Hoar Shade
Hollowhenge Beast
Honey Mammoth
Hoodwink
Hoof Skulkin
Hop to It
Hordeling Outburst
Horizon Scholar
Horn of Ramos
Horned Turtle
Hornet Sting
Hostile Minotaur
Hour of Defeat
Hovermyr
Howling Giant
Huatli's Snubhorn
Hulking Bugbear
Hulking Cyclops
Hulking Devil
Hulking Goblin
Hulking Ogre
Hurloon Minotaur
Hyena Pack
Icatian Priest
Icatian Town
Ice Storm
Ice Tunnel
Iceridge Serpent
Icewind Elemental
Idyllic Beachfront
Imaginary Friends
Impact Tremors
Impale
Imperial Outrider
Imperious Inkmage
Implode
Imposing Sovereign
Incurable Ogre
Independent Troops
Indomitable Ancients
Indrik Stomphowler
Infectious Horror
Infernal Grasp
Infernal Idol
Infuriate
Inkrise Infiltrator
Insatiable Harpy
Insight
Inspired Insurgent
Inspiring Cleric
Introduction to Prophecy
Intruding Soulrager
Invoke the Divine
Iron Myr
Iron-Barb Hellion
Ironclad Krovod
Ironroot Treefolk
Irrigation Ditch
Isamaru, Hound of Konda
Island
Izzet Signet
Jace's Ingenuity
Jade Mage
Jadecraft Artisan
Jagwasp Swarm
Jalum Tome
Jarvis, Earth's Mightiest Butler
Jasmine Boreal
Jaya's Firenado
Jaya's Greeting
Jayemdae Tome
Jedit Ojanen
Jedit's Dragoons
Jerrard of the Closed Fist
Jhessian Lookout
Jhovall Queen
Jibbirik Omnivore
Joraga Visionary
Joven
Jungle Lion
Juzám Djinn
Jwari Scuttler
Kabira Crossroads
Kabuto Moth
Kalakscion, Hunger Tyrant
Kaleidostone
Kalonian Tusker
Kamahl, Pit Fighter
Kambal, Consul of Allocation
Kami of Ancient Law
Kami of Old Stone
Karakas
Kasimir the Lone Wolf
Kavu Climber
Kazandu Nectarpot
Keen-Eyed Archers
Keening Apparition
Keepers of the Faith
Keldon Necropolis
Kelinore Bat
Kemba's Skyguard
Kessig Flamebreather
Khalni Garden
Kher Keep
Killer Bees
Kindercatch
Kindly Customer
King Suleiman
Kingpin's Enforcers
Kinjalli's Sunwing
Kinsbaile Skirmisher
Kismet
Kiss of Death
Kitesail Scout
Knight Errant
Knight Watch
Knight of New Benalia
Knight of the Keep
Knight of the Tusk
Knotvine Mystic
Koala-Sheep
Kobolds of Kher Keep
Kozilek's Channeler
Kraken Hatchling
Krark-Clan Ironworks
Krark-Clan Stoker
Kraul Warrior
Krenko's Command
Krovikan Scoundrel
Kyoshi Warrior Guard
Kyoshi Warriors
Kyren Glider
Lady Orca
Lagac Lizard
Lampad of Death's Vigil
Lantern Kami
Lantern Spirit
Last Kiss
Lathnu Sailback
Lava Flow
Lava Hounds
Lazotep Behemoth
Leaden Myr
Leaf Gilder
Leatherback Baloth
Leave in the Dust
Legion Extruder
Leonin Skyhunter
Leopard-Spotted Jiao
Library Larcenist
Lich's Caress
Lightning Angel
Lightning Blast
Lightning Bolt
Lightning Elemental
Lightning Helix
Lightning Javelin
Lightning Stormkin
Lightning Strike
Lightning-Core Excavator
Liliana's Specter
Lizard Warrior
Llanowar Dead
Llanowar Elves
Llanowar Tribe
Llanowar Visionary
Lone Missionary
Looming Altisaur
Lost Legion
Lowland Giant
Loxodon Convert
Loxodon Gatekeeper
Loxodon Line Breaker
Loxodon Wayfarer
Lucent Liminid
Lumengrid Gargoyle
Lumengrid Warden
Luminous Angel
Lunatic Pandora
Lush Portico
Lys Alana Huntmaster
Magma Jet
Magmaw
Magnigoth Sentry
Mahamoti Djinn
Makindi Aeronaut
Makindi Griffin
Mammoth Spider
Man-o'-War
Manakin
Mandroid Squadron
Maned Serval
Manic Vandal
Mantis Rider
Marble Chalice
Marble Diamond
Maritime Guard
Markov Patrician
Mass Production
Mass of Ghouls
Master's Call
Maw of the Mire
Mawcor
Memnite
Memorial to Genius
Memorial to Glory
Memorial to War
Memory Drain
Meng Huo's Horde
Merchant of Secrets
Merciless Enforcers
Merfolk Looter
Merfolk Traders
Merfolk of the Pearl Trident
Mesa Cavalier
Mesa Enchantress
Mesa Unicorn
Metallic Sliver
Metalspinner's Puzzleknot
Meticulous Archive
Midnight Haunting
Might of Oaks
Millennial Gargoyle
Mind Stone
Minotaur Abomination
Minotaur Warrior
Misshapen Fiend
Mist Raven
Mistral Charger
Moaning Spirit
Mogg Fanatic
Mogg Raider
Mold Adder
Molten Tributary
Moment of Triumph
Monk Realist
Mons's Goblin Raiders
Monstrous Growth
Moon Heron
Moon Sprite
Moonglove Extract
Morgue Toad
Moriok Reaver
Moriok Replica
Moroii
Mortify
Moss Diamond
Moss Monster
Mosscoat Goriak
Mossfire Valley
Mountain
Mountain Bandit
Muck Rats
Murasa Brute
Murder
Muse Drake
Muse's Encouragement
Naga Eternal
Naga Oracle
Nantuko Disciple
Nantuko Elder
Nantuko Shade
Narrow Escape
Natural End
Naturalize
Nebula Dragon
Necrogen Mists
Necrogen Scudder
Needlepeak Spider
Needleshot Gourna
Nema Siltlurker
Nessian Courser
Nest Robber
Nether Horror
Nettle Swine
Nettletooth Djinn
Neurok Replica
New Benalia
Nexus Wardens
Nezumi Informant
Nezumi Shadow-Watcher
Night of Souls' Betrayal
Night's Whisper
Nightscape Master
Nightshade Stinger
Nikko-Onna
Nimble Birdsticker
Nimble Innovator
Nimble Thopterist
Nimbus of the Isles
Northern Paladin
Norwood Archers
Norwood Ranger
Notion Rain
Nourish
Noxious Grasp
Nuisance Engine
Nyx-Fleece Ram
Nyxborn Brute
Nyxborn Colossus
Nyxborn Courser
Nyxborn Marauder
Nyxborn Seaguard
Oboro, Palace in the Clouds
Obsianus Golem
Obsidian Giant
Octoprophet
Oggyar Battle-Seer
Ogre Arsonist
Ogre Berserker
Ogre Resister
Ogre Taskmaster
Ogre Warrior
Okina, Temple to the Grandfathers
Oko's Accomplices
Oltec Cloud Guard
Omega Myr
Omenspeaker
Onakke Ogre
Open Fire
Opt
Orazca Frillback
Orazca Raptor
Orcish Bloodpainter
Orcish Mechanics
Order of the Sacred Bell
Ordinary Bear
Ore Gorger
Oreskos Swiftclaw
Ornithopter
Orochi Sustainer
Orzhov Signet
Overflowing Basin
Owl Familiar
Oxidda Scrapmelter
Oyobi, Who Split the Heavens
Paladin of the Bloodstained
Palladium Myr
Panicked Altisaur
Panther Warriors
Parcel Myr
Patagia Tiger
Peace Strider
Pearled Unicorn
Pendulum of Patterns
Pensive Minotaur
Phantom Monster
Pharika's Cure
Pheres-Band Centaurs
Phyrexia's Core
Phyrexian Arena
Phyrexian Gargantua
Phyrexian Hulk
Phyrexian Rager
Phyrexian Tower
Phyrexian Walker
Phytoburst
Pia and Kiran Nalaar
Pillarfield Ox
Pious Wayfarer
Piranha Fly
Plains
Plateau
Plated Seastrider
Plated Spider
Plated Wurm
Playful Shove
Poison Arrow
Potion of Healing
Prakhata Club Security
Precision Bolt
Preening Champion
Preordain
Prescient Chimera
Prideful Parent
Priest of Iroas
Primordial Sage
Primordial Wurm
Princess Lucrezia
Prized Griffin
Prizefighter Construct
Prodigal Pyromancer
Prodigal Sorcerer
Prophet of the Peak
Protector of Gondor
Prowling Caracal
Pulse Tracker
Pyrite Spellbomb
Pyroclastic Elemental
Pyromantic Pilgrim
Python
Qilin's Blessing
Quagmire Druid
Quakestrider Ceratops
Queen's Bay Soldier
Queen's Commission
Quick Study
Quicksilver Fisher
Quicksilver, Pietro Maximoff
Quiet Purity
Quilled Slagwurm
Quirion Dryad
Radiant Fountain
Radiant Grove
Ragefire
Raging Bull
Raging Cougar
Raging Goblin
Raging Minotaur
Raging Poltergeist
Raging Regisaur
Rain of Revelation
Rain of Tears
Raise the Alarm
Rakdos Ragemutt
Rakdos Signet
Rakka Mar
Ral's Reinforcements
Rambunctious Mutt
Raptor Companion
Rath's Edge
Rats of Rath
Raucous Theater
Ravaging Horde
Ravenous Baboons
Ravenous Baloth
Ravenous Chupacabra
Ravenous Giant
Ravenous Harpy
Ravenous Lindwurm
Ray of Dissolution
Razorfield Thresher
Razorfin Hunter
Razortip Whip
Reach Through Mists
Read the Bones
Rearing Embermare
Reckless Barbarian
Reckless Fireweaver
Reckless Pangolin
Reckless Reveler
Reclaiming Vines
Red Dragon
Redwood Treefolk
Refute
Regal Unicorn
Regathan Firecat
Reki, the History of Kamigawa
Release the Dogs
Renegade Demon
Renegade Troops
Renowned Weaver
Repulse
Repulsor Rays
Rescue
Research Assistant
Resupply
Retrieval Agent
Revel of the Fallen God
Revitalize
Reviving Dose
Rhox Brute
Rhox Oracle
Rhox War Monk
Rib Cage Spider
Rimewood Falls
Riot Devils
Rip-Clan Crasher
Ripchain Razorkin
Rise of Eagles
Risen Sanctuary
Rite of the Dragoncaller
Rith's Attendant
Ritual of Rejuvenation
Riven Turnbull
Riven Turnbull and Princess Lucrezia
River Hoopoe
River Kaijin
Roc Hunter
Roc of Kher Ridges
Rockslide Sorcerer
Rod of Ruin
Roiling Dragonstorm
Romantic Rendezvous
Ronom Unicorn
Root Maze
Rootwater Hunter
Rorix Bladewing
Rotted Hulk
Rotted Hystrix
Rotting Fensnake
Rotting Legion
Rotting Mastodon
Rotting Regisaur
Roving Harper
Rowan Treefolk
Royal Falcon
Rubble Reading
Ruination Wurm
Ruinous Gremlin
Ruins of Trokair
Rumbling Baloth
Rumbling Sentry
Runeclaw Bear
Russet Wolves
Rusted Sentinel
Rustspore Ram
Rustwing Falcon
S.H.I.E.L.D. Deployment Drone
Sabotender
Sacred Nectar
Sacred Peaks
Sage of Lat-Nam
Sage's Row Savant
Saltblast
Sanctify
Sanctuary Cat
Sanguine Syphoner
Sanitation Automaton
Sarpadian Simulacrum
Satyr Enchanter
Savage Gorilla
Savai Sabertooth
Savannah
Savannah Lions
Savannah Sage
Scalding Cauldron
Scaldkin
Scaled Wurm
Scarwood Goblins
Scarwood Treefolk
Scathe Zombies
Scavenger Folk
Scavenging Scarab
Scepter of Insight
Scion of Ugin
Scorching Shot
Scorching Spear
Scoria Elemental
Scrap Compactor
Screeching Drake
Scrounger of Souls
Scrubland
Scryb Sprites
Sea Eagle
Sea Scryer
Seacoast Drake
Seagraf Skaab
Seal of Cleansing
Seal of Primordium
Sear
Searing Flesh
Searing Spear
Searing Wind
Seaside Haven
Seat of the Synod
Seer's Lantern
Segovian Angel
Seizan, Perverter of Truth
Selesnya Signet
Seller of Songbirds
Senate Guildmage
Sentinel Spider
Sephiroth's Intervention
Seraph Sanctuary
Seraph of Dawn
Seraph of the Suns
Serendib Efreet
Serpent Warrior
Serra Angel
Serra Sphinx
Serum Powder
Serum Visionary
Serum Visions
Servo Exhibition
Shadow Glider
Shadowblood Ridge
Shadowy Backstreet
Shaman of Spring
Shambling Ghoul
Shatter
Shatterskull Giant
Shauku's Minion
Shining Aerosaur
Shivan Gorge
Shivan Hellkite
Shock
Shock Troops
Shore Keeper
Shore Lurker
Shorecomber Crab
Show of Valor
Shrine Keeper
Shu Elite Infantry
Shu Foot Soldiers
Shu Grain Caravan
Shu Soldier-Farmers
Sickbay Orderly
Siege Mastodon
Sift
Sigil of the Empty Throne
Sigiled Starfish
Silent Artisan
Silent Attendant
Silent Dart
Silent Observer
Silver Myr
Silver Raven
Silverback Ape
Silverbeak Griffin
Silvercoat Lion
Simic Signet
Sinister Sabotage
Sinister Starfish
Sinkhole
Sir Shandlar of Eberyn
Sire of the Storm
Sisay's Ring
Sisters of the Flame
Sivitri Scarzam
Sizzle
Skeletal Crocodile
Skeletal Snake
Skeleton Archer
Skirk Prospector
Skirsdag Cultist
Skirsdag Flayer
Skull of Ramos
Sky Diamond
Sky Ruin Drake
Sky-Eel School
Skyblade of the Legion
Skycloud Expanse
Skyhunter Prowler
Skyknight Legionnaire
Skyraker Giant
Skyscanner
Skyshroud Falcon
Skyshroud Troopers
Skysnare Spider
Skyswirl Harrier
Slagdrill Scrapper
Slice in Twain
Slingshot Goblin
Slinking Skirge
Sliptide Serpent
Sliver Construct
Sliver Queen
Smash
Smelt
Snake Pit
Snapping Drake
Snare Thopter
Sneering Shadewriter
Snow-Covered Forest
Snow-Covered Island
Snow-Covered Mountain
Snow-Covered Plains
Snow-Covered Swamp
Snow-Covered Wastes
Snowfield Sinkhole
Soaring Drake
Sokka, Wolf Cove's Protector
Sol Ring
Solemn Offering
Soothsayer Adept
Sorcerer of the Fang
Sorin's Thirst
Soul Shred
Soul of Magma
Soulmender
Southern Elephant
Southern Paladin
Spare Supplies
Spark Jolt
Spark Reaper
Sparkmage Apprentice
Spectral Reserves
Spectral Shepherd
Spellgorger Weird
Sphinx of Magosi
Spike Jester
Spin Out
Spinal Villain
Spined Karok
Spined Wurm
Spineless Thug
Spirited Companion
Spiritual Guardian
Spiteful Bully
Spitfire Lagac
Spock, Logical Choice
Spore Swarm
Sporecap Spider
Spotted Griffin
Spring of Eternal Peace
Springmane Cervin
Springsage Ritual
Sprite Dragon
Sprout
Squire
Sram, Senior Edificer
Staff of Nin
Staff of the Death Magus
Staff of the Flame Magus
Staff of the Mind Magus
Staff of the Sun Magus
Staff of the Wild Magus
Stand Firm
Standing Troops
Starfleet Crew
Starlight Invoker
Starlit Angel
Starved Rusalka
Staunch Defenders
Staunch Shieldmate
Steadfast Guard
Steadfast Paladin
Sterling Hound
Stern Dismissal
Stern Proctor
Steward of Valeron
Stolen Grain
Stone Golem
Stone Haven Medic
Stone Rain
Stonework Puma
Stony-Voiced Goblins
Storm Caller
Storm Crow
Storm Spirit
Stormcaller of Keranos
Stormcloud Spirit
Stormfront Pegasus
Stormwatch Eagle
Story Seeker
Strafe
Strangle
Straw Soldiers
Stream of Acid
Streetbreaker Wurm
Strip Mine
Striped Bears
Strix Lookout
Stronghold Assassin
Student of Ojutai
Succumb to Temptation
Sudden Strength
Sulfur Vent
Sulfurous Mire
Sultai Ascendancy
Summit Prowler
Sun Sentinel
Sunastian Falconer
Sunbeam Spellbomb
Sunder from Within
Sundial, Dawn Tyrant
Sungrace Pegasus
Sungrass Prairie
Sunlance
Sunlit Marsh
Sunscorched Divide
Sunspire Griffin
Suntail Hawk
Survey the Wreckage
Svyelunite Temple
Swab Goblin
Swamp
Swooping Lookout
Sword of the Chosen
Swordwise Centaur
Sworn Companions
Sworn Guardian
Sylvan Brushstrider
Sylvok Replica
Symbol of Unsummoning
Sythis, Harvest's Hand
Taiga
Taigam's Scheming
Tajuru Snarecaster
Take Up Arms
Talarian Hook Spider
Talas Air Ship
Talas Merchant
Talas Scout
Talon Trooper
Talrand's Invocation
Talrand, Sky Summoner
Talruum Minotaur
Tamiyo's Epiphany
Tanglebloom
Tangled Islet
Tanglespan Lookout
Tasseled Dromedary
Tattered Apparition
Tatyova, Benthic Druid
Teeming Dragonstorm
Teferi's Protege
Tel-Jilad Justice
Tempest Drake
Temple Acolyte
Tenement Crasher
Teroh's Faithful
Terrain Elemental
Terrian, World Tyrant
Territorial Roc
Terror of the Fairgrounds
Thallid Soothsayer
Thaumaturge's Familiar
The Autonomous Furnace
The Dross Pits
The Fabulous Frog-Man
The Fair Basilica
The Hive
The Hunter Maze
The Lady of the Mountain
The Surgical Bay
Think Tank
Third Path Iconoclast
Third Path Savant
Thornhide Wolves
Thornwind Faeries
Those Who Serve
Thought Courier
Thraben Purebloods
Thraben Valiant
Thran Dynamo
Thraxodemon
Thriss, Nantuko Primus
Thundering Falls
Thundering Giant
Thundering Rebuke
Tidepool Turtle
Tidings
Timeless Lotus
Tinder Farm
Tinker's Tote
Tireless Missionaries
Titan's Strength
Titanic Growth
Titanic Pelagosaur
Tithebearer Giant
Tobias Andrion
Tocasia's Dig Site
Tolarian Scholar
Tome Raider
Tooth of Ramos
Tor Giant
Torch Fiend
Tormented Angel
Torsten Von Ursus
Touch of Brilliance
Tower Gargoyle
Tower of Calamities
Tower of Champions
Tower of Eons
Tower of Fortunes
Towering Indrik
Toxic Abomination
Trained Armodon
Trained Caracal
Trained Jackal
Trained Orgg
Traveling Philosopher
Tree Monkey
Tree of Tales
Treetop Freedom Fighters
Treetop Recluse
Treetop Warden
Trench Wurm
Treva's Attendant
Trial of Knowledge
Trial of Strength
Trial of Zeal
Triton Shorethief
Trokin High Guard
Tropical Island
Tuknir Deathlock
Tundra
Tunnel Surveyor
Tunneling Geopede
Tura Kennerüd, Skyknight
Turntimber Ascetic
Turntimber Grove
Turtle-Seals
Tusked Colossodon
Twin-Silk Spider
Tyrox, Saurid Tyrant
Uktabi Faerie
Uktabi Orangutan
Umbral Collar Zealot
Unauthorized Exit
Undead Minotaur
Undercity Sewers
Underground Mortuary
Underground Sea
Unexplained Disappearance
Unfriendly Fire
Unhallowed Phalanx
Unholy Officiant
Unsubtle Mockery
Unsummon
Unyaro Bee Sting
Updraft Elemental
Ur-Golem's Eye
Urbis Protector
Urgent Exorcism
Ursapine
Urza's Factory
Valakut Invoker
Valiant Guard
Valkyrior Skyrider
Valorous Steed
Vampire Interloper
Vampire Neonate
Vampire Noble
Vampire Opportunist
Vampire Revenant
Vampire Spawn
Vampiric Feast
Vampiric Spirit
Vampiric Touch
Vastwood Gorger
Vault of Whispers
Vedalken Archmage
Vedalken Mastermind
Venerable Lammasu
Venerable Monk
Verdigris
Verduran Enchantress
Vermin Gorger
Vessel of Ephemera
Vessel of Volatility
Veteran Cavalier
Vial of Dragonfire
Viashino Fangtail
Viashino Warrior
Vicious Conquistador
Vicious Hunger
Vigilant Baloth
Vigilante Justice
Viridescent Bog
Viridian Shaman
Viridian Zealot
Viscera Seer
Vithian Renegades
Vitu-Ghazi, the City-Tree
Vizzerdrix
Vodalian Merchant
Vodalian Soldiers
Voice of the Provinces
Void Helix
Void Snare
Volatile Fjord
Volcanic Dragon
Volcanic Hammer
Volcanic Island
Volcanic Upheaval
Volunteer Militia
Vorstclaw
Voyage's End
Vulshok Berserker
Vulshok Sorcerer
Wakandan Drone Flock
Wakandan Shield Guard
Walking Corpse
Wand of the Elements
Wandering Ones
Wandering Tombshell
Warden of Geometries
Warleader's Call
Warleader's Helix
Warmth
Warpath Ghoul
Warship Flight Crew
Warship Scout
Wary Okapi
Wasteland
Wastes
Watcher in the Mist
Watchful Automaton
Watchful Giant
Watchwolf
Water Elemental
Weaponize the Monsters
Weave Fate
Weaver of Currents
Weaver of Lightning
Wei Infantry
Weirding Shaman
Welder Automaton
Western Paladin
Wetland Sambar
Whiptail Wurm
Whirlermaker
Whitesun's Passage
Wicker Witch
Wielding the Green Dragon
Wild Ceratok
Wild Colos
Wild Griffin
Wild Jhovall
Willow Elf
Willow Faerie
Willow-Wind
Wind Drake
Windseeker Centaur
Winter Soldier, Bucky Barnes
Winter's Grasp
Winter's Intervention
Wirewood Elf
Wishcoin Crab
Witch's Familiar
Witching Well
Withering Torment
Witness of Tomorrows
Wolf Cove Villager
Wooded Ridgeline
Woodland Chasm
Woodland Druid
Woodland Mystic
Woodland Patrol
Woolly Thoctar
Worf, Chief Tactical Officer
Worn Powerstone
Wreckage Wickerfolk
Wrecking Ball
Wretched Doll
Wu Infantry
Wyluli Wolf
Yargle and Multani
Yargle, Glutton of Urborg
Yavimaya Sapherd
Yawgmoth's Edict
Yellow Scarves Troops
Yeva's Forcemage
Yoked Ox
Yotian Soldier
Young Pyromancer
Young Wei Recruits
Yuki-Onna
Zap
Zarichi Tiger
Zealot of the God-Pharaoh
Zendikar's Roil
Zephyr Falcon
Zephyr Gull
Zephyr Sprite
Zhalfirin Void
Zof Shade
Zombie Goliath
Zuko's Offense
Zuko, Avatar Hunter
Zuran Spellcaster"
`;

exports[`the accepted-card list matches its snapshot: accepted card count 1`] = `1773`;
