// Bun Snapshot v1, https://bun.sh/docs/test/snapshots

exports[`the accepted-card list matches its snapshot: accepted card names 1`] = `
"A-Blood Artist
A-Canopy Tactician
A-Cauldron Familiar
A-Celebrity Fencer
A-Dragonborn Looter
A-Elderleaf Mentor
A-Glittermonger
A-Haywire Mite
A-Midnight Assassin
A-Pseudodragon Familiar
A-Queza, Augur of Agonies
A-Rockslide Sorcerer
A-Skemfar Avenger
A-Social Climber
A-Stimulus Package
A-Umara Mystic
A.I.M. Bot
A.I.M. Labs
A.I.M. Synthoids
Aang's Defense
Aardvark Sloth
Abandoned Outpost
Abbey Griffin
Abbey Matron
Abjure
Abnormal Endurance
Abraded Bluffs
Absorb
Abzan Banner
Academy Ruins
Accelerate
Accursed Centaur
Accursed Horde
Acid Web Spider
Acidic Slime
Acolyte of Aclazotz
Acolyte of Xathrid
Adamant Will
Adaptive Shimmerer
Adarkar Sentinel
Adult Gold Dragon
Adun Oakenshield
Advanced Hoverguard
Advent of the Wurm
Adventurer's Inn
Aegis Automaton
Aegis Turtle
Aegis of the Heavens
Aeolipile
Aerial Guide
Aerial Responder
Aesi, Tyrant of Gyre Strait
Aesthir Glider
Aether Adept
Aether Spellbomb
Aether Sting
Aetherjacket
Affa Guard Hound
Affa Protector
Aftershock
Ageless Guardian
Agent of Atlas
Agent of Shauku
Agent of Stromgald
Aggressive Urge
Agonizing Syphon
Ahriman
Air Elemental
Air Marshal
Airship Engine Room
Ajani's Mantra
Ajani's Sunstriker
Ajani's Welcome
Akki Drillmaster
Akki Raider
Akki Scrapchomper
Akoum Boulderfoot
Akoum Hellhound
Akoum Refuge
Akroan Jailer
Akroan Mastiff
Al Bhed Salvagers
Alabaster Host Sanctifier
Alabaster Kirin
Alabaster Mage
Alaborn Grenadier
Alaborn Musketeer
Alaborn Trooper
Aladdin's Ring
Alania's Pathmaker
Alchemist's Apprentice
Alert Shu Infantry
Alesha's Legacy
Algae Gharial
Ali Baba
Aliban's Tower
Allied Reinforcements
Allied Teamwork
Alloy Myr
Almighty Brushwagg
Alpha Myr
Alpha Tyrranax
Alpine Grizzly
Alpine Meadow
Alpine Watchdog
Altar of the Brood
Altar's Light
Altar's Reap
Amaranthine Wall
Amateur Auteur
Amateur Hero
Ambassador Laquatus
Ambassador Oak
Ambition's Cost
Ambrosia Whiteheart
Ambush Krotiq
Ambush Viper
Amphin Cutthroat
Amugaba
An-Havva Township
Anaba Shaman
Ancestral Recall
Ancestral Reminiscence
Ancestral Statue
Anchor to the Aether
Anchovy & Banana Pizza
Ancient Brontodon
Ancient Carp
Ancient Crab
Ancient Craving
Ancient Den
Ancient Spring
Angel of Despair
Angel of Flight Alabaster
Angel of Light
Angel of Mercy
Angel of the God-Pharaoh
Angel's Mercy
Angelfire Crusader
Angelheart Protector
Angelic Blessing
Angelic Edict
Angelic Page
Angelic Shield
Angelic Wall
Angler Drake
Anguished Unmaking
Animal Sanctuary
Ankle Biter
Annul
Anodet Lurker
Anointed Chorister
Anointer of Champions
Ant Queen
Ant-Man, Scott Lang
Antagonize
Anthem of Champions
Anticipate
Appendage Amalgam
Appetite for the Unnatural
Araba Mothrider
Arachnoid
Aragorn, the Uniter
Arahbo, the First Fang
Arashin Cleric
Arasta of the Endless Web
Arbor Elf
Arborback Stomper
Arborea Pegasus
Arcane Encyclopedia
Arcane Sanctum
Arcanis the Omnipotent
Archaeological Dig
Archaeomancer
Archaeomender
Archangel
Archers of Qarsi
Archers' Parapet
Archivist
Archon of Justice
Archweaver
Arctic Flats
Arctic Treeline
Ardent Elementalist
Ardent Militia
Arenson's Aura
Argivian Archaeologist
Argivian Find
Argivian Restoration
Argothian Enchantress
Argothian Swine
Ark of Blight
Armor of Shadows
Armored Cancrix
Armored Griffin
Armored Pegasus
Armored Skaab
Armored Warhorse
Armored Whirl Turtle
Armored Wolf-Rider
Armorer Guildmage
Armory Paladin
Arms Dealer
Army Ants
Arrogant Vampire
Artifact Blast
Artifact Unknown Shores
Artillerize
Artisan's Sorrow
Arvad the Cursed
Ascendant Evincar
Ascended Lawmage
Asgardian Citadel
Ashcoat Bear
Ashen Powder
Ashen Rider
Ashiok's Reaper
Ashnod's Altar
Aspiring Aeronaut
Assault Drone
Assault Griffin
Assault Zeppelid
Atalan Jackal
Atlantean Cavalry
Atog
Atrocious Experiment
Attended Socialite
Attercop
Attrition
Atzocan Seer
Audacious Thief
Augmenting Automaton
Augury Owl
Aura Blast
Aura Extraction
Aura Fracture
Aura Shards
Auramancer
Auratog
Auriok Transfixer
Auroral Procession
Auspicious Arrival
Authority of the Consuls
Automatic Librarian
Avacyn's Pilgrim
Avacynian Priest
Avatar Enthusiasts
Aven Archer
Aven Battle Priest
Aven Cloudchaser
Aven Envoy
Aven Fleetwing
Aven Flock
Aven Fogbringer
Aven Reedstalker
Aven Sentry
Aven Skirmisher
Aven Trooper
Aven Wind Mage
Aven of Enduring Hope
Avengers Hangar
Aviary Mechanic
Aviation Pioneer
Awaken the Bear
Awakening Zone
Axebane Beast
Axebane Stag
Axegrinder Giant
Axgard Cavalry
Ayara, First of Locthwain
Aysen Abbey
Azorius Chancery
Azorius Cluestone
Azorius Guildgate
Azorius Signet
Azure Drake
Azure Mage
Azusa, Lost but Seeking
Bad River
Badlands
Bake into a Pie
Balduvian Barbarians
Balduvian Bears
Baleful Strix
Balloon Peddler
Ballroom
Baloth Woodcrasher
Balshan Collaborator
Balshan Griffin
Bane Alley Blackguard
Banehound
Banishing Betrayal
Banishment Decree
Bant Battlemage
Bant Panorama
Bant Sojourners
Barbarian Horde
Barbarian Lunatic
Barbarian Riftcutter
Barbary Apes
Barbtooth Wurm
Bargain
Barkhide Mauler
Barktooth Warbeard
Baron, Airship Kingdom
Barony Vampire
Barrage Ogre
Barrage of Expendables
Barren Moor
Barrier of Bones
Bartizan Bats
Bartolomé del Presidio
Basal Thrull
Basilica Bell-Haunt
Basilica Skullbomb
Bassara Tower Archer
Bastion Enforcer
Bastion Mastodon
Bastion of Remembrance
Bathe in Dragonfire
Batterhorn
Battle Rampart
Battle-Rage Blessing
Battleflight Eagle
Battlefly Swarm
Battlegrowth
Battlewand Oak
Battlewise Valor
Bay Falcon
Bayou
Beacon Hawk
Beaming Defiance
Beamsaw Prospector
Bear Cub
Bear Trap
Bear's Companion
Beast Whisperer
Beast in Show
Beast-Kin Ranger
Bedevil
Bee Sting
Beetleback Chief
Belligerent Guest
Bellowing Crier
Bellows Lizard
Benalish Heralds
Benalish Marshal
Benalish Trapper
Benalish Veteran
Beneath the Sands
Benthic Giant
Beskir Shieldmate
Bestow Greatness
Bigfin Bouncer
Bilbo's Deadly Slice
Bile Urchin
Billiard Room
Binding Mummy
Biomechan Engineer
Biotech Specialist
Bird Maiden
Birds of Paradise
Birnin Zana Plaza
Bishop of Wings
Bishop's Soldier
Bitterbloom Bearer
Bitterbow Sharpshooters
Black Lotus
Black Waltz No. 3
Black Widow, Natasha Romanoff
Blacklance Paragon
Blade of the Sixth Pride
Bladebrand
Bladed Sentinel
Bladestitched Skaab
Blanchwood Treefolk
Blasted Landscape
Blaster Mage
Blazing Crescendo
Blazing Hellhound
Blessed Light
Blessed Orator
Blessed Spirits
Blight Keeper
Blighted Cataract
Blighted Fen
Blighted Gorge
Blighted Shaman
Blind Phantasm
Blinding Mage
Blinking Spirit
Blinkmoth Well
Blistering Barrier
Blisterpod
Blisterstick Shaman
Blitzball Shot
Blood Artist
Blood Bairn
Blood Divination
Blood Glutton
Blood Host
Blood Pact
Blood Pet
Blood Price
Blood Rites
Blood Servitor
Blood Vassal
Bloodbriar
Bloodfell Caves
Bloodfire Expert
Bloodfire Mentor
Bloodflow Connoisseur
Bloodgift Demon
Bloodhunter Bat
Bloodlust Inciter
Bloodpyre Elemental
Bloodrage Brawler
Bloodrite Invoker
Bloodstone Cameo
Bloodthrone Vampire
Blooming Stinger
Blor the Impervious
Blossom Dryad
Blossoming Defense
Blossoming Sands
Boa Constrictor
Boar-q-pine
Bog Imp
Bog Initiate
Bog Witch
Bog Wreckage
Bogardan Firefiend
Bogardan Rager
Boggart Cursecrafter
Bogstomper
Bogwater Lumaret
Boiling Rock Prison
Bojuka Brigand
Bold Impaler
Bolt of Keranos
Boltwave
Boltwing Marauder
Bombard
Bond Beetle
Bonded Fetch
Bone Splinters
Bone to Ash
Bonebreaker Giant
Bonecaller Cleric
Boomerang
Boomerang, Blade Flinger
Boon of the Wish-Giver
Border Guard
Border Patrol
Borderland Marauder
Borderland Minotaur
Boreal Druid
Boreal Shelf
Boris Devilboon
Boros Cluestone
Boros Garrison
Boros Guildgate
Boros Signet
Botanical Plaza
Bottle Gnomes
Boulderborn Dragon
Bounce Off
Bounding Wolf
Bountiful Landscape
Bounty Agent
Braids, Cabal Minion
Braidwood Cup
Bramble Creeper
Bramblecrush
Brambleweft Behemoth
Brass Secretary
Brave-Kin Duo
Brazen Freebooter
Brazen Scourge
Brazen Wolves
Breaching Hippocamp
Break Asunder
Breakneck Berserker
Breath of Fire
Breath of Life
Breath of Malfegor
Breathstealer
Briarknit Kami
Briarpack Alpha
Bright Reprisal
Brilliant Plan
Brimstone Dragon
Brindle Boar
Brindle Shoat
Brine Shaman
Bristling Backwoods
Broadside Barrage
Bronze Sable
Bronze Walrus
Bronzebeak Moa
Brood Monitor
Brood Weaver
Broodheart Engine
Broodhunter Wurm
Broodmate Dragon
Brotherhood Patriarch
Brushstrider
Brute Force
Brute Strength
Bull Cerodon
Bull Rush
Bulwark Giant
Bumbleflower's Sharepot
Burglar Rat
Buried Ruin
Burlfist Oak
Burning Fields
Burning Prophet
Burning-Yard Trainer
Burrenton Shield-Bearers
Burrog Banemaker
Burrowing Razormaw
Burst of Energy
Butcher of Malakir
Buzz Bots
Byway Courier
Cabal Archon
Cabal Evangel
Cache Raiders
Cackling Fiend
Cackling Imp
Cadaver Imp
Caelorna, Coral Tyrant
Call of the Conclave
Call the Cavalry
Call the Scions
Call to Mind
Call to the Feast
Caller of Gales
Canal Monitor
Cancel
Candy Trail
Canoptek Spyder
Canopy Baloth
Canopy Gorger
Canopy Spider
Canopy Tactician
Canyon Minotaur
Canyon Slough
Capashen Templar
Capashen Unicorn
Capital City
Capital Guard
Captain Lannery Storm
Captain Storm, Cosmium Raider
Captain of Umbar
Captain's Call
Captain's Defense
Captivating Cave
Captivating Unicorn
Captive Flame
Caravan Hurda
Careless Celebrant
Carnage Altar
Carnivorous Moss-Beast
Carnivorous Plant
Carrier Thrall
Carrion Ants
Carrion Crow
Carrion Feeder
Carrion Screecher
Cartographer
Carven Caryatid
Cast Down
Castle Sengir
Cat Oven
Catacomb Crocodile
Catacomb Sifter
Catacomb Slug
Catalog
Catalyst Elemental
Cathar Commando
Cathar's Companion
Cathartic Adept
Cathedral Sanctifier
Cauldron Familiar
Caustic Caterpillar
Caustic Rain
Cave of Temptation
Cavern Thoctar
Celebrity Fencer
Celestial Prism
Celestial Purge
Centaur Courser
Centaur Glade
Centaur Healer
Centaur Nurturer
Centaur's Herald
Cephalid Scout
Cerodon Yearling
Ceta Disciple
Cha'DIch Investigator
Champion of Arashin
Champion of the Parish
Champion of the Perished
Chandler
Chapel Geist
Chaplain's Blessing
Charcoal Diamond
Chardalyn Dragon
Charge Through
Charging Badger
Charging Bandits
Charging Griffin
Charging Monstrosaur
Charging Paladin
Charging Strifeknight
Charity Extractor
Chase Inspiration
Chasm Drake
Checkpoint Officer
Chief of the Foundry
Child of Night
Child of Thorns
Chill to the Bone
Chimney Rabble
Chromatic Star
Chrome Cat
Chrome Prowler
Chronomaton
Cinder Barrens
Cinder Hellion
Cinder Storm
Cirith Ungol Patrol
Citanul Druid
Citywatch Sphinx
Civic Gardener
Civic Guildmage
Clarion Cathars
Clattering Augur
Clay Revenant
Cleansing Screech
Clear
Clever Impersonator
Clickslither
Cliffhaven Sell-Sword
Clinquant Skymage
Cloak of Feathers
Cloaked Siren
Clockwork Drawbridge
Clockwork Percussionist
Cloistered Telepath
Clone
Cloud Manta
Cloudblazer
Cloudchaser Eagle
Cloudcrown Oak
Cloudheath Drake
Cloudkin Seer
Cloudreader Sphinx
Cloudshift
Coal Golem
Coastal Drake
Coastal Hornclaw
Coastal Peak
Coastal Tower
Coat with Venom
Cobalt Golem
Cobblebrute
Codex Shredder
Coeurl
Cogwork Archivist
Cogworker's Puzzleknot
Cold Case Cracker
Cold-Water Snapper
Collateral Damage
Collective Blessing
Collector's Vault
Colorful Feiyi Sparrow
Colossadactyl
Colossal Dreadmaw
Colossal Dreadmaw and Storm Crow
Colossal Might
Colossapede
Colossodon Yearling
Command the Storm
Commercial District
Common Crook
Compelling Argument
Composite Golem
Compulsion
Concentrate
Concentrated Fire
Conclave Cavalier
Conclave Naturalists
Concordia Pegasus
Conduit Pylons
Confidence from Strength
Conifer Strider
Conscripted Infantry
Conservatory
Consider
Consulate Skygate
Contaminated Aquifer
Contaminated Landscape
Contemplation
Contingency Plan
Contraband Kingpin
Contract Killing
Contradict
Copper Host Crusher
Copper Myr
Copper Tablet
Copy Artifact
Copy Enchantment
Copy Land
Coral Commando
Coral Eel
Coral Merfolk
Corpse Blockade
Corpse Knight
Corpsehatch
Corridor Monitor
Corroding Dragonstorm
Corrupt Eunuchs
Corrupted Conviction
Corsair Captain
Cosmium Blast
Costly Plunder
Council of Advisors
Counsel of the Soratami
Counterspell
Courier Griffin
Courier Hawk
Courier's Briefcase
Courier's Capsule
Court Street Denizen
Cowl Prowler
Crack Open
Crackling Cyclops
Crackling Triton
Cradle of the Accursed
Crash of Rhinos
Crash the Ramparts
Craterize
Craven Giant
Craven Knight
Craw Wurm
Crazed Skirge
Creeping Mold
Cremate
Crenellated Wall
Creosote Heath
Crested Herdcaller
Crimson Kobolds
Crimson Mage
Crimson Manticore
Crimson Operative
Crooked Custodian
Crookshank Kobolds
Crop Rotation
Crosis's Attendant
Crossbow Infantry
Crossroads Watcher
Crow of Dark Tidings
Crowd Favorites
Cruel Celebrant
Cruel Edict
Cruel Truths
Cruel Witness
Crumbling Necropolis
Crush
Crustacean Commando
Crypt Creeper
Crypt Ripper
Crypt of the Eternals
Cryptic Annelid
Crystacean
Crystal Ball
Crystal Grotto
Crystal Quarry
Crystal Vein
Cumber Stone
Cunning Breezedancer
Cunning Maneuver
Cunning Sparkmage
Curate
Curio Vendor
Curious Killbot
Cursebreak
Cursed Ronin
Custodian of the Trove
Cyclopean Mummy
Cyclopean Snare
Cyclops of One-Eyed Pass
Cylian Elf
D'Avenant Archer
Daggerback Basilisk
Daggerclaw Imp
Daggerdrome Imp
Daily Bugle Newspaper
Dakmor Bat
Dakmor Ghoul
Dakmor Lancer
Dakmor Scorpion
Dampening Pulse
Dancing Scimitar
Darigaaz's Attendant
Daring Demolition
Daring Mechanic
Daring Thunder-Thief
Dark Betrayal
Dark Deed
Dark Heart of the Wood
Dark Nourishment
Dark Offering
Dark Prophecy
Dark Remedy
Dark Revenant
Darklit Gargoyle
Darkmoss Bridge
Darkslick Drake
Darksteel Citadel
Darksteel Gargoyle
Darksteel Ingot
Darksteel Myr
Darksteel Pendant
Darksteel Relic
Darksteel Sentinel
Darkwater Catacombs
Darting Merfolk
Dauntless Aven
Dauntless Survivor
Dawn Gryff
Dawn's Light Archer
Dawnhart Disciple
Dawnhart Geist
Dawnhart Rejuvenator
Dawning Angel
Dawnstrike Paladin
Dawntreader Elk
Day of Destiny
Daybreak Chaplain
Daybreak Charger
Daybreak Combatants
Daysquad Marshal
Dazzling Angel
Dazzling Ramparts
Deadapult
Deadeye Duelist
Deadly Derision
Deadly Dispute
Deadly Insect
Deadly Recluse
Deadly Visit
Death Cultist
Death-Hood Cobra
Deathbloom Gardener
Deathbloom Thallid
Deathgaze Cockatrice
Deathgreeter
Deathgrip
Deathless Angel
Deathmark
Deathsprout
Deceptive Landscape
Dedicated Martyr
Deduce
Deem Worthy
Deeproot Champion
Deeproot Elite
Deeproot Waters
Deepwood Drummer
Defense Force Aggressor
Defiant Elf
Defiant Khenra
Defiant Salvager
Defiant Strike
Deliberate
Delighted Killbot
Demolish
Demon's Due
Demonic Gifts
Demonic Taskmaster
Demonic Tutor
Demystify
Deny Entry
Depths of Desire
Deputy of Acquittals
Deranged Outcast
Desecration Plague
Desert Cerodon
Desert Drake
Desert Twister
Desert of the Fervent
Desert of the Glorified
Desert of the Indomitable
Desert of the Mindful
Desert of the True
Deserted Temple
Desolate Lighthouse
Desolate Mire
Desolation Twin
Desperate Bloodseeker
Desperate Lunge
Despondent Killbot
Destructive Digger
Destructor Dragon
Devilthorn Fox
Devkarin Dissident
Devoted Hero
Devoted Retainer
Devotee of Strength
Devouring Swarm
Devout Decree
Devout Monk
Devout Witness
Diabolic Edict
Diabolic Intent
Diabolic Tutor
Diamond Kaleidoscope
Dictate of Erebos
Dictate of Heliod
Dimension X
Dimir Aqueduct
Dimir Cluestone
Dimir Guildgate
Dimir Informant
Dimir Signet
Dining Room
Dire Fleet Hoarder
Dire Fleet Neckbreaker
Dire Fleet Poisoner
Direct Hit
Diregraf Ghoul
Diresight
Disciple of the Vault
Discordant Piper
Disempower
Disenchant
Disentomb
Dismal Backwater
Dismiss
Dismissive Pyromancer
Dispel
Dispeller's Capsule
Dispersal Technician
Disperse
Disposal Mummy
Disruptor Pistol
Disruptor Wanderglyph
Dissenter's Deliverance
Distract
Dive Bomber
Dive Down
Divination
Divine Arrow
Divine Verdict
Diving Griffin
Djinn of the Lamp
Dockside Chef
Dogged Hunter
Donatello, Way with Machines
Doom Blade
Doom's Servo-Guards
Doomed Dissenter
Doomed Necromancer
Doomed Traveler
Dori, Bearer of Friends
Dosan's Oldest Chant
Douse
Douse in Gloom
Douser of Lights
Dowsing Shaman
Draconic Disciple
Drag Under
Dragon Bell Monk
Dragon Blood
Dragon Egg
Dragon Engine
Dragon Fodder
Dragon Hatchling
Dragon Moose
Dragon Roost
Dragon Sniper
Dragon Trainer
Dragon's Presence
Dragonborn Looter
Dragonlair Spider
Dragoon's Wyvern
Drake-Skull Cameo
Drakewing Krasis
Dramatic Rescue
Drana's Emissary
Drannith Healer
Drannith Stinger
Dread Drone
Dread Reaper
Dread Shade
Dread of Night
Dreadbore
Dreadwing
Dreadwurm
Dream Beavers
Dream Stalker
Dreamstone Hedron
Dredge
Dreg Reaver
Dreg Recycler
Drifting Meadow
Drifting Shade
Drogskol Cavalry
Dromar's Attendant
Dromoka Warrior
Dross Crocodile
Dross Hopper
Dross Ripper
Dross Scorpion
Dross Skullbomb
Drossforge Bridge
Drown in Shapelessness
Drowned Rusalka
Drowned Secrets
Drownyard Explorers
Drownyard Lurker
Drownyard Temple
Druid Lyrist
Druid of the Anima
Druid of the Cowl
Drunau Corpse Trawler
Dryad Arbor
Dukhara Peafowl
Dune Beetle
Dunes of the Dead
Dungeon Shade
Durable Coilbug
Durkwood Boars
Dusk Imp
Dusk Legion Zealot
Duskdale Wurm
Duskmantle, House of Shadow
Dust Bowl
Dutiful Servants
Dwarven Castle Guard
Dwarven Demolition Team
Dwarven Miner
Dwarven Ruins
Dwarven Trader
Déjà Vu
Eager Cadet
Eager Glyphmage
Eager Trufflesnout
Eagle of the Watch
Earth Elemental
Earth Kingdom Protectors
Earth Surge
Earthblighter
Earthshaking Si
East Wind Avatar
Eastern Paladin
Eat to Extinction
Ebon Stronghold
Ebony Rhino
Ebony Treefolk
Eel-Hounds
Efficient Construction
Eidolon of Blossoms
Eidolon of Philosophy
Elas il-Kor, Sadistic Pilgrim
Elder Auntie
Elderfang Disciple
Elderfang Ritualist
Elderleaf Mentor
Eldrazi Devastator
Eldrazi Repurposer
Eldrazi Skyspawner
Electric Eel
Electrify
Electrostatic Field
Electrostatic Infantry
Elegant Entourage
Elegant Parlor
Elementalist Adept
Elesh Norn, Grand Cenobite
Elf Replica
Elfhame Palace
Elfhame Wurm
Elfsworn Giant
Elgaud Inquisitor
Elite Archers
Elite Arrester
Elite Guardmage
Elite Instructor
Elite Vanguard
Elixir of Vitality
Elturgard Ranger
Elven Cache
Elven Fortress
Elven Lyre
Elven Palisade
Elvish Doomsayer
Elvish Herder
Elvish Lookout
Elvish Lyrist
Elvish Mystic
Elvish Ranger
Elvish Regrower
Elvish Scrapper
Elvish Vanguard
Elvish Visionary
Elvish Warrior
Emancipation Angel
Ember Hauler
Ember Shot
Ember-Eye Wolf
Embodiment of Spring
Embraal Gear-Smasher
Embrace Oblivion
Emerge from the Cocoon
Emergency Medical Hologram
Emergency Weld
Emeria Angel
Emmessi Tome
Emrakul's Hatcher
Emrakul's Messenger
Enatu Golem
Enchanted Prairie
Enchantress's Presence
Encroaching Wastes
Endless Cockroaches
Energizer
Energy Refractor
Enforcer Griffin
Engine Rat
Engulfing Eruption
Enhanced Awareness
Enlightened Ascetic
Enlightened Maniac
Enormous Baloth
Enraged Killbot
Entomb
Envelop
Envoy of Okinec Ahau
Ephemeron
Epitaph Golem
Erase
Erdwal Ripper
Erebor Flamesmith
Eroded Canyon
Erratic Visionary
Ertai, Wizard Adept
Ertai, the Corrupted
Erudite Wizard
Escape Routes
Esper Cormorants
Esper Panorama
Esperzoa
Essence Drain
Essence Extraction
Essence Feed
Essence Scatter
Essence Warden
Etched Familiar
Eternal Witness
Etherium Astrolabe
Eumidian Terrabotanist
Eviscerate
Evolving Wilds
Excavated Wall
Excavation Mole
Exclude
Exclusion Mage
Excommunicate
Executioner's Capsule
Exiled Boggart
Exocomp
Exorcist
Expedite
Expedition Envoy
Expendable Troops
Experimental Aviator
Exploration
Explosive Apparatus
Explosive Impact
Explosive Shot
Expose to Daylight
Extinguish
Exultant Cultist
Exultant Skymarcher
Eye of Nowhere
Eye of Ramos
Eyeblight Cullers
Eyeless Watcher
Facet Reader
Facevaulter
Fade from Memory
Fade into Antiquity
Faerie Formation
Faerie Invaders
Faerie Seer
Faerie Vandal
Failed Inspection
Faithbearer Paladin
Faithful Watchdog
Fake Your Own Death
Falkenrath Marauders
Falkenrath Noble
Falkenrath Reaver
Fall of the Gavel
Fallen Angel
Fallow Earth
False Defeat
False Mourning
False Summoning
Fan Bearer
Fanatical Fever
Fanatical Firebrand
Fanatical Strength
Fang Guardian
Fang of Shigeki
Fangren Hunter
Fangren Marauder
Farseek
Fate Forgotten
Fate Unraveler
Fateful Discovery
Fateful End
Fathom Fleet Firebrand
Fear of Lost Teeth
Fear of Surveillance
Fearless Fledgling
Fearless Halberdier
Feed the Serpent
Feiyi Snake
Felhide Minotaur
Felidar Cub
Felidar Guardian
Fell
Femeref Enchantress
Femeref Scouts
Fencer Clique
Feral Abomination
Feral Ferocity
Feral Krushok
Feral Maaka
Feral Prowler
Feral Ridgewolf
Feral Roar
Feral Shadow
Ferocious Charge
Ferocious Pup
Ferocious Zheng
Ferrous Lake
Ferrovore
Festering Gulch
Festering Thicket
Festival Crasher
Fetid Horror
Fetid Imp
Fetid Pools
Field Creeper
Field of Souls
Fields of Strife
Fierce Witchstalker
Fiery Conclusion
Fiery Finish
Fiery Hellhound
Fighting Drake
Filigree Crawler
Filigree Familiar
Filigree Sages
Final Death
Final Flare
Final Reward
Final Vengeance
Finishing Blow
Fire Ambush
Fire Diamond
Fire Elemental
Fire Imp
Fire Nation Ambushers
Fire Nation Archers
Fire Nation Soldier
Fire Nation's Conquest
Fire Snake
Fire Sprites
Fire Urchin
Fire-Omen Crane
Firebrand Archer
Firefly
Fireforger's Puzzleknot
Firehoof Cavalry
Firescreamer
Firespitter Whelp
Firewing Phoenix
Fisk Tower
Fists of the Anvil
Flame Lash
Flame Slash
Flame Spirit
Flameborn Viron
Flamecast Wheel
Flamekin Brawler
Flamekin Gildweaver
Flamekin Spitfire
Flametongue Kavu
Flash Counter
Flashfreeze
Flayed One
Fledgling Djinn
Fledgling Griffin
Fledgling Imp
Fleetfoot Dancer
Fleetfoot Panther
Fleeting Image
Fleeting Memories
Flesh Burrower
Fleshtaker
Flick a Coin
Flood Plain
Floodhound
Flourishing Fox
Flowstone Channeler
Flowstone Charger
Flowstone Crusher
Flowstone Giant
Flowstone Hellion
Flowstone Infusion
Flowstone Mauler
Flowstone Overseer
Flowstone Shambler
Flowstone Strike
Flowstone Surge
Flowstone Thopter
Flowstone Wall
Flowstone Wyvern
Flurry of Horns
Flying Carpet
Flying Dolphin-Fish
Flying Men
Fodder Cannon
Foggy Bottom Swamp
Folk of the Pines
Fomori Nomad
Font of Fertility
Font of Fortunes
Font of Vigor
Foot Headquarters
Foot Soldiers
Foratog
Force of Savagery
Forced Fruition
Forced Retreat
Foreboding Landscape
Forecasting Fortune Teller
Foresee
Forest
Forest Bear
Forgeborn Oreads
Forgotten Cave
Forgotten Sentinel
Forlorn Flats
Forsake the Worldly
Forsaken Drifters
Forsaken Sanctuary
Fortified Rampart
Fortifying Provisions
Fortress Crab
Forum of Amity
Foul Imp
Foul Orchard
Foundry Street Denizen
Foundry of the Consuls
Fountain of Renewal
Fountain of Youth
Fracture
Fractured Sanity
Frazzle
Frenzied Devils
Frenzied Raptor
Frenzied Tilling
Fresh Volunteers
Fretwork Colony
Friendly Ghost
Friendly Teddy
Frog Butler
Frog-Squirrels
Frontier Bivouac
Frontier Guide
Frost Marsh
Frost Ogre
Frostbridge Guard
Frostling
Frozen Aether
Frozen Shade
Fugitive Wizard
Funeral Rites
Furnace Spirit
Furnace Whelp
Furtive Analyst
Fusion Elemental
Futurist Forge
Fyndhorn Brownie
Fyndhorn Elder
Fyndhorn Elves
Gaea's Anthem
Gaea's Skyfolk
Gainsay
Galactic Wayfarer
Galadhrim Guide
Gale Swooper
Galewind Moose
Gallant Cavalry
Gallantry
Galvanic Key
Gargoyle Castle
Garrison Cat
Garrison Griffin
Garruk's Companion
Garruk's Gorehorn
Gates of Istfell
Gavony Trapper
Gavony Unhallowed
Geist Snatch
Geist of the Archives
Geist of the Moors
Generous Stray
Generous Visitor
Genghis Frog
Geothermal Bog
Geothermal Crevice
Gerrard's Irregulars
Get the Point
Geth's Verdict
Geyser Glider
Ghen, Arcanum Weaver
Ghirapur Gearcrafter
Ghirapur Osprey
Ghitu War Cry
Ghost Warden
Ghostly Sentinel
Ghostly Visit
Giant Caterpillar
Giant Cockroach
Giant Crab
Giant Fly
Giant Growth
Giant Mantis
Giant Octopus
Giant Scorpion
Giant Spider
Giant Warthog
Giant's Boulder
Gibbering Barricade
Gideon's Lawkeeper
Gideon's Reproach
Gift of Strength
Gifted Aetherborn
Gigantosaurus
Gilacorn
Gild
Gilded Goose
Gilded Lotus
Gilded Sentinel
Gin'tak Charge
Give In to Violence
Glacial Floodplain
Glacial Wall
Gladecover Scout
Gladiolus Amicitia
Glare of Heresy
Glass Golem
Glaze Fiend
Gleaming Barrier
Gleaming Geardrake
Glidedive Duo
Glider Kids
Glimmerburst
Glimmering Angel
Glimpse the Unthinkable
Glint
Glintwing Invoker
Glittering Massif
Glittermonger
Gloom Pangolin
Gloomhunter
Glorious Anthem
Glory Seeker
Glowing Anemone
Gluttonous Guest
Gnarled Mass
Gnathosaur
Gnawing Zombie
Gnottvold Recluse
Gnottvold Slumbermound
Go for the Throat
Go-Shintai of Life's Origin
Gobbling Ooze
Gobland
Goblin Arsonist
Goblin Assailant
Goblin Assault Team
Goblin Balloon Brigade
Goblin Bombardment
Goblin Bruiser
Goblin Bully
Goblin Cavaliers
Goblin Chariot
Goblin Commando
Goblin Deathraiders
Goblin Digging Team
Goblin Firebomb
Goblin Gang Leader
Goblin Gardener
Goblin Glider
Goblin Grenade
Goblin Hero
Goblin Instigator
Goblin Masons
Goblin Motivator
Goblin Oriflamme
Goblin Picker
Goblin Piker
Goblin Raider
Goblin Rally
Goblin Replica
Goblin Roughrider
Goblin Settler
Goblin Sky Raider
Goblin Sledder
Goblin Trenches
God-Pharaoh's Faithful
Gods' Eye, Gate to the Reikai
Godsire
Gohn, Town of Ruin
Gold Myr
Gold-Forged Sentinel
Golden Bear
Golden Egg
Golden Hind
Golden-Tail Disciple
Goldmeadow Harrier
Goldmeadow Lookout
Goldmire Bridge
Golgari Cluestone
Golgari Death Swarm
Golgari Findbroker
Golgari Germination
Golgari Guildgate
Golgari Rot Farm
Golgari Rotwurm
Golgari Signet
Goliath Beetle
Goliath Sphinx
Goliath Spider
Gone Missing
Gongaga, Reactor Town
Goobbue Gardener
Gore Swine
Gorilla Warrior
Gorn Captain
Graceful Cat
Graf Mole
Granite Gargoyle
Grappler Spider
Grappling Sundew
Grasping Longneck
Grasslands
Gravedigger
Gravel-Hide Goblin
Gravewaker
Gravkill
Gray Ogre
Graypelt Hunter
Graypelt Refuge
Grazing Gladehart
Grazing Whiptail
Great Forest Druid
Great Furnace
Great Hart
Great-Horn Krushok
Greater Basilisk
Greater Forgeling
Greedy Freebooter
Greenside Watcher
Greenweaver Druid
Greenwood Sentinel
Grendel, Spawn of Knull
Greta, Sweettooth Scourge
Grey Havens Navigator
Griffin Dreamfinder
Griffin Protector
Griffin Sentinel
Grim Backwoods
Grim Bauble
Grim Bounty
Grim Guardian
Grim Tutor
Griptide
Grisly Ritual
Gristle Grinner
Grixis Panorama
Grixis Sojourners
Grizzled Leotau
Grizzled Outrider
Grizzly Bears
Grotesque Mutation
Groundskeeper
Grove Rumbler
Growth Spasm
Gruul Cluestone
Gruul Guildgate
Gruul Signet
Gruul Turf
Gryff Vanguard
Guadosalam, Farplane Gateway
Guarded Heir
Guardian Automaton
Guardian Kirin
Guardian Lions
Guardian of Cloverdell
Guardian of Pilgrims
Guardian of Solitude
Guardian of the Halls
Guardians of Meletis
Guildless Commons
Gumato
Gundabad Opportunist
Gust-Skimmer
Gutless Ghoul
Gutter Skulk
Guttersnipe
Guul Draz Mucklord
Gyre Engineer
HYDRA Assault Robot
Haazda Exonerator
Haazda Officer
Hada Freeblade
Hag of Dark Duress
Hag of Death's Legion
Hag of Syphoned Breath
Hag of Twisted Visions
Hagra Crocodile
Hall
Hall of Heliod's Generosity
Hallowed Ground
Halt Order
Hamato Guardian Stance
Hammerhead, Maggia Boss
Hana Kami
Hand of Death
Hand of Silumgar
Hanna, Ship's Navigator
Hapless Researcher
Happy Hogan, Dauntless Driver
Hard Evidence
Hardened Escort
Hardened Tactician
Harmattan Efreet
Harmonize
Harnessed Snubhorn
Harrier Griffin
Harrier Naga
Harrier Strix
Harrowing Journey
Haru-Onna
Harvester of Souls
Hatching Plans
Hate Weaver
Haunted Crossroads
Haunted Mire
Haunter of Nightveil
Havengul Skaab
Havengul Vampire
Havenwood Battleground
Havenwood Wurm
Havoc
Havoc Devils
Havoc Jester
Hawkeater Moth
Hawkeye, Clint Barton
Haywire Mite
He's Dead, Jim
Headless Horseman
Headless Rider
Headwater Sentries
Healer of the Glade
Healer of the Pride
Healer's Flock
Healer's Hawk
Healing Hands
Heap Doll
Heart Warden
Heart of Ramos
Heartfire
Heavenly Qilin
Heavy Ballista
Heavy Infantry
Hecteyes
Hedge Maze
Hedron Archive
Hedron Crab
Hedron Crawler
Hedron Rover
Hedron Scrabbler
Helionaut
Hell's Kitchen
Hellkite Punisher
Helpful Hunter
Hematite Golem
Henge Guardian
Henge of Ramos
Herald of Faith
Herald of the Fair
Herd Gnarr
Hermitic Nautilus
Hero's Demise
Hero's Downfall
Heroes' Reunion
Hexplate Golem
Hidden Grotto
Hieroglyphic Illumination
Hierophant's Chalice
High Market
Highborn Vampire
Highland Forest
Highland Game
Highland Giant
Highland Lake
Highland Weald
Highspire Mantis
Highway Robber
Hill Giant
Hill Giant Herdgorger
Hinterland Sanctifier
Hippo-Cows
Hired Blade
Hired Poisoner
Hisoka's Defiance
Hitchclaw Recluse
Hithlain Knots
Hive Stirrings
Hoar Shade
Hoard Robber
Hobblefiend
Hollow Dogs
Hollowhenge Beast
Holy Cow
Homarid Explorer
Homarid Shaman
Honey Mammoth
Honor
Honor Guard
Honor of the Pure
Honored Heirloom
Honored Knight-Captain
Hoodwink
Hoof Skulkin
Hop to It
Hopping Automaton
Hordeling Outburst
Horizon Chimera
Horizon Scholar
Horn of Ramos
Horned Kavu
Horned Turtle
Hornet Queen
Hornet Sting
Hornswoggle
Horrid Vigor
Horror of the Dim
Hostile Minotaur
Hotfoot Gnome
Hour of Defeat
Hover Barrier
Hovermyr
Howling Fury
Howling Giant
Huatli's Snubhorn
Hulk, Bruce Banner
Hulking Bugbear
Hulking Cyclops
Hulking Devil
Hulking Goblin
Hulking Ogre
Hullcarver
Humble Budoka
Humongulus
Hundroog
Hungry Ghoul
Hungry Megasloth
Hungry Spriggan
Hunted Witness
Hunting Drake
Hurler Cyclops
Hurloon Minotaur
Hussar Patrol
Hyalopterous Lemure
Hyena Pack
Hymn of Rebirth
Hyrax Tower Scout
Icatian Crier
Icatian Priest
Icatian Town
Ice Storm
Ice Tunnel
Iceberg Cancrix
Icecave Crasher
Iceridge Serpent
Icewind Elemental
Icy Manipulator
Idyllic Beachfront
Igneous Cur
Igneous Golem
Iguana Parrot
Il Mheg Pixie
Illegitimate Business
Illness in the Ranks
Illusory Demon
Illvoi Galeblade
Imaginary Friends
Immolating Glare
Immortal Phoenix
Impact Tremors
Impale
Impassioned Orator
Impeccable Timing
Imperial Aerosaur
Imperial Oath
Imperial Outrider
Imperious Inkmage
Implement of Examination
Implement of Ferocity
Implement of Improvement
Implements of Sacrifice
Implode
Impolite Entrance
Imposing Sovereign
Imposing Vantasaur
Improbable Alliance
Improvised Club
Improvised Weaponry
Impulse
Incubator Drone
Incurable Ogre
Indatha Crystal
Indatha Triome
Indebted Samurai
Independent Troops
Indomitable Ancients
Indrik Stomphowler
Infantry Veteran
Infectious Horror
Infectious Host
Infernal Grasp
Infernal Idol
Infernal Tribute
Inferno Jet
Infestation Sage
Infuriate
Infuse with Vitality
Ingenious Skaab
Initiate's Companion
Inkrise Infiltrator
Inner-Chamber Guard
Inordinate Rage
Insatiable Harpy
Inside Source
Insight
Insomnia, Crown City
Inspiration
Inspired Insurgent
Inspiring Cleric
Inspiring Overseer
Inspiring Veteran
Instant Ramen
Into the North
Intrepid Provisioner
Intrepid Tenderfoot
Introduction to Prophecy
Intruding Soulrager
Invasion Reinforcements
Invasive Species
Invoke the Divine
Iona's Judgment
Irencrag Pyromancer
Iron Giant
Iron Man, Tony Stark
Iron Myr
Iron Tusk Elephant
Iron Will
Iron-Barb Hellion
Ironclad Krovod
Ironpaw Aspirant
Ironroot Treefolk
Ironshell Beetle
Ironwright's Cleansing
Irrigated Farmland
Irrigation Ditch
Isamaru, Hound of Konda
Island
Ithilien Kingfisher
Ivy Lane Denizen
Izzet Boilerworks
Izzet Chronarch
Izzet Cluestone
Izzet Guildgate
Izzet Signet
Jace's Erasure
Jace's Ingenuity
Jackalope Herd
Jacques le Vert
Jaddi Offshoot
Jade Avenger
Jade Bearer
Jade Guardian
Jade Mage
Jade-Cast Sentinel
Jadecraft Artisan
Jagged Barrens
Jagwasp Swarm
Jalum Tome
Jan Jansen, Chaos Crafter
Jandor's Saddlebags
Jarvis, Earth's Mightiest Butler
Jasmine Boreal
Jawbone Skulkin
Jaya's Firenado
Jaya's Greeting
Jayemdae Tome
Jedit Ojanen
Jedit's Dragoons
Jenara, Asura of War
Jerrard of the Closed Fist
Jeskai Banner
Jeskai Barricade
Jeskai Sage
Jeskai Shrinekeeper
Jeskai Student
Jeskai Windscout
Jetmir's Garden
Jewel Thief
Jewel-Eyed Cobra
Jhessian Lookout
Jhessian Thief
Jhovall Queen
Jhovall Rider
Jibbirik Omnivore
Johnny, Combo Player
Join the Ranks
Joraga Visionary
Joust Through
Joven
Judith, the Scourge Diva
Jumbo Cactuar
Jump
Jund Battlemage
Jund Panorama
Jund Sojourners
Jungle Barrier
Jungle Creeper
Jungle Delver
Jungle Hollow
Jungle Lion
Jungle Shrine
Jungle Weaver
Jungleborn Pioneer
Juniper Order Druid
Junktroller
Juzám Djinn
Jwar Isle Refuge
Jwari Scuttler
Kabira Crossroads
Kabuto Moth
Kaervek, the Spiteful
Kalakscion, Hunger Tyrant
Kalastria Healer
Kaleidostone
Kalonian Behemoth
Kalonian Tusker
Kamahl, Pit Fighter
Kambal, Consul of Allocation
Kami of Ancient Law
Kami of Old Stone
Kami of Tattered Shoji
Kami of the Hunt
Kapsho Kitefins
Karakas
Kargan Warleader
Kasimir the Lone Wolf
Kavu Climber
Kavu Glider
Kaysa
Kazandu Nectarpot
Kazandu Refuge
Keen Glidemaster
Keen-Eyed Archers
Keen-Eyed Raven
Keeneye Aven
Keening Apparition
Keeper of the Cadence
Keepers of the Faith
Keldon Necropolis
Kelinore Bat
Kemba's Skyguard
Kessig Flamebreather
Kessig Recluse
Ketria Crystal
Ketria Triome
Khalni Garden
Kher Keep
Kill Shot
Killer Bees
Killer Whale
Kiln Fiend
Kiln Walker
Kindercatch
Kindly Customer
King Cheetah
King Crab
King Suleiman
King of the Pride
Kingfisher
Kingpin's Enforcers
Kinjalli's Sunwing
Kinsbaile Skirmisher
Kiora's Follower
Kiri-Onna
Kismet
Kiss of Death
Kiss of the Amesha
Kitchen
Kitesail Scout
Kithkin Daggerdare
Kithkin Shielddare
Kitsune Dawnblade
Kitsune Diviner
Klingon Strike Force
Knight Errant
Knight Watch
Knight of Doves
Knight of New Benalia
Knight of the Keep
Knight of the New Coalition
Knight of the Tusk
Knightfisher
Knights of Dol Amroth
Knotvine Mystic
Knowledge Seeker
Knucklebone Witch
Koala-Sheep
Kobolds of Kher Keep
Kodama of the North Tree
Kolinahr Priest
Komodo Rhino
Konda, Lord of Eiganjo
Kongming, "Sleeping Dragon"
Kor Celebrant
Kor Entanglers
Kor Sky Climber
Kor Skyfisher
Koskun Keep
Kozilek's Channeler
Kozilek's Predator
Kraken Hatchling
Kranioceros
Krark-Clan Ironworks
Krark-Clan Stoker
Kraul Stinger
Kraul Warrior
Kraul Whipcracker
Kree Commandos
Krenko's Command
Kris Mage
Krosan Archer
Krosan Verge
Krovikan Scoundrel
Kruin Striker
Kujar Seedsculptor
Kuldotha Rebirth
Kykar, Wind's Fury
Kyoshi Village
Kyoshi Warrior Guard
Kyoshi Warriors
Kyren Glider
Laboratory Brute
Lace with Moonglove
Lady Caleria
Lady Orca
Lagac Lizard
Lampad of Death's Vigil
Lantern Kami
Lantern Spirit
Larger Than Life
Lash of Thorns
Last Caress
Last Kiss
Late to Dinner
Lathnu Sailback
Launch Mishap
Lava Flow
Lava Hounds
Lava Serpent
Lava Zombie
Lawbringer
Lawless Broker
Lay Waste
Lazotep Behemoth
Leaden Myr
Leaf Gilder
Leap
Leaping Lizard
Leaping Master
Leatherback Baloth
Leave in the Dust
Legion Extruder
Legion Guildmage
Leonin Elder
Leonin Skyhunter
Leonin Snarecaster
Leonin of the Lost Pride
Leopard-Spotted Jiao
Letter of Acceptance
Ley Druid
Leyline Prowler
Library
Library Larcenist
Lich's Caress
Lieutenant Kirtar
Lifecreed Duo
Lifeforce
Lifegift
Lifespring Druid
Lightbringer
Lightning Angel
Lightning Blast
Lightning Bolt
Lightning Elemental
Lightning Helix
Lightning Javelin
Lightning Stormkin
Lightning Strike
Lightning Visionary
Lightning-Core Excavator
Lightshell Duo
Lightshield Parry
Liliana's Mastery
Liliana's Specter
Limestone Golem
Living Lightning
Living Tempest
Lizard Warrior
Llanowar Cavalry
Llanowar Dead
Llanowar Elves
Llanowar Envoy
Llanowar Mentor
Llanowar Stalker
Llanowar Tribe
Llanowar Vanguard
Llanowar Visionary
Locke Cole
Locthwain Gargoyle
Lone Missionary
Lonely Arroyo
Lonely Sandbar
Looming Altisaur
Looming Hoverguard
Loporrit Scout
Loran's Escape
Loran, Disciple of History
Lorehold Campus
Lorescale Coatl
Los Diablos Missile Base
Lost Legion
Lothlórien Lookout
Lotus Guardian
Lotus Path Djinn
Lotus Petal
Lotus-Eye Mystics
Lotusguard Disciple
Lounge
Lowland Giant
Loxodon Convert
Loxodon Gatekeeper
Loxodon Line Breaker
Loxodon Mystic
Loxodon Wayfarer
Lucent Liminid
Lumberknot
Lumengrid Gargoyle
Lumengrid Sentinel
Lumengrid Warden
Luminous Angel
Lunatic Pandora
Lurching Rotbeast
Lurking Nightstalker
Lush Oasis
Lush Portico
Lys Alana Huntmaster
Lys Alana Informant
M.O.D.O.K., Evil Intellect
Maalfeld Twins
Machine Man, Model X-51
Machinesmith Automaton
Mad Prophet
Mad Ratter
Mage's Guile
Magic Pot
Magma Jet
Magma Rift
Magmaw
Magnifying Glass
Magnigoth Sentry
Magus of the Bridge
Mahamoti Djinn
Maja, Bretagard Protector
Makeshift Munitions
Makindi Aeronaut
Makindi Griffin
Makindi Ox
Makindi Shieldmate
Makindi Sliderunner
Malachite Golem
Malakir Cullblade
Malamet Brawler
Malcator's Watcher
Malevolent Awakening
Malevolent Chandelier
Malevolent Noble
Mammoth Spider
Man-o'-War
Mana Cylix
Mana Geode
Mana Prism
Manakin
Manalith
Mandible Justiciar
Mandroid Squadron
Maned Serval
Manglehorn
Manhole Cover
Manic Vandal
Manta Riders
Mantis Rider
Maraleaf Pixie
Marble Chalice
Marble Diamond
Mardu Banner
Mardu Hateblade
Maritime Guard
Marker Beetles
Markov Dreadknight
Markov Patrician
Martyr of Dusk
Mass Production
Mass of Ghouls
Massive Might
Master Decoy
Master of the Feast
Master's Call
Masterwork of Ingenuity
Mausoleum Guard
Maw of the Mire
Mawcor
Maze Skullbomb
Meandering River
Meditation Pools
Megatog
Memnite
Memorial to Folly
Memorial to Genius
Memorial to Glory
Memorial to War
Memory Drain
Memory Erosion
Meng Huo's Horde
Meng Huo, Barbarian King
Mental Discipline
Mental Note
Merchant of Many Hats
Merchant of Secrets
Merciless Enforcers
Merciless Resolve
Mercurial Geists
Merfolk Coralsmith
Merfolk Looter
Merfolk Mesmerist
Merfolk Traders
Merfolk of the Pearl Trident
Merrow Witsniper
Mesa Cavalier
Mesa Enchantress
Mesa Unicorn
Messenger Drake
Metallic Sliver
Metalspinner's Puzzleknot
Meteor Golem
Meteorite
Meticulous Archive
Meticulous Artisan
Midnight Assassin
Midnight Entourage
Midnight Haunting
Midnight Reaper
Might Weaver
Might of Oaks
Mightstone
Mighty Leap
Migrating Ketradon
Mikokoro, Center of the Sea
Millennial Gargoyle
Millstone
Minamo, School at Water's Edge
Mind Sculpt
Mind Stone
Mindeye Drake
Miner's Bane
Minotaur Abomination
Minotaur Skullcleaver
Minotaur Warrior
Mintstrosity
Mire Shade
Mire Triton
Mire in Misery
Mirkwood Spider
Mirran Spy
Mirror Image
Mischievous Mystic
Misshapen Fiend
Mist Leopard
Mist Raven
Mistfire Adept
Mistral Charger
Mistral Singer
Mistvault Bridge
Misty Palms Oasis
Mjölnir's Might
Mnemonic Wall
Moaning Spirit
Moaning Wall
Moat Piranhas
Mogg Fanatic
Mogg Raider
Mogg Sentry
Mold Adder
Molder Beast
Molder Slug
Moldering Karok
Moldervine Reclamation
Molten Frame
Molten Ravager
Molten Tributary
Moment of Defiance
Moment of Heroism
Moment of Triumph
Monastery Swiftspear
Monk Idealist
Monk Realist
Monoist Sentry
Mons's Goblin Raiders
Monstrous Growth
Moon Heron
Moon Sprite
Moonglove Extract
Moonglove Extractor
Moonglove Winnower
Moonlit Wake
Moonstone Eulogist
Moonwing Moth
Moopsy
Moorish Cavalry
Morcant's Loyalist
Morgue Thrull
Morgue Toad
Moriok Reaver
Moriok Replica
Moriok Rigger
Moriok Scavenger
Moroii
Mortal's Ardor
Mortal's Resolve
Mortician Beetle
Mortify
Mortiphobia
Mortus Strider
Moss Diamond
Moss Kami
Moss Monster
Moss Viper
Mossbeard Ancient
Mosscoat Goriak
Mossfire Valley
Mothrider Patrol
Mothrider Samurai
Mountain
Mountain Bandit
Mountain Valley
Mournful Zombie
Mox Emerald
Mox Jet
Mox Pearl
Mox Ruby
Mox Sapphire
Muck Rats
Mudbutton Torchrunner
Mugato
Mummy Paramount
Munitions Enthusiast
Murasa Brute
Murder
Murmuring Mystic
Murmuring Phantasm
Muse Drake
Muse's Encouragement
Mushroom Watchdogs
Mutant Town
Mutant Town Musicians
Mwonvuli Acid-Moss
Myr Scrapling
Myr Sire
Mystic Archaeologist
Mystic Denial
Mystic Monastery
Mystic Skyfish
Naga Eternal
Naga Oracle
Nantuko Disciple
Nantuko Elder
Nantuko Husk
Nantuko Shade
Nantuko Tracer
Narcissism
Narnam Cobra
Narrow Escape
Natural Connection
Natural End
Natural Spring
Naturalize
Nature's Lore
Nature's Spiral
Naya Battlemage
Naya Panorama
Naya Sojourners
Nebelgast Beguiler
Nebelgast Herald
Nebula Dragon
Neck Snap
Necrogen Mists
Necrogen Scudder
Necrogenesis
Necromancer's Assistant
Nectar Faerie
Need for Speed
Needlepeak Spider
Needleshot Gourna
Needlethorn Drake
Negate
Nema Siltlurker
Nephalia Drownyard
Nephalia Seakite
Nephalia Smuggler
Nessian Courser
Nest Invader
Nest Robber
Nether Horror
Nettle Swine
Nettletooth Djinn
Network Disruptor
Neurok Commando
Neurok Replica
Neutralize
New Benalia
Nexus Wardens
Nezumi Informant
Nezumi Linkbreaker
Nezumi Ronin
Nezumi Shadow-Watcher
Niblis of Dusk
Niblis of the Mist
Night of Souls' Betrayal
Night's Whisper
Nighthawk, Dark Defender
Nightscape Master
Nightshade Dryad
Nightshade Stinger
Nightveil Predator
Nightveil Sprite
Nikko-Onna
Nimana Sell-Sword
Nimana Skydancer
Nimble Birdsticker
Nimble Innovator
Nimble Pilferer
Nimble Thopterist
Nimble-Blade Khenra
Nimbus of the Isles
Nine-Tail White Fox
Niv-Mizzet, the Firemind
Nocturnal Feeder
Nomad Outpost
Nomadic Elf
Noose Constrictor
North Pole Gates
Northern Paladin
Norwood Archers
Norwood Ranger
Not on My Watch
Notion Rain
Nourish
Novice Dissector
Novice Inspector
Novice Occultist
Noxious Grasp
Noxious Groodion
Noxious Newt
Noxious Toad
Nuisance Engine
Nullify
Nutrient Block
Nyx-Fleece Ram
Nyxborn Brute
Nyxborn Colossus
Nyxborn Courser
Nyxborn Marauder
Nyxborn Seaguard
Oakgnarl Warrior
Oakheart Dryads
Oashra Cultivator
Oasis Gardener
Oath of the Ancient Wood
Ob Nixilis, the Fallen
Obelisk of Bant
Obelisk of Esper
Obelisk of Grixis
Obelisk of Jund
Obelisk of Naya
Obelisk of Undoing
Oblivion Strike
Oboro, Palace in the Clouds
Obsessive Stitcher
Obsianus Golem
Obsidian Giant
Obyra, Dreaming Duelist
Obzedat's Aid
Octoprophet
Odric's Outrider
Odunos River Trawler
Offer Immortality
Oggyar Battle-Seer
Ogre Arsonist
Ogre Berserker
Ogre Resister
Ogre Sentry
Ogre Taskmaster
Ogre Warrior
Okina, Temple to the Grandfathers
Oko's Accomplices
Olivia's Bloodsworn
Olivia's Dragoon
Oltec Cloud Guard
Omashu City
Omega Myr
Omen of the Dead
Omen of the Forge
Omen of the Sea
Omen of the Sun
Omenspeaker
Ominous Asylum
Omnath, Locus of Rage
Omni-Cheese Pizza
Onakke Ogre
One-Clown Band
Oneirophage
Onslaught
Onulet
Onyx Goblet
Onyx Mage
Ooze Spill
Opaline Unicorn
Open Fire
Open the Graves
Opportunity
Opt
Opulent Palace
Oran-Rief Invoker
Oran-Rief Survivalist
Orazca Frillback
Orazca Raptor
Orcish Bloodpainter
Orcish Mechanics
Orcish Oriflamme
Orcish Vandal
Order of the Sacred Bell
Ordinary Bear
Ore Gorger
Oread of Mountain's Blaze
Oreskos Swiftclaw
Ornithopter
Ornithopter of Paradise
Orochi Leafcaller
Orochi Sustainer
Orzhov Basilica
Orzhov Cluestone
Orzhov Guildgate
Orzhov Signet
Orzhova, the Church of Deals
Ostiary Thrull
Outlaw Medic
Overeager Apprentice
Overflowing Basin
Overflowing Insight
Overgrown Estate
Overprotect
Overwhelmed Apprentice
Owl Familiar
Owlbear
Oxidda Daredevil
Oxidda Scrapmelter
Oyobi, Who Split the Heavens
Pacification Array
Pactdoll Terror
Pain 101
Painful Lesson
Painsmith
Painted Bluffs
Palace Familiar
Paladin of the Bloodstained
Palladium Myr
Panicked Altisaur
Panther Warriors
Paradox Gardens
Paragon of Eternal Wilds
Paragon of Fierce Defiance
Paragon of Gathering Mists
Paragon of New Dawns
Paragon of Open Graves
Parcel Myr
Pardic Wanderer
Pashalik Mons
Patagia Golem
Patagia Tiger
Patriar's Seal
Pavel Maliki
Pawn of Ulamog
Peace Strider
Peace of Mind
Pearled Unicorn
Pegasus Courser
Pegasus Refuge
Pelakka Wurm
Pendrell Drake
Pendulum of Patterns
Penregon Strongbull
Pensive Minotaur
Penumbra Bobcat
Penumbra Kavu
Penumbra Spider
Penumbra Wurm
Perilous Landscape
Perilous Myr
Perimeter Patrol
Persistent Specimen
Pestilent Wolf
Petrified Field
Phalanx Vanguard
Phantom General
Phantom Monster
Pharika's Chosen
Pharika's Cure
Pharika's Mender
Pheres-Band Centaurs
Phyrexia's Core
Phyrexian Altar
Phyrexian Archivist
Phyrexian Arena
Phyrexian Broodlings
Phyrexian Gargantua
Phyrexian Hulk
Phyrexian Rager
Phyrexian Tower
Phyrexian Vault
Phyrexian Vivisector
Phyrexian Walker
Phytoburst
Pia and Kiran Nalaar
Pierce Strider
Piercing Light
Piggy Bank
Pilfered Plans
Pillardrop Warden
Pillarfield Ox
Pincher Beetles
Pious Wayfarer
Piranha Fly
Piranha Marsh
Pirate Peddlers
Pirate's Prize
Pitchburn Devils
Pitiless Plunderer
Pitiless Pontiff
Pixie Queen
Plains
Planar Portal
Planetary Patrol
Plateau
Plated Crusher
Plated Seastrider
Plated Slagwurm
Plated Spider
Plated Wurm
Playful Shove
Plumecreed Escort
Plundering Pirate
Pointed Discussion
Poison Arrow
Poison Dart Frog
Poison the Blade
Poison-Blade Mentor
Poison-Tip Archer
Polluted Dead
Polluted Mire
Possessed Skaab
Potion of Healing
Pouncing Cheetah
Power Boost
Power Word Kill
Powerstone Fracture
Prakhata Club Security
Prakhata Pillar-Bug
Precision Bolt
Predator's Strike
Predatory Nightstalker
Preemptive Strike
Preening Champion
Preordain
Prescient Chimera
Pressure Point
Prickly Pair
Pride of the Perfect
Prideful Parent
Priest of Ancient Lore
Priest of Iroas
Primal Boost
Primal Huntbeast
Primeval Bounty
Primoc Escapee
Primordial Pachyderm
Primordial Sage
Primordial Wurm
Prince Imrahil the Fair
Princess Lucrezia
Prismari Campus
Prismatic Lens
Prismite
Prized Griffin
Prized Statue
Prizefighter Construct
Prodigal Pyromancer
Prodigal Sorcerer
Project Deathlok Soldier
Promising Vein
Prophet of the Peak
Prophetic Bolt
Prophetic Prism
Prosperous Innkeeper
Prosperous Pirates
Protector of Gondor
Protomatter Powder
Prowling Caracal
Prowling Felidar
Pseudodragon Familiar
Psychic Corrosion
Pulse Tracker
Pulse of Murasa
Puppet Conjurer
Purple-Crystal Crab
Pygmy Razorback
Pym Technologies
Pyre Charger
Pyre Hound
Pyre Spawn
Pyrite Spellbomb
Pyroceratops
Pyroclastic Elemental
Pyromantic Pilgrim
Python
Qasali Slingers
Qilin's Blessing
Quagmire Druid
Quakestrider Ceratops
Quaketusk Boar
Quandrix Campus
Quarry Beetle
Queen's Bay Soldier
Queen's Commission
Queza, Augur of Agonies
Quick Study
Quicksilver Fisher
Quicksilver, Pietro Maximoff
Quiet Purity
Quilled Slagwurm
Quirion Dryad
Rabanastre, Royal City
Raccoon Rallier
Racers' Ring
Radiant Fountain
Radiant Grove
Raffine's Tower
Rage Weaver
Rage-Scarred Berserker
Ragefire
Raging Bull
Raging Cougar
Raging Goblin
Raging Kavu
Raging Minotaur
Raging Poltergeist
Raging Regisaur
Rain of Revelation
Rain of Tears
Rain-Slicked Copse
Raise Dead
Raise the Alarm
Rakdos Carnarium
Rakdos Cluestone
Rakdos Guildgate
Rakdos Ragemutt
Rakdos Signet
Rakka Mar
Ral's Reinforcements
Rambunctious Mutt
Rampage of the Valkyries
Rampaging Baloths
Rampaging Hippo
Rampant Growth
Ranger's Guile
Rapacious Dragon
Raphael, Tough Turtle
Raptor Companion
Rath's Edge
Rathi Trapper
Rats of Rath
Raucous Theater
Raugrin Crystal
Raugrin Triome
Ravaged Highlands
Ravaging Horde
Ravenhill Flock
Ravenous Baboons
Ravenous Baloth
Ravenous Chupacabra
Ravenous Giant
Ravenous Harpy
Ravenous Lindwurm
Ravenous Skirge
Ray of Dissolution
Ray of Ruin
Razaketh's Rite
Raze
Razorfield Thresher
Razorfin Hunter
Razortide Bridge
Razortip Whip
Reach Through Mists
Read the Bones
Reality Hemorrhage
Reaper of the Wilds
Rearing Embermare
Reassembling Skeleton
Rebellious Strike
Rebuke
Reckless Abandon
Reckless Barbarian
Reckless Fireweaver
Reckless Pangolin
Reckless Ransacking
Reckless Reveler
Reclaim
Reclaiming Vines
Reclamation Sage
Recollect
Reconstruction
Recover
Red Dragon
Redcap Thief
Redrock Sentinel
Redwood Treefolk
Refocus
Refurbish
Refute
Regal Unicorn
Regathan Firecat
Regress
Regrowth
Reito Lantern
Reito Sentinel
Rejuvenate
Reki, the History of Kamigawa
Relearn
Release the Dogs
Relentless Hunter
Relic Barrier
Reliquary Monk
Remnant Elemental
Remote Isle
Remove Soul
Rend Flesh
Renegade Demon
Renegade Troops
Renegade's Getaway
Renewed Faith
Renowned Weaver
Repel
Repulse
Repulsor Rays
Requiem Angel
Rescind
Rescue
Rescuer Chwinga
Research Assistant
Resolute Reinforcements
Resolute Watchdog
Resounding Roar
Resounding Thunder
Restoration Angel
Restoration Gearsmith
Restore
Resupply
Resurrection
Retributive Wand
Retrieval Agent
Return to Action
Return to Battle
Returned Centaur
Revel of the Fallen God
Revitalize
Revive
Revive the Shire
Reviving Dose
Revoke Existence
Reya Dawnbringer
Rhox Brute
Rhox Oracle
Rhox War Monk
Rib Cage Spider
Riddlemaster Sphinx
Ridge Rannet
Righteous Blow
Righteousness
Rime Tender
Rimefur Reindeer
Rimewood Falls
Ringwarden Owl
Riot Devils
Rip-Clan Crasher
Ripchain Razorkin
Riptide Crab
Riptide Turtle
Rise Again
Rise of Eagles
Risen Sanctuary
Rishadan Port
Rising Populace
Rite of the Dragoncaller
Rith's Attendant
Ritual of Rejuvenation
Ritual of Restoration
Riven Turnbull
Riven Turnbull and Princess Lucrezia
River Hoopoe
River Kaijin
Riverwheel Aerialists
Roaring Primadox
Robot Chicken
Roc Egg
Roc Hunter
Roc of Kher Ridges
Rockslide Sorcerer
Rocky Tar Pit
Rod of Ruin
Roiling Dragonstorm
Romantic Rendezvous
Ronin Cavekeeper
Ronin Houndmaster
Ronom Unicorn
Roofstalker Wight
Root Maze
Root Out
Rootbreaker Wurm
Rootrider Faun
Rootwater Diver
Rootwater Hunter
Rorix Bladewing
Rot Shambler
Rotcrown Ghoul
Rotlung Reanimator
Rotted Hulk
Rotted Hystrix
Rotting Fensnake
Rotting Legion
Rotting Mastodon
Rotting Regisaur
Roving Harper
Rowan Treefolk
Royal Falcon
Rubble Reading
Rubbleback Rhino
Rubblebelt Boar
Rugged Highlands
Ruin Crab
Ruin Rat
Ruination Wurm
Ruinous Gremlin
Ruins of Trokair
Rumble Arena
Rumbling Baloth
Rumbling Sentry
Rummaging Goblin
Run Aground
Run Amok
Runaway Boulder
Rune-Scarred Demon
Rune-Sealed Wall
Runeclaw Bear
Runed Servitor
Runewing
Rush of Adrenaline
Rush of Vitality
Rushwood Elemental
Russet Wolves
Rusted Sentinel
Rustspore Ram
Rustvale Bridge
Rustwing Falcon
Ruthless Deathfang
Ruthless Winnower
S.H.I.E.L.D. Deployment Drone
Sabotender
Sacellum Archers
Sacred Armory
Sacred Nectar
Sacred Peaks
Sacred Wolf
Sage of Lat-Nam
Sage of Mysteries
Sage's Knowledge
Sage's Row Denizen
Sage's Row Savant
Sailor of Means
Salivating Gremlins
Salt Marsh
Saltblast
Salvage
Salvage Scout
Salvage Scuttler
Salvager of Secrets
Sami's Curiosity
Samurai Enforcers
Samurai of the Pale Curtain
Samut's Sprint
Sanctify
Sanctuary Cat
Sanctum Gargoyle
Sandbar Merfolk
Sandbar Serpent
Sandblast
Sandsteppe Citadel
Sandstone Bridge
Sanguinary Mage
Sanguinary Priest
Sanguine Syphoner
Sanitarium Skeleton
Sanitation Automaton
Sarcomite Myr
Sarpadian Simulacrum
Satyr Enchanter
Satyr Grovedancer
Satyr Rambler
Savage Gorilla
Savage Lands
Savage Mansion
Savai Crystal
Savai Sabertooth
Savai Triome
Savannah
Savannah Lions
Savannah Sage
Savior of the Sleeping
Sazh's Chocobo
Scalding Cauldron
Scaldkin
Scaled Behemoth
Scaled Hulk
Scaled Wurm
Scampering Surveyor
Scarblade Scout
Scarecrone
Scarland Thrinax
Scarwood Goblins
Scarwood Treefolk
Scathe Zombies
Scatter Arc
Scattered Groves
Scavenger Drake
Scavenger Folk
Scavenging Harpy
Scavenging Scarab
Scepter of Dominance
Scepter of Insight
School of the Unseen
Scion Summoner
Scion of Ugin
Scorching Shot
Scorching Spear
Scoria Elemental
Scour from Existence
Scoured Barrens
Scourge of the Undercity
Scrap
Scrap Compactor
Scrapheap
Scream Puff
Screaming Fury
Screaming Phantom
Screeching Buzzard
Screeching Drake
Screeching Skaab
Scribe of the Mindful
Scrivener
Scroll Thief
Scrounger of Souls
Scrubland
Scryb Sprites
Sculpting Steel
Sculptor of Winter
Scythe Leopard
Sea Eagle
Sea Gate Oracle
Sea Scryer
Seacoast Drake
Seafloor Debris
Seagraf Skaab
Seal of Cleansing
Seal of Fire
Seal of Primordium
Seal of Removal
Seal of Strength
Sear
Searchlight Companion
Searchlight Geist
Searing Flesh
Searing Spear
Searing Wind
Seashell Cameo
Seaside Citadel
Seaside Haven
Seat of the Synod
Secluded Steppe
Second Thoughts
Secret Passage
Sedge Scorpion
Seedship Broodtender
Seeker of Skybreak
Seeker of the Way
Seer of the Last Tomorrow
Seer's Lantern
Seething Landscape
Segovian Angel
Seismic Mage
Seizan, Perverter of Truth
Sejiri Refuge
Sek'Kuar, Deathkeeper
Selesnya Cluestone
Selesnya Guildgate
Selesnya Sanctuary
Selesnya Signet
Selfless Savior
Selhoff Occultist
Sell-Sword Brute
Seller of Songbirds
Senate Courier
Senate Guildmage
Sentinel Spider
Sentinels of Glen Elendra
Separatist Voidmage
Sephiroth's Intervention
Seraph Sanctuary
Seraph of Dawn
Seraph of the Suns
Serendib Efreet
Serpent Assassin
Serpent Warrior
Serpent's Gift
Serpent's Pass
Serpentine Kavu
Serra Advocate
Serra Angel
Serra Sphinx
Serum Powder
Serum Visionary
Serum Visions
Servo Exhibition
Servo Schematic
Setessan Champion
Setessan Skirmisher
Setessan Starbreaker
Seven-Tail Mentor
Shadow Glider
Shadow Guildmage
Shadow-Rite Priest
Shadowblood Ridge
Shadowfeed
Shadowy Backstreet
Shaman of Spring
Shamble Back
Shambling Ghoul
Shape the Sands
Shard Volley
Shared Roots
Sharlayan, Nation of Scholars
Sharuum the Hegemon
Shatter
Shattered Angel
Shattered Landscape
Shatterskull Giant
Shauku's Minion
She-Hulk, Jennifer Walters
Shell Skulkin
Shelob's Ambush
Sheltered Thicket
Sheltering Landscape
Sheltering Light
Shield Mate
Shimmering Grotto
Shimmerscale Drake
Shining Aerosaur
Shinra Reinforcements
Shipwreck Dowser
Shire Terrace
Shivan Gorge
Shivan Harvest
Shivan Hellkite
Shivan Oasis
Shivan Phoenix
Shivan Wurm
Shock
Shock Troops
Shocking Sharpshooter
Shopkeeper's Bane
Shore Keeper
Shore Lurker
Shorecomber Crab
Show of Valor
Shrapnel Blast
Shriekdiver
Shrieking Drake
Shrine Keeper
Shu Elite Infantry
Shu Foot Soldiers
Shu Grain Caravan
Shu Soldier-Farmers
Sickbay Orderly
Siege Mastodon
Siege Rhino
Siege-Gang Commander
Sift
Sifter of Skulls
Sigardian Priest
Sigil of the Empty Throne
Sigiled Skink
Sigiled Starfish
Sign in Blood
Signpost Scarecrow
Silent Artisan
Silent Attendant
Silent Dart
Silent Observer
Silicate Surveyor
Silk Net
Silkwing Scout
Silver Drake
Silver Erne
Silver Myr
Silver Raven
Silverback Ape
Silverback Shaman
Silverbeak Griffin
Silverbluff Bridge
Silverchase Fox
Silvercoat Lion
Silverglade Pathfinder
Silverquill Campus
Silverstorm Samurai
Silverstrike
Simic Cluestone
Simic Growth Chamber
Simic Guildgate
Simic Signet
Simic Sky Swallower
Sinister Hideout
Sinister Sabotage
Sinister Starfish
Sinkhole
Sir Shandlar of Eberyn
Sire of the Storm
Sisay's Ring
Sisters of the Flame
Sivitri Scarzam
Sizzle
Skarrg, the Rage Pits
Skeletal Crocodile
Skeletal Snake
Skeleton Archer
Skemfar Avenger
Skirge Familiar
Skirk Prospector
Skirmish Rhino
Skirsdag Cultist
Skirsdag Flayer
Skittering Heartstopper
Skull Catapult
Skull Prophet
Skull of Orm
Skull of Ramos
Skullmead Cauldron
Skulltap
Sky Diamond
Sky Ruin Drake
Sky Theater Strix
Sky Weaver
Sky-Eel School
Skyblade of the Legion
Skybridge Towers
Skyclave Geopede
Skycloud Expanse
Skycrash
Skyhunter Prowler
Skyknight Legionnaire
Skyline Predator
Skymarch Bloodletter
Skyraker Giant
Skyscanner
Skyshroud Elf
Skyshroud Falcon
Skyshroud Troopers
Skysnare Spider
Skyswirl Harrier
Skywing Aven
Slagdrill Scrapper
Slagwoods Bridge
Slash of Talons
Slash, Reptile Rampager
Slaughter Specialist
Slayers' Stronghold
Sledding Otter-Penguin
Sleight of Hand
Slice in Twain
Sling-Gang Lieutenant
Slingshot Goblin
Slinking Skirge
Slippery Karst
Sliptide Serpent
Slith Ascendant
Slith Firewalker
Slith Predator
Sliver Construct
Sliver Queen
Sliversmith
Slobad, Goblin Tinkerer
Slumbering Waterways
Smash
Smelt
Smoldering Crater
Smoldering Efreet
Smoldering Tar
Snake Pit
Snapping Creeper
Snapping Drake
Snapping Gnarlid
Snare Tactician
Snare Thopter
Snare the Skies
Sneaky Snacker
Sneering Shadewriter
Snow-Covered Forest
Snow-Covered Island
Snow-Covered Mountain
Snow-Covered Plains
Snow-Covered Swamp
Snow-Covered Wastes
Snowfield Sinkhole
Soaring Drake
Soaring Seacliff
Soaring Show-Off
Social Climber
Sokka's Sword Training
Sokka, Wolf Cove's Protector
Sol Ring
Solar Blast
Soldier Replica
Soldier of the Grey Host
Solemn Offering
Songbird, Sonic Screamer
Soothing Balm
Soothsayer Adept
Sorcerer of the Fang
Sorin's Thirst
Soul Feast
Soul Shred
Soul Warden
Soul of Magma
Soul of the Harvest
Soul of the Rapids
Soul's Attendant
Soulbound Guardians
Soulknife Spy
Soulmender
Soulreaper of Mogis
Soulsworn Jury
Soured Springs
Southern Elephant
Southern Paladin
Sovereign's Bite
Spara's Headquarters
Spare Supplies
Spark Jolt
Spark Reaper
Spark Spray
Sparkmage Apprentice
Sparring Construct
Sparring Mummy
Spawning Bed
Spawning Breath
Spectacle Summit
Specter of the Fens
Spectral Reserves
Spectral Sailor
Spectral Shepherd
Spellgorger Weird
Spellkeeper Weird
Sphinx Mindbreaker
Sphinx of Enlightenment
Sphinx of Magosi
Spike Jester
Spiked Baloth
Spin Out
Spinal Centipede
Spinal Villain
Spine of Ish Sah
Spined Karok
Spined Megalodon
Spined Wurm
Spineless Thug
Spinning Wheel
Spire Monitor
Spirit Weaver
Spirit of Malevolence
Spirited Companion
Spiritual Guardian
Spiteful Bully
Spitfire Lagac
Spock, Logical Choice
Spoils of Victory
Spore Crawler
Spore Swarm
Sporecap Spider
Sporemound
Spotted Griffin
Spring of Eternal Peace
Springjaw Trap
Springmane Cervin
Springsage Ritual
Sprite Dragon
Sprout
Sprouting Thrinax
Squall Drifter
Squire
Squirrelanoids
Sram, Senior Edificer
Staff of Nin
Staff of the Death Magus
Staff of the Flame Magus
Staff of the Mind Magus
Staff of the Sun Magus
Staff of the Wild Magus
Staggering Size
Stampeding Rhino
Stand Firm
Standing Troops
Starfleet Crew
Stark Industries
Stark Industries Executive
Starlight Invoker
Starlit Angel
Starnheim Memento
Starved Rusalka
Staunch Defenders
Staunch Shieldmate
Steadfast Cathar
Steadfast Guard
Steadfast Paladin
Steadfast Sentry
Stealer of Secrets
Steamclaw
Steel Wall
Steelgaze Griffin
Steeple Creeper
Steppe Lynx
Sterling Hound
Sterling Keykeeper
Sterling Supplier
Stern Constable
Stern Dismissal
Stern Proctor
Steward of Valeron
Stimulus Package
Stinging Barrier
Stir the Sands
Stitcher's Apprentice
Stitcher's Supplier
Stock Up
Stoic Builder
Stolen Grain
Stomper Cub
Stone Golem
Stone Haven Medic
Stone Quarry
Stone Rain
Stonecloaker
Stonefare Crocodile
Stonehorn Chanter
Stonework Puma
Stony-Voiced Goblins
Storm Caller
Storm Crow
Storm God's Oracle
Storm Shaman
Storm Spirit
Stormcaller of Keranos
Stormchaser Mage
Stormclaw Rager
Stormcloud Spirit
Stormfront Pegasus
Stormrider Spirit
Stormscape Apprentice
Stormwatch Eagle
Story Seeker
Strafe
Strangle
Straw Soldiers
Stream of Acid
Streetbreaker Wurm
Strip Mine
Striped Bears
Striped Riverwinder
Strix Lookout
Stromkirk Patrol
Strongarm Thug
Stronghold Assassin
Stronghold Biologist
Stronghold Machinist
Stronghold Taskmaster
Student of Ojutai
Study
Stunt Double
Submerged Boneyard
Subterranean Cavern
Suburban Sanctuary
Succumb to Temptation
Sudden Strength
Sudden Strike
Sugar Rush
Sulfur Vent
Sulfurous Mire
Sultai Ascendancy
Sultai Banner
Sultai Skullkeeper
Summit Prowler
Summit Sentinel
Summoned Dromedary
Summoner's Bane
Sun Sentinel
Sun-Blessed Peak
Sun-Collared Raptor
Sunastian Falconer
Sunbeam Spellbomb
Sunder from Within
Sundial, Dawn Tyrant
Sungrace Pegasus
Sungrass Prairie
Sunlance
Sunlit Marsh
Sunmane Pegasus
Sunscape Apprentice
Sunscorch Regent
Sunscorched Divide
Sunspire Griffin
Suntail Hawk
Super-Skrull
Supernatural Stamina
Supply Drop
Supply-Line Cranes
Supreme Phantom
Surge of Righteousness
Surgical Skullbomb
Surveillance Room
Survey the Wreckage
Survive the Night
Sustenance
Svyelunite Temple
Swab Goblin
Swamp
Swarm of Bloodflies
Sweettooth Witch
Swift Spinner
Swift Warden
Swiftwater Cliffs
Swooping Lookout
Sword of the Chosen
Swordwise Centaur
Sworn Companions
Sworn Guardian
Sylvan Anthem
Sylvan Brushstrider
Sylvan Caryatid
Sylvan Safekeeper
Sylvok Replica
Symbiote Spawn
Symbiotic Beast
Symbiotic Elf
Symbiotic Wurm
Symbol of Unsummoning
Syndicate Trafficker
Syphon Essence
Sythis, Harvest's Hand
TCRI Building
Taiga
Taigam's Scheming
Tajuru Blightblade
Tajuru Pathwarden
Tajuru Snarecaster
Take Up Arms
Takeno's Cavalry
Talarian Hook Spider
Talas Air Ship
Talas Merchant
Talas Scout
Talon Trooper
Talrand's Invocation
Talrand, Sky Summoner
Talruum Minotaur
Tamiyo's Epiphany
Tamiyo's Safekeeping
Tangle Mantis
Tangle Spider
Tanglebloom
Tangled Islet
Tanglepool Bridge
Tanglespan Lookout
Taoist Hermit
Tar Pitcher
Target Minotaur
Tarpan
Tasseled Dromedary
Tattered Apparition
Tattered Mummy
Tatyova, Benthic Druid
Team Transmitter
Teeming Dragonstorm
Teetering Peaks
Teeterpeak Ambusher
Teferi's Care
Teferi's Protege
Teferi's Tutelage
Tel-Jilad Justice
Tel-Jilad Stylus
Tempered Steel
Tempest Drake
Temple Acolyte
Temple Bell
Temple of Abandon
Temple of Deceit
Temple of Enlightenment
Temple of Epiphany
Temple of Malady
Temple of Malice
Temple of Mystery
Temple of Plenty
Temple of Silence
Temple of Triumph
Temporal Adept
Temporal Eddy
Temporal Spring
Tempting Witch
Temur Banner
Tenement Crasher
Tenth District Guard
Tenth District Veteran
Terminal Moraine
Teroh's Faithful
Terrain Elemental
Terramorphic Expanse
Terrian, World Tyrant
Territorial Baloth
Territorial Hammerskull
Territorial Roc
Territorial Scythecat
Terror of the Fairgrounds
Teyo's Lightshield
Thallid Soothsayer
Thanos, Death's Consort
Thassa's Devourer
Thaumaturge's Familiar
Thawbringer
The Autonomous Furnace
The Balrog, Flame of Udûn
The Dross Pits
The Fabulous Frog-Man
The Fair Basilica
The Hive
The Hunter Maze
The Lady of the Mountain
The Surgical Bay
The Terror of Serpent's Pass
The Underworld Cookbook
The Unspeakable
Thermal Navigator
They Went This Way
Think Tank
Third Path Iconoclast
Third Path Savant
Thistledown Players
Thopter Architect
Thopter Mechanic
Thor Odinson
Thornglint Bridge
Thornhide Wolves
Thornling
Thornweald Archer
Thornwind Faeries
Thornwood Falls
Those Who Serve
Thought Courier
Thought Scour
Thoughtrender Lamia
Thoughtweft Lieutenant
Thraben Heretic
Thraben Inspector
Thraben Purebloods
Thraben Standard Bearer
Thraben Valiant
Thran Dynamo
Thrashing Brontodon
Thraxodemon
Three Tree Rootweaver
Three Visits
Thriss, Nantuko Primus
Thundering Falls
Thundering Giant
Thundering Rebuke
Thunderscape Apprentice
Tidehollow Strix
Tidepool Turtle
Tidespout Tyrant
Tidings
Tigereye Cameo
Timber Gorge
Timberland Guide
Timberland Ruins
Time Ebb
Timeless Lotus
Timetwister
Timid Drake
Tinder Farm
Tinker
Tinker's Tote
Tireless Missionaries
Tireless Tracker
Tireless Tribe
Titan's Grave
Titan's Strength
Titania, Protector of Argoth
Titanic Growth
Titanic Pelagosaur
Tithebearer Giant
Tobias Andrion
Tocasia's Dig Site
Tolarian Scholar
Tolarian Sentinel
Tolarian Serpent
Tolsimir Wolfblood
Tomb Trawler
Tome Raider
Tome Scour
Tonic Peddler
Tooth of Ramos
Tor Giant
Tor Wauki
Torch Courier
Torch Fiend
Tormented Angel
Torsten Von Ursus
Totally Lost
Totem Speaker
Toucan-Puffin
Touch of Brilliance
Tower Gargoyle
Tower of Calamities
Tower of Champions
Tower of Eons
Tower of Fortunes
Tower of Murmurs
Towering Indrik
Towering Thunderfist
Towering Viewpoint
Toxic Abomination
Toxic Scorpion
Toxin Analysis
Tragic Poet
Trail of Evidence
Trailblazing Historian
Trained Armodon
Trained Caracal
Trained Condor
Trained Jackal
Trained Orgg
Tramway Station
Tranquil Cove
Tranquil Expanse
Tranquil Landscape
Tranquil Thicket
Transdimensional Bovine
Transluminant
Transmogrant Altar
Trash for Treasure
Traveling Minister
Traveling Philosopher
Tread Upon
Treasure Hunter
Treasure Trove
Tree Monkey
Tree of Tales
Treetop Freedom Fighters
Treetop Recluse
Treetop Snarespinner
Treetop Warden
Trench Wurm
Trenching Steed
Treno, Dark City
Tresserhorn Sinks
Treva's Attendant
Trial of Ambition
Trial of Knowledge
Trial of Strength
Trial of Zeal
Tribute to the Wild
Trip Noose
Triton Shorethief
Triton Waverider
Trokin High Guard
Troll-Horn Cameo
Tropical Island
Trostani's Summoner
True Love's Kiss
Trusty Packbeast
Tukatongue Thallid
Tuknir Deathlock
Tuktuk Grunts
Tuktuk the Explorer
Tundra
Tundra Wall
Tunnel Rats
Tunnel Surveyor
Tunneling Geopede
Tura Kennerüd, Skyknight
Turntimber Ascetic
Turntimber Grove
Turntimber Ranger
Turtle Power!
Turtle-Seals
Tusked Colossodon
Twilight Panther
Twin-Silk Spider
Twisted Landscape
Typhoid Rats
Tyrant's Machine
Tyrox, Saurid Tyrant
Uktabi Faerie
Uktabi Orangutan
Ukud Cobra
Ulrich's Kindred
Ultron, Machine Overlord
Ulvenwald Mysteries
Umara Entangler
Umara Mystic
Umara Raptor
Umbral Collar Zealot
Umbral Expanse
Unauthorized Exit
Unbender Tine
Unburied Earthcarver
Uncanny Speed
Undead Augur
Undead Minotaur
Undercity Dire Rat
Undercity Sewers
Underdark Basilisk
Underground Mortuary
Underground Sea
Undergrowth Leopard
Undergrowth Recon
Undersea Invader
Undertaker
Underworld Dreams
Undying Beast
Unexplained Disappearance
Unfathomable Truths
Unfriendly Fire
Unhallowed Phalanx
Unholy Grotto
Unholy Officiant
Universal Solvent
University Campus
Unknown Shores
Unlikely Aid
Unlikely Alliance
Unnatural Predation
Unnatural Speed
Unraveling Mummy
Unruly Mob
Unstable Obelisk
Unsubtle Mockery
Unsummon
Untamed Wilds
Unyaro Bee Sting
Unyaro Griffin
Updraft Elemental
Uproot
Ur-Golem's Eye
Urbis Protector
Urborg Elf
Urborg Shambler
Urborg Volcano
Urgent Exorcism
Urn of Godfire
Ursapine
Urza's Cave
Urza's Factory
Utopia Tree
Utter End
Valakut Invoker
Valakut Predator
Valgavoth's Faithful
Valiant Guard
Valkyrior Skyrider
Valley Mightcaller
Valorous Steed
Vampire Champion
Vampire Interloper
Vampire Neonate
Vampire Nighthawk
Vampire Noble
Vampire Opportunist
Vampire Revenant
Vampire Soulcaller
Vampire Sovereign
Vampire Spawn
Vampire of the Dire Moon
Vampire's Kiss
Vampiric Feast
Vampiric Rites
Vampiric Spirit
Vampiric Touch
Vanquish
Vastwood Gorger
Vault Plunderer
Vault of Whispers
Vectis Silencers
Vector, Imperial Capital
Vedalken Archmage
Vedalken Blademaster
Vedalken Dismisser
Vedalken Entrancer
Vedalken Mastermind
Veil of Assimilation
Venerable Knight
Venerable Lammasu
Venerable Monk
Vengeant Vampire
Vengeful Bloodwitch
Vengeful Dead
Venomcrawler
Venomous Hierophant
Venomthrope
Venser's Sliver
Verdant Automaton
Verdant Rebirth
Verdigris
Verduran Enchantress
Vermiculos
Vermin Gorger
Vessel of Endless Rest
Vessel of Ephemera
Vessel of Paramnesia
Vessel of Volatility
Vestige of Emrakul
Veteran Armorer
Veteran Cavalier
Vexing Gull
Vial of Dragonfire
Vial of Poison
Viashino Fangtail
Viashino Grappler
Viashino Warrior
Vibrant Cityscape
Vicious Conquistador
Vicious Hunger
Vicious Kavu
Victim of Night
Vigilant Baloth
Vigilante Justice
Vile Entomber
Vile Rebirth
Village Rites
Vindicate
Vine Trellis
Vinelasher Kudzu
Vinereap Mentor
Violent Impact
Viridescent Bog
Viridian Acolyte
Viridian Revel
Viridian Shaman
Viridian Zealot
Virulent Emissary
Virulent Plague
Virus Beetle
Viscera Seer
Vision Skeins
Vithian Renegades
Vitu-Ghazi, the City-Tree
Vivisection
Vizier of Tumbling Sands
Vizzerdrix
Vodalian Merchant
Vodalian Soldiers
Voice of the Provinces
Void Grafter
Void Helix
Void Snare
Voidwielder
Volatile Fjord
Volcanic Dragon
Volcanic Hammer
Volcanic Island
Volcanic Submersion
Volcanic Upheaval
Voldaren Epicure
Volrath's Stronghold
Voltaic Construct
Voltaic Key
Volunteer Militia
Voracious Null
Voracious Varmint
Vorstclaw
Voyage's End
Voyaging Satyr
Vraska's Contempt
Vulpine Goliath
Vulshok Berserker
Vulshok Heartstoker
Vulshok Sorcerer
Wailing Ghoul
Wakandan Drone Flock
Wakandan Shield Guard
Walk the Plank
Walking Corpse
Wall of Air
Wall of Blossoms
Wall of Denial
Wall of Earth
Wall of Faith
Wall of Granite
Wall of Heat
Wall of Ice
Wall of Kelp
Wall of Lost Thoughts
Wall of Mist
Wall of Mulch
Wall of Omens
Wall of Runes
Wall of Stone
Wall of Swords
Wall of Tanglecord
Wall of Torches
Wall of Vines
Wall of Wood
Wand of the Elements
Wander Off
Wanderer's Intervention
Wandering Ones
Wandering Tombshell
Wanted Griffin
War Chariot
War Horn
War Mammoth
War Priest of Thune
War-Torch Goblin
Warded Battlements
Warden of Geometries
Warden of the Eye
Wardscale Crocodile
Warleader's Call
Warleader's Helix
Warmth
Warpath Ghoul
Warped Landscape
Warped Tusker
Warriors of Wakanda
Warship Flight Crew
Warship Scout
Warteye Witch
Wary Okapi
Wary Thespian
Wary Watchdog
Wasteland
Wasteland Scorpion
Wastes
Watcher in the Mist
Watcher of the Wayside
Watchful Automaton
Watchful Giant
Watchwolf
Water Elemental
Waterfront Bouncer
Waterfront District
Wave-Wing Elemental
Waxen Shapethief
Wayfarer's Bauble
Wayward Servant
Wayward Soul
Weakstone
Weaponize the Monsters
Weatherseed Treefolk
Weave Fate
Weaver of Currents
Weaver of Lightning
Wee Dragonauts
Wei Ambush Force
Wei Infantry
Weirding Shaman
Welder Automaton
Weldfast Wingsmith
Welkin Guide
Western Paladin
Westfold Rider
Wetland Sambar
Whip Sergeant
Whiptail Moloch
Whiptail Wurm
Whiptongue Frog
Whirlermaker
Whirlwind Adept
Whirlwind of Thought
Whisk Away
White Lotus Reinforcements
Whitemane Lion
Whitesun's Passage
Wicked Reward
Wicked Visitor
Wicker Witch
Wielding the Green Dragon
Wild Celebrants
Wild Ceratok
Wild Colos
Wild Elephant
Wild Griffin
Wild Jhovall
Wild Wanderer
Wildheart Invoker
Wildsize
Wildwood Escort
Wildwood Patrol
Wildwood Rebirth
Willow Elf
Willow Faerie
Willow-Wind
Wilt
Wily Bandar
Wily Goblin
Wind Dancer
Wind Drake
Wind Strider
Wind-Scarred Crag
Windcaller Aven
Windgrace Acolyte
Windrider Eel
Windrider Patrol
Windseeker Centaur
Windurst, Federation Center
Wing Commando
Winged Coatl
Winged Shepherd
Winter Soldier, Bucky Barnes
Winter's Grasp
Winter's Intervention
Wipe Clean
Wirewood Elf
Wirewood Hivemaster
Wirewood Lodge
Wirewood Savage
Wishcoin Crab
Witch's Cauldron
Witch's Familiar
Witching Well
Witherbloom Campus
Withered Wretch
Withering Torment
Without Weakness
Withstand Death
Witness of Tomorrows
Witty Roastmaster
Wizards' School
Wolf Cove Villager
Woodcutter's Grit
Wooded Ridgeline
Woodland Chasm
Woodland Druid
Woodland Liege
Woodland Mystic
Woodland Patrol
Woodland Stream
Woolly Thoctar
Worf, Chief Tactical Officer
Worldspine Wurm
Worn Powerstone
Worry Beads
Worthy Cost
Wose Pathfinder
Wreckage Wickerfolk
Wrecking Ball
Wrecking Crew
Wrenn's Resolve
Wretched Anurid
Wretched Doll
Wriggling Grub
Writhing Chrysalis
Wu Infantry
Wyluli Wolf
Xander's Lounge
Xenobotanist
Xindi Surveyors
Xira Arien
Yahenni, Undying Partisan
Yargle and Multani
Yargle, Glutton of Urborg
Yarok's Wavecrasher
Yavimaya Sapherd
Yavimaya Wurm
Yawgmoth's Edict
Yawning Fissure
Yellow Scarves Troops
Yellowjacket, Heartless Marauder
Yeva's Forcemage
Yoked Ox
Yoked Plowbeast
Yotian Soldier
Yotian Tactician
Young Pyromancer
Young Wei Recruits
Youthful Scholar
Youthful Valkyrie
Yuki-Onna
Zagoth Crystal
Zagoth Triome
Zap
Zarichi Tiger
Zealot of the God-Pharaoh
Zendikar's Roil
Zephid
Zephyr Charge
Zephyr Falcon
Zephyr Gull
Zephyr Sprite
Zhalfirin Lancer
Zhalfirin Void
Ziatora's Proving Ground
Zof Shade
Zombie Goliath
Zombify
Zookeeper Mechan
Zuberi, Golden Feather
Zuko's Offense
Zuko, Avatar Hunter
Zulaport Cutthroat
Zuran Orb
Zuran Spellcaster"
`;

exports[`the accepted-card list matches its snapshot: accepted card count 1`] = `4298`;
