// Bun Snapshot v1, https://bun.sh/docs/test/snapshots

exports[`the accepted-card list matches its snapshot: accepted card names 1`] = `
"A-Blood Artist
A-Canopy Tactician
A-Cauldron Familiar
A-Celebrity Fencer
A-Dragonborn Looter
A-Elderleaf Mentor
A-Glittermonger
A-Haywire Mite
A-Midnight Assassin
A-Pseudodragon Familiar
A-Queza, Augur of Agonies
A-Rockslide Sorcerer
A-Skemfar Avenger
A-Social Climber
A-Stimulus Package
A-Umara Mystic
A.I.M. Bot
A.I.M. Labs
A.I.M. Synthoids
Aang's Defense
Aang, Air Nomad
Aardvark Sloth
Abandoned Outpost
Abbey Griffin
Abbey Matron
Abjure
Abnormal Endurance
Abraded Bluffs
Absorb
Absorb Vis
Abzan Banner
Academy Ruins
Accelerate
Accursed Centaur
Accursed Horde
Acid Rain
Acid Web Spider
Acidic Slime
Acolyte of Aclazotz
Acolyte of Xathrid
Adamant Will
Adaptive Shimmerer
Adarkar Sentinel
Adeliz, the Cinder Wind
Adult Gold Dragon
Adun Oakenshield
Advanced Hoverguard
Advent of the Wurm
Adventurer's Inn
Aegis Automaton
Aegis Turtle
Aegis of the Heavens
Aeolipile
Aerial Guide
Aerial Predation
Aerial Responder
Aerie Mystics
Aeronaut Admiral
Aesi, Tyrant of Gyre Strait
Aesthir Glider
Aether Adept
Aether Spellbomb
Aether Sting
Aetherjacket
Affa Guard Hound
Affa Protector
Aftershock
Ageless Guardian
Agent of Atlas
Agent of Shauku
Agent of Stromgald
Aggressive Mammoth
Aggressive Urge
Agonizing Syphon
Agrus Kos, Wojek Veteran
Ahriman
Air Elemental
Air Marshal
Air Nomad Legacy
Air Servant
Airship Crash
Airship Engine Room
Ajani's Mantra
Ajani's Sunstriker
Ajani's Welcome
Akki Drillmaster
Akki Raider
Akki Rockspeaker
Akki Scrapchomper
Akoum Battlesinger
Akoum Boulderfoot
Akoum Hellhound
Akoum Refuge
Akroan Jailer
Akroan Mastiff
Akroan Phalanx
Akroma's Devoted
Akroma's Vengeance
Al Bhed Salvagers
Alabaster Host Sanctifier
Alabaster Kirin
Alabaster Mage
Alaborn Cavalier
Alaborn Grenadier
Alaborn Musketeer
Alaborn Trooper
Aladdin's Ring
Alania's Pathmaker
Alchemist's Apprentice
Alela, Artful Provocateur
Alert Shu Infantry
Alesha's Legacy
Algae Gharial
Ali Baba
Aliban's Tower
Allied Reinforcements
Allied Teamwork
Alloy Myr
Almighty Brushwagg
Alpha Kavu
Alpha Myr
Alpha Tyrranax
Alpine Grizzly
Alpine Meadow
Alpine Watchdog
Altar of the Brood
Altar's Light
Altar's Reap
Always Watching
Amaranthine Wall
Amateur Auteur
Amateur Hero
Ambassador Laquatus
Ambassador Oak
Ambition's Cost
Ambrosia Whiteheart
Ambush Krotiq
Ambush Paratrooper
Ambush Viper
Amphin Cutthroat
Ampryn Tactician
Amrou Scout
Amugaba
An-Havva Township
Anaba Ancestor
Anaba Shaman
Anaba Spirit Crafter
Anarchy
Ancestral Recall
Ancestral Reminiscence
Ancestral Statue
Anchor to the Aether
Anchovy & Banana Pizza
Ancient Brontodon
Ancient Carp
Ancient Crab
Ancient Craving
Ancient Den
Ancient Spring
Angel of Despair
Angel of Flight Alabaster
Angel of Light
Angel of Mercy
Angel of the Dawn
Angel of the God-Pharaoh
Angel's Mercy
Angelfire Crusader
Angelheart Protector
Angelic Blessing
Angelic Edict
Angelic Page
Angelic Shield
Angelic Wall
Angler Drake
Anguished Unmaking
Animal Sanctuary
Ankle Biter
Annihilate
Annul
Anodet Lurker
Anointed Chorister
Anointer of Champions
Ant Queen
Ant-Man, Scott Lang
Antagonize
Anthem of Champions
Anticipate
Appa, Aang's Companion
Appa, the Vigilant
Appendage Amalgam
Appetite for the Unnatural
Apprentice Wizard
Araba Mothrider
Arachnoid
Aragorn, the Uniter
Arahbo, the First Fang
Arashin Cleric
Arasta of the Endless Web
Arbor Elf
Arborback Stomper
Arborea Pegasus
Arcane Encyclopedia
Arcane Sanctum
Arcanis the Omnipotent
Archaeological Dig
Archaeomancer
Archaeomender
Archangel
Archers of Qarsi
Archers' Parapet
Archivist
Archon of Justice
Archon of Sun's Grace
Archweaver
Arctic Flats
Arctic Treeline
Ardent Elementalist
Ardent Militia
Arenson's Aura
Argivian Archaeologist
Argivian Find
Argivian Restoration
Argothian Enchantress
Argothian Swine
Arid Mesa
Ark of Blight
Armageddon
Armor of Shadows
Armored Cancrix
Armored Griffin
Armored Pegasus
Armored Skaab
Armored Warhorse
Armored Whirl Turtle
Armored Wolf-Rider
Armorer Guildmage
Armory Paladin
Arms Dealer
Army Ants
Army of Allah
Arrogant Vampire
Artifact Blast
Artifact Unknown Shores
Artillerize
Artisan's Sorrow
Arvad the Cursed
Ascendant Evincar
Ascended Lawmage
Asgardian Citadel
Ash Barrens
Ashcoat Bear
Ashen Firebeast
Ashen Powder
Ashen Rider
Ashiok's Reaper
Ashnod's Altar
Aspiring Aeronaut
Assault Drone
Assault Griffin
Assault Zeppelid
Assembly-Worker
Atalan Jackal
Atlantean Cavalry
Atog
Atrocious Experiment
Attended Socialite
Attercop
Attrition
Atzocan Seer
Audacious Thief
Augmenting Automaton
Augury Owl
Aura Blast
Aura Extraction
Aura Fracture
Aura Shards
Auramancer
Auratog
Auriok Salvagers
Auriok Transfixer
Auroral Procession
Auspicious Arrival
Authority of the Consuls
Automatic Librarian
Avacyn's Memorial
Avacyn's Pilgrim
Avacyn, Angel of Hope
Avacynian Priest
Avatar Enthusiasts
Aven Archer
Aven Battle Priest
Aven Brigadier
Aven Cloudchaser
Aven Envoy
Aven Fleetwing
Aven Flock
Aven Fogbringer
Aven Reedstalker
Aven Sentry
Aven Skirmisher
Aven Trooper
Aven Wind Mage
Aven of Enduring Hope
Avengers Hangar
Aviary Mechanic
Aviation Pioneer
Awaken the Bear
Awakening Zone
Axebane Beast
Axebane Stag
Axegrinder Giant
Axgard Cavalry
Ayara, First of Locthwain
Aysen Abbey
Azorius Chancery
Azorius Cluestone
Azorius Guildgate
Azorius Signet
Azure Drake
Azure Mage
Azusa, Lost but Seeking
Back to Nature
Bad River
Badlands
Baffling End
Bake into a Pie
Balamb T-Rexaur
Balduvian Barbarians
Balduvian Bears
Baleful Strix
Balloon Peddler
Ballroom
Balmor, Battlemage Captain
Baloth Woodcrasher
Balshan Collaborator
Balshan Griffin
Balthor the Stout
Bamboo Grove Archer
Bane Alley Blackguard
Banehound
Banishing Betrayal
Banishment Decree
Banners Raised
Bant Battlemage
Bant Panorama
Bant Sojourners
Bar the Door
Barbarian Horde
Barbarian Lunatic
Barbarian Riftcutter
Barbary Apes
Barbtooth Wurm
Bargain
Barge In
Barkhide Mauler
Barktooth Warbeard
Baron, Airship Kingdom
Barony Vampire
Barrage Ogre
Barrage of Expendables
Barren Moor
Barrier of Bones
Barrow Witches
Bartizan Bats
Bartolomé del Presidio
Basal Thrull
Basilica Bell-Haunt
Basilica Skullbomb
Bassara Tower Archer
Bastion Enforcer
Bastion Mastodon
Bastion of Remembrance
Bathe in Dragonfire
Batterhorn
Battering Sliver
Battle Frenzy
Battle Rampart
Battle Sliver
Battle-Rage Blessing
Battleflight Eagle
Battlefly Swarm
Battleground Geist
Battlegrowth
Battlewand Oak
Battlewise Valor
Bay Falcon
Bayou
Beacon Hawk
Beaming Defiance
Beamsaw Prospector
Bear Cub
Bear Trap
Bear's Companion
Beast Whisperer
Beast in Show
Beast-Kin Ranger
Bedevil
Bee Sting
Beetleback Chief
Befoul
Belligerent Guest
Bellowing Crier
Bellows Lizard
Benalish Heralds
Benalish Marshal
Benalish Trapper
Benalish Veteran
Beneath the Sands
Benthic Giant
Beregond of the Guard
Beskir Shieldmate
Bestow Greatness
Bewildering Blizzard
Bigfin Bouncer
Bilbo's Deadly Slice
Bile Urchin
Billiard Room
Binding Mummy
Biomechan Engineer
Biotech Specialist
Bird Maiden
Birds of Paradise
Birnin Zana Plaza
Bishop of Rebirth
Bishop of Wings
Bishop's Soldier
Bitterbloom Bearer
Bitterbow Sharpshooters
Black Lotus
Black Waltz No. 3
Black Widow, Natasha Romanoff
Blacklance Paragon
Blade Sliver
Blade of the Sixth Pride
Bladebrand
Bladed Sentinel
Bladestitched Skaab
Bladewing the Risen
Blanchwood Treefolk
Blasted Landscape
Blaster Mage
Blazing Crescendo
Blazing Hellhound
Blazing Volley
Blessed Light
Blessed Orator
Blessed Spirits
Blight Grenade
Blight Keeper
Blighted Cataract
Blighted Fen
Blighted Gorge
Blighted Shaman
Blightsoil Druid
Blightspeaker
Blind Phantasm
Blinding Light
Blinding Mage
Blinding Spray
Blinking Spirit
Blinkmoth Well
Blistering Barrier
Blisterpod
Blisterstick Shaman
Blitzball Shot
Blood Age General
Blood Artist
Blood Bairn
Blood Celebrant
Blood Divination
Blood Glutton
Blood Host
Blood Pact
Blood Pet
Blood Price
Blood Rites
Blood Servitor
Blood Vassal
Bloodbriar
Bloodcrusher of Khorne
Bloodfell Caves
Bloodfire Colossus
Bloodfire Dwarf
Bloodfire Expert
Bloodfire Kavu
Bloodfire Mentor
Bloodflow Connoisseur
Bloodgift Demon
Bloodhunter Bat
Bloodline Necromancer
Bloodlust Inciter
Bloodpyre Elemental
Bloodrage Brawler
Bloodrite Invoker
Bloodsoaked Altar
Bloodstained Mire
Bloodstone Cameo
Bloodthrone Vampire
Blooming Stinger
Blor the Impervious
Blossom Dryad
Blossoming Defense
Blossoming Sands
Blur Sliver
Boa Constrictor
Boar-q-pine
Bog Glider
Bog Imp
Bog Initiate
Bog Witch
Bog Wreckage
Bogardan Firefiend
Bogardan Rager
Boggart Cursecrafter
Bogstomper
Bogwater Lumaret
Boil
Boiling Rock Prison
Boiling Seas
Bojuka Brigand
Bold Impaler
Bolt of Keranos
Boltwave
Boltwing Marauder
Bombard
Bond Beetle
Bond of Discipline
Bonded Fetch
Bone Flute
Bone Splinters
Bone to Ash
Bonebreaker Giant
Bonecaller Cleric
Bonesplitter Sliver
Book of Rass
Boomerang
Boomerang, Blade Flinger
Boon of the Wish-Giver
Border Guard
Border Patrol
Borderland Marauder
Borderland Minotaur
Boreal Druid
Boreal Shelf
Boris Devilboon
Boros Cluestone
Boros Garrison
Boros Guildgate
Boros Signet
Borough Backup
Botanical Plaza
Bottle Gnomes
Boulderborn Dragon
Bounce Off
Bounding Wolf
Bountiful Landscape
Bounty Agent
Braids, Cabal Minion
Braidwood Cup
Bramble Creeper
Bramblecrush
Brambleweft Behemoth
Brandywine Farmer
Brass Secretary
Brave-Kin Duo
Brazen Freebooter
Brazen Scourge
Brazen Wolves
Breaching Hippocamp
Break Asunder
Breakneck Berserker
Breath Weapon
Breath of Fire
Breath of Life
Breath of Malfegor
Breathstealer
Briarknit Kami
Briarpack Alpha
Bright Reprisal
Brilliant Plan
Brimstone Dragon
Brindle Boar
Brindle Shoat
Brine Shaman
Bristling Backwoods
Broadside Barrage
Broken Wings
Bronze Sable
Bronze Walrus
Bronzebeak Moa
Brood Monitor
Brood Weaver
Broodheart Engine
Broodhunter Wurm
Broodmate Dragon
Broodwarden
Brotherhood Patriarch
Brushstrider
Brutal Nightstalker
Brute Force
Brute Strength
Bull Cerodon
Bull Rush
Bulwark Giant
Bumbleflower's Sharepot
Burglar Rat
Buried Ruin
Burlfist Oak
Burn Bright
Burning Prophet
Burning-Yard Trainer
Burrenton Shield-Bearers
Burrog Banemaker
Burrowing Razormaw
Burst of Energy
Burst of Speed
Butcher of Malakir
Buzz Bots
Bygone Bishop
Byway Courier
Cabal Archon
Cabal Evangel
Cache Raiders
Cackling Fiend
Cackling Imp
Cadaver Imp
Caelorna, Coral Tyrant
Call of the Conclave
Call the Cavalry
Call the Scions
Call to Mind
Call to the Feast
Caller of Gales
Canal Monitor
Cancel
Candy Trail
Canoptek Spyder
Canopy Baloth
Canopy Gorger
Canopy Spider
Canopy Tactician
Canyon Crawler
Canyon Jerboa
Canyon Minotaur
Canyon Slough
Capashen Templar
Capashen Unicorn
Capital City
Capital Guard
Captain America, Unbowed
Captain Lannery Storm
Captain Storm, Cosmium Raider
Captain of Umbar
Captain of the Watch
Captain's Call
Captain's Defense
Captivating Cave
Captivating Unicorn
Captive Flame
Caravan Hurda
Careless Celebrant
Carnage Altar
Carnival of Souls
Carnivorous Moss-Beast
Carnivorous Plant
Carrier Thrall
Carrion Ants
Carrion Crow
Carrion Feeder
Carrion Howler
Carrion Screecher
Cartographer
Carven Caryatid
Cast Down
Castle Sengir
Cat Burglar
Cat Oven
Catacomb Crocodile
Catacomb Sifter
Catacomb Slug
Catalog
Catalyst Elemental
Cateran Brute
Cateran Kidnappers
Cateran Persuader
Cathar Commando
Cathar's Companion
Cathartic Adept
Cathedral Sanctifier
Cathodion
Cauldron Familiar
Caustic Caterpillar
Caustic Rain
Cavalry Pegasus
Cave of Temptation
Cavern Harpy
Cavern Thoctar
Celebrity Fencer
Celestial Prism
Celestial Purge
Cemetery Reaper
Centaur Archer
Centaur Courser
Centaur Glade
Centaur Healer
Centaur Nurturer
Centaur's Herald
Cephalid Looter
Cephalid Retainer
Cephalid Scout
Cerodon Yearling
Ceta Disciple
Cha'DIch Investigator
Champion of Arashin
Champion of the Parish
Champion of the Perished
Chandler
Channel the Suns
Chapel Geist
Chaplain's Blessing
Charcoal Diamond
Chardalyn Dragon
Charge
Charge Through
Charging Badger
Charging Bandits
Charging Griffin
Charging Monstrosaur
Charging Paladin
Charging Strifeknight
Charismatic Vanguard
Charity Extractor
Chartooth Cougar
Chase Inspiration
Chasm Drake
Chasm Guide
Checkpoint Officer
Chief of the Edge
Chief of the Foundry
Chief of the Scale
Child of Alara
Child of Night
Child of Thorns
Chill to the Bone
Chimney Rabble
Chorus of Woe
Chromatic Star
Chrome Cat
Chrome Prowler
Chronomaton
Cinder Barrens
Cinder Storm
Cirith Ungol Patrol
Citanul Druid
City Pigeon
Citywatch Sphinx
Civic Gardener
Civic Guildmage
Civic Stalwart
Clarion Cathars
Clattering Augur
Claws of Wirewood
Clay Revenant
Cleanfall
Cleanse
Cleansing Screech
Clear
Clear a Path
Cleaving Sliver
Clever Impersonator
Clickslither
Cliffhaven Sell-Sword
Cliffside Lookout
Clinquant Skymage
Cloak of Feathers
Cloaked Siren
Clockwork Drawbridge
Clockwork Fox
Clockwork Percussionist
Cloistered Telepath
Clone
Cloud Manta
Cloudblazer
Cloudchaser Eagle
Cloudcrown Oak
Cloudheath Drake
Cloudkin Seer
Cloudreader Sphinx
Cloudshift
Cloudshredder Sliver
Coal Golem
Coastal Drake
Coastal Hornclaw
Coastal Peak
Coastal Tower
Coat with Venom
Cobalt Golem
Cobblebrute
Codex Shredder
Coeurl
Cogwork Archivist
Cogworker's Puzzleknot
Cold Case Cracker
Cold-Water Snapper
Collateral Damage
Collective Blessing
Collector's Vault
Colorful Feiyi Sparrow
Colossadactyl
Colossal Dreadmaw
Colossal Dreadmaw and Storm Crow
Colossal Might
Colossapede
Colossodon Yearling
Combine Chrysalis
Command the Storm
Commercial District
Common Crook
Compelling Argument
Composite Golem
Compulsion
Concentrate
Concentrated Fire
Conclave Cavalier
Conclave Guildmage
Conclave Naturalists
Concordia Pegasus
Conduit Pylons
Confidence from Strength
Conifer Strider
Conscripted Infantry
Conservatory
Consider
Consulate Skygate
Consume the Meek
Contaminated Aquifer
Contaminated Landscape
Contemplation
Contingency Plan
Contraband Kingpin
Contract Killing
Contradict
Coordinated Charge
Copper Host Crusher
Copper Myr
Copper Tablet
Copy Artifact
Copy Enchantment
Copy Land
Coral Commando
Coral Eel
Coral Merfolk
Corpse Blockade
Corpse Hauler
Corpse Knight
Corpsehatch
Corridor Monitor
Corroding Dragonstorm
Corrupt Court Official
Corrupt Eunuchs
Corrupted Conviction
Corsair Captain
Cosmium Blast
Costly Plunder
Council of Advisors
Counsel of the Soratami
Counterspell
Courier Griffin
Courier Hawk
Courier's Briefcase
Courier's Capsule
Court Street Denizen
Cower in Fear
Cowl Prowler
Crack Open
Crackling Cyclops
Crackling Triton
Cradle of the Accursed
Crash Through
Crash of Rhinos
Crash the Ramparts
Crashing Drawbridge
Craterize
Craven Giant
Craven Knight
Craw Wurm
Crazed Skirge
Creeping Corrosion
Creeping Mold
Cremate
Crenellated Wall
Creosote Heath
Crested Herdcaller
Crime Novelist
Crimson Kobolds
Crimson Mage
Crimson Manticore
Crimson Operative
Crooked Custodian
Crookshank Kobolds
Crop Rotation
Crosis's Attendant
Crossbow Ambush
Crossbow Infantry
Crossroads Consecrator
Crossroads Watcher
Crosswinds
Crovax, Ascendant Hero
Crow of Dark Tidings
Crowd Favorites
Crucible of Fire
Cruel Celebrant
Cruel Edict
Cruel Truths
Cruel Witness
Crumbling Necropolis
Crush
Crustacean Commando
Crypt Creeper
Crypt Ripper
Crypt of the Eternals
Cryptic Annelid
Cryptothrall
Crystacean
Crystal Ball
Crystal Grotto
Crystal Quarry
Crystal Vein
Crystalline Sliver
Culling Sun
Culling the Weak
Cumber Stone
Cunning Breezedancer
Cunning Maneuver
Cunning Sparkmage
Curate
Curio Vendor
Curious Killbot
Cursebreak
Cursed Ronin
Custodian of the Trove
Cyclopean Mummy
Cyclopean Snare
Cyclops of Eternal Fury
Cyclops of One-Eyed Pass
Cylian Elf
Cynette, Jelly Drover
D'Avenant Archer
Dagger Caster
Daggerback Basilisk
Daggerclaw Imp
Daggerdrome Imp
Daggermaw Megalodon
Daily Bugle Newspaper
Dakmor Bat
Dakmor Ghoul
Dakmor Lancer
Dakmor Plague
Dakmor Scorpion
Damnation
Dampening Pulse
Dancing Scimitar
Daraja Griffin
Darigaaz's Attendant
Daring Demolition
Daring Mechanic
Daring Thunder-Thief
Dark Banishing
Dark Betrayal
Dark Deed
Dark Hatchling
Dark Heart of the Wood
Dark Nourishment
Dark Offering
Dark Prophecy
Dark Remedy
Dark Revenant
Dark Ritual
Darklit Gargoyle
Darkmoss Bridge
Darkslick Drake
Darksteel Citadel
Darksteel Forge
Darksteel Gargoyle
Darksteel Ingot
Darksteel Myr
Darksteel Pendant
Darksteel Relic
Darksteel Sentinel
Darkwater Catacombs
Darling of the Masses
Darting Merfolk
Daru Encampment
Dauntless Aven
Dauntless Escort
Dauntless Survivor
Dauntless Veteran
Davvol, Evincar of Rath
Dawn Gryff
Dawn's Light Archer
Dawnfeather Eagle
Dawnhart Disciple
Dawnhart Geist
Dawnhart Rejuvenator
Dawning Angel
Dawnstrike Paladin
Dawntreader Elk
Dawnwing Marshal
Day of Destiny
Day of Judgment
Daybreak Chaplain
Daybreak Charger
Daybreak Combatants
Daysquad Marshal
Dazzling Angel
Dazzling Ramparts
Deadapult
Deadbridge Shaman
Deadeye Duelist
Deadly Derision
Deadly Dispute
Deadly Insect
Deadly Recluse
Deadly Visit
Death Baron
Death Cultist
Death's-Head Buzzard
Death-Hood Cobra
Deathbloom Gardener
Deathbloom Thallid
Deathgaze Cockatrice
Deathgreeter
Deathgrip
Deathless Angel
Deathmark
Deathmark Prelate
Deathsprout
Deceptive Landscape
Deconstruct
Dedicated Martyr
Deduce
Deem Worthy
Deeproot Champion
Deeproot Elite
Deeproot Waters
Deepwood Drummer
Defenestrate
Defense Force Aggressor
Defiant Elf
Defiant Falcon
Defiant Khenra
Defiant Salvager
Defiant Strike
Deliberate
Delighted Killbot
Deluge
Delusions of Mediocrity
Demolish
Demon's Due
Demonic Gifts
Demonic Taskmaster
Demonic Tutor
Demystify
Deny Entry
Depths of Desire
Deputy of Acquittals
Deranged Outcast
Desecration Plague
Desert Cerodon
Desert Drake
Desert Sandstorm
Desert Twister
Desert of the Fervent
Desert of the Glorified
Desert of the Indomitable
Desert of the Mindful
Desert of the True
Deserted Temple
Desolate Lighthouse
Desolate Mire
Desolation Twin
Despark
Desperate Bloodseeker
Desperate Charge
Desperate Lunge
Despondent Killbot
Despotic Scepter
Destructive Digger
Destructor Dragon
Devastate
Devastation
Devil Dinosaur
Devilthorn Fox
Devkarin Dissident
Devoted Hero
Devoted Paladin
Devoted Retainer
Devotee of Strength
Devouring Swarm
Devout Decree
Devout Monk
Devout Witness
Diabolic Edict
Diabolic Intent
Diabolic Tutor
Diamond Kaleidoscope
Dictate of Erebos
Dictate of Heliod
Dimension X
Dimir Aqueduct
Dimir Cluestone
Dimir Guildgate
Dimir Informant
Dimir Signet
Dining Room
Dinosaur Stampede
Dire Fleet Hoarder
Dire Fleet Neckbreaker
Dire Fleet Poisoner
Direct Hit
Diregraf Captain
Diregraf Ghoul
Diresight
Disciple of the Sun
Disciple of the Vault
Discordant Piper
Disdainful Stroke
Disempower
Disenchant
Disentomb
Dismal Backwater
Dismiss
Dismissive Denial
Dismissive Pyromancer
Dispel
Dispeller's Capsule
Dispersal Technician
Disperse
Disposal Mummy
Disruptor Pistol
Disruptor Wanderglyph
Dissenter's Deliverance
Distract
Dive Bomber
Dive Down
Divebomber Griffin
Divination
Divine Arrow
Divine Verdict
Diving Griffin
Djinn of the Lamp
Dockside Chef
Dogged Hunter
Donatello, Way with Machines
Doom Blade
Doom Whisperer
Doom's Servo-Guards
Doomed Dissenter
Doomed Necromancer
Doomed Traveler
Doomwake Giant
Dori, Bearer of Friends
Dosan's Oldest Chant
Douse
Douse in Gloom
Douser of Lights
Dowsing Shaman
Draconic Disciple
Drag Under
Dragon Appeasement
Dragon Bell Monk
Dragon Blood
Dragon Egg
Dragon Engine
Dragon Fodder
Dragon Hatchling
Dragon Moose
Dragon Roost
Dragon Sniper
Dragon Trainer
Dragon's Presence
Dragonborn Looter
Dragonlair Spider
Dragoon's Wyvern
Drake-Skull Cameo
Drakewing Krasis
Dramatic Rescue
Drana's Emissary
Drannith Healer
Drannith Stinger
Dread Drone
Dread Reaper
Dread Shade
Dread of Night
Dreadbore
Dreadwing
Dreadwurm
Dream Beavers
Dream Stalker
Dreamstone Hedron
Dredge
Dreg Reaver
Dreg Recycler
Drifting Meadow
Drifting Shade
Drogskol Captain
Drogskol Cavalry
Dromar's Attendant
Dromoka Dunecaster
Dromoka Warrior
Dross Crocodile
Dross Hopper
Dross Ripper
Dross Scorpion
Dross Skullbomb
Drossforge Bridge
Drown in Shapelessness
Drown in Sorrow
Drowned Rusalka
Drowned Secrets
Drownyard Explorers
Drownyard Lurker
Drownyard Temple
Druid Lyrist
Druid of the Anima
Druid of the Cowl
Drunau Corpse Trawler
Dry Spell
Dryad Arbor
Dukhara Peafowl
Dune Beetle
Dunes of the Dead
Dungeon Shade
Durable Coilbug
Durkwood Boars
Dusk Imp
Dusk Legion Zealot
Duskborne Skymarcher
Duskdale Wurm
Duskmantle, House of Shadow
Dust Bowl
Dutiful Servants
Dwarven Castle Guard
Dwarven Demolition Team
Dwarven Lieutenant
Dwarven Miner
Dwarven Provisioner
Dwarven Ruins
Dwarven Trader
Déjà Vu
Eager Cadet
Eager Glyphmage
Eager Trufflesnout
Eagle of the Watch
Earth Elemental
Earth Kingdom Protectors
Earth Surge
Earth-Origin Yak
Earthblighter
Earthshaker
Earthshaking Si
East Wind Avatar
Eastern Paladin
Easy Prey
Eat to Extinction
Ebon Dragon
Ebon Stronghold
Ebony Rhino
Ebony Treefolk
Eel-Hounds
Efficient Construction
Eidolon of Blossoms
Eidolon of Philosophy
Elas il-Kor, Sadistic Pilgrim
Elder Auntie
Elderfang Disciple
Elderfang Ritualist
Elderfang Venom
Elderleaf Mentor
Eldrazi Devastator
Eldrazi Repurposer
Eldrazi Skyspawner
Electric Eel
Electrify
Electrostatic Field
Electrostatic Infantry
Elegant Entourage
Elegant Parlor
Elementalist Adept
Elesh Norn, Grand Cenobite
Elf Replica
Elfhame Palace
Elfhame Wurm
Elfsworn Giant
Elgaud Inquisitor
Eliminate
Elite Archers
Elite Arrester
Elite Guardmage
Elite Instructor
Elite Vanguard
Elixir of Vitality
Elturgard Ranger
Elven Cache
Elven Fortress
Elven Lyre
Elven Palisade
Elvish Aberration
Elvish Doomsayer
Elvish Herder
Elvish Lookout
Elvish Lyrist
Elvish Mystic
Elvish Ranger
Elvish Regrower
Elvish Scrapper
Elvish Skysweeper
Elvish Vanguard
Elvish Visionary
Elvish Warrior
Emancipation Angel
Ember Hauler
Ember Shot
Ember-Eye Wolf
Embodiment of Spring
Embraal Gear-Smasher
Embrace Oblivion
Emerge from the Cocoon
Emergency Medical Hologram
Emergency Weld
Emeria Angel
Emmessi Tome
Empyrean Eagle
Emrakul's Hatcher
Emrakul's Influence
Emrakul's Messenger
Enatu Golem
Enchanted Prairie
Enchantress's Presence
Encroaching Wastes
Endless Cockroaches
Energizer
Energy Refractor
Enforcer Griffin
Engine Rat
Engulfing Eruption
Enhanced Awareness
Enlightened Ascetic
Enlightened Maniac
Enormous Baloth
Enraged Flamecaster
Enraged Killbot
Entomb
Envelop
Envoy of Okinec Ahau
Ephemeron
Epic Downfall
Epitaph Golem
Erase
Erdwal Ripper
Erebor Flamesmith
Erkenbrand, Lord of Westfold
Eroded Canyon
Erratic Visionary
Ertai, Wizard Adept
Ertai, the Corrupted
Erudite Wizard
Escape Routes
Esper Cormorants
Esper Panorama
Esperzoa
Essence Drain
Essence Extraction
Essence Feed
Essence Scatter
Essence Warden
Etched Familiar
Eternal Witness
Ethereal Guidance
Etherium Astrolabe
Etherium Spinner
Eumidian Terrabotanist
Evaporate
Eviscerate
Evolving Wilds
Excavated Wall
Excavation Mole
Exclude
Exclusion Mage
Excommunicate
Execute
Executioner's Capsule
Exiled Boggart
Exocomp
Exorcist
Expedite
Expedition Envoy
Expendable Troops
Experimental Aviator
Exploration
Explosive Apparatus
Explosive Impact
Explosive Shot
Expose to Daylight
Expunge
Extinguish
Extinguish All Hope
Exultant Cultist
Exultant Skymarcher
Eye of Nowhere
Eye of Ramos
Eyeblight Cullers
Eyeblight Massacre
Eyeless Watcher
Facet Reader
Facevaulter
Fade from Memory
Fade into Antiquity
Faerie Formation
Faerie Invaders
Faerie Seer
Faerie Vandal
Failed Inspection
Faithbearer Paladin
Faithful Watchdog
Fake Your Own Death
Falkenrath Marauders
Falkenrath Noble
Falkenrath Reaver
Fall of the Gavel
Fallen Angel
Fallow Earth
False Defeat
False Mourning
False Summoning
Famine
Fan Bearer
Fanatical Fever
Fanatical Firebrand
Fanatical Strength
Fang Guardian
Fang of Shigeki
Fangren Hunter
Fangren Marauder
Fangren Pathcutter
Farseek
Fate Forgotten
Fate Unraveler
Fateful Discovery
Fateful End
Fathom Fleet Firebrand
Favorable Winds
Fear of Lost Teeth
Fear of Surveillance
Fearless Fledgling
Fearless Halberdier
Featherbrained Filcher
Feed the Serpent
Feiyi Snake
Felhide Minotaur
Felhide Petrifier
Felidar Cub
Felidar Guardian
Fell
Fell the Pheasant
Femeref Archers
Femeref Enchantress
Femeref Scouts
Fencer Clique
Feral Abomination
Feral Ferocity
Feral Krushok
Feral Maaka
Feral Prowler
Feral Ridgewolf
Feral Roar
Feral Shadow
Ferocious Charge
Ferocious Pup
Ferocious Zheng
Ferocity of the Wilds
Ferrous Lake
Ferrovore
Fervor
Festergloom
Festering Evil
Festering Gulch
Festering Thicket
Festival Crasher
Fetid Horror
Fetid Imp
Fetid Pools
Field Creeper
Field of Souls
Fields of Strife
Fierce Witchstalker
Fiery Cannonade
Fiery Conclusion
Fiery Fall
Fiery Finish
Fiery Hellhound
Fiery Islet
Fighting Drake
Filigree Crawler
Filigree Familiar
Filigree Sages
Final Death
Final Flare
Final Reward
Final Vengeance
Finishing Blow
Fire Ambush
Fire Diamond
Fire Elemental
Fire Imp
Fire Nation Ambushers
Fire Nation Archers
Fire Nation Soldier
Fire Nation's Conquest
Fire Snake
Fire Sprites
Fire Tempest
Fire Urchin
Fire-Omen Crane
Firebrand Archer
Firefly
Fireforger's Puzzleknot
Firehoof Cavalry
Fires of Yavimaya
Firescreamer
Firespitter Whelp
Firewing Phoenix
Fisk Tower
Fissure
Fists of the Anvil
Flame Lash
Flame Rift
Flame Slash
Flame Spirit
Flame Sweep
Flame-Kin Zealot
Flameborn Viron
Flamecast Wheel
Flamekin Brawler
Flamekin Gildweaver
Flamekin Spitfire
Flametongue Kavu
Flamewright
Flaming Fist Officer
Flanking Troops
Flash Counter
Flashfires
Flashfreeze
Flayed One
Fledgling Djinn
Fledgling Griffin
Fledgling Imp
Fleetfoot Dancer
Fleetfoot Panther
Fleeting Image
Fleeting Memories
Flesh Burrower
Flesh to Dust
Fleshtaker
Flick a Coin
Flood
Flood Plain
Flooded Strand
Floodhound
Flourishing Fox
Flowstone Channeler
Flowstone Charger
Flowstone Crusher
Flowstone Giant
Flowstone Hellion
Flowstone Infusion
Flowstone Mauler
Flowstone Overseer
Flowstone Shambler
Flowstone Strike
Flowstone Surge
Flowstone Thopter
Flowstone Wall
Flowstone Wyvern
Flurry of Horns
Flying Carpet
Flying Dolphin-Fish
Flying Men
Fodder Cannon
Foggy Bottom Swamp
Folk of the Pines
Fomori Nomad
Font of Fertility
Font of Fortunes
Font of Vigor
Foot Headquarters
Foot Soldiers
For the Emperor!
Foratog
Force of Savagery
Forced Fruition
Forced Landing
Forced Retreat
Foreboding Landscape
Forecasting Fortune Teller
Foresee
Forest
Forest Bear
Forgeborn Oreads
Forgotten Cave
Forgotten Sentinel
Forlorn Flats
Forsake the Worldly
Forsaken Drifters
Forsaken Sanctuary
Fortified Rampart
Fortifying Provisions
Fortress Crab
Forum of Amity
Foul Familiar
Foul Imp
Foul Orchard
Foundry Street Denizen
Foundry of the Consuls
Fountain Watch
Fountain of Renewal
Fountain of Youth
Fountainport
Fracture
Fractured Sanity
Fragmentize
Frazzle
Free Borg Revolutionaries
Frenzied Devils
Frenzied Raptor
Frenzied Tilling
Fresh Volunteers
Fretwork Colony
Friendly Ghost
Friendly Teddy
Frog Butler
Frog-Squirrels
Frontier Bivouac
Frontier Guide
Frost Marsh
Frost Ogre
Frostbridge Guard
Frostling
Frostwind Invoker
Frozen Aether
Frozen Shade
Fuel the Flames
Fugitive Wizard
Funeral Rites
Furnace Host Charger
Furnace Spirit
Furnace Whelp
Furtive Analyst
Fusion Elemental
Futurist Forge
Fyndhorn Brownie
Fyndhorn Elder
Fyndhorn Elves
Gaea's Anthem
Gaea's Skyfolk
Gainsay
Galactic Wayfarer
Galadhrim Guide
Gale Force
Gale Swooper
Galerider Sliver
Galewind Moose
Gallant Cavalry
Gallantry
Gallows Warden
Galvanic Key
Gargoyle Castle
Garrison Cat
Garrison Griffin
Garruk's Companion
Garruk's Gorehorn
Gates of Istfell
Gavony Trapper
Gavony Unhallowed
Geist Snatch
Geist of the Archives
Geist of the Moors
Geistcatcher's Rig
Gempalm Sorcerer
Gempalm Strider
Generous Ent
Generous Stray
Generous Visitor
Genghis Frog
Geothermal Bog
Geothermal Crevice
Gerrard's Battle Cry
Gerrard's Irregulars
Get the Point
Geth's Verdict
Geyser Glider
Ghen, Arcanum Weaver
Ghirapur Gearcrafter
Ghirapur Osprey
Ghitu War Cry
Ghost Tactician
Ghost Warden
Ghost-Lit Nourisher
Ghost-Lit Raider
Ghost-Lit Redeemer
Ghostly Sentinel
Ghostly Visit
Giant Caterpillar
Giant Cockroach
Giant Crab
Giant Fly
Giant Growth
Giant Mantis
Giant Octopus
Giant Scorpion
Giant Spider
Giant Warthog
Giant's Boulder
Gibbering Barricade
Gideon's Lawkeeper
Gideon's Reproach
Gift of Strength
Gifted Aetherborn
Gigantosaurus
Gilacorn
Gild
Gilded Goose
Gilded Lotus
Gilded Sentinel
Gin'tak Charge
Githzerai Monk
Give In to Violence
Gixian Puppeteer
Glacial Floodplain
Glacial Wall
Glacier Godmaw
Gladecover Scout
Gladiolus Amicitia
Glare of Heresy
Glass Golem
Glaze Fiend
Gleaming Barrier
Gleaming Geardrake
Glidedive Duo
Glider Kids
Glimmerburst
Glimmering Angel
Glimpse the Unthinkable
Glint
Glintwing Invoker
Glistening Deluge
Glittering Massif
Glittermonger
Gloom Pangolin
Gloomhunter
Glorifier of Dusk
Glorious Anthem
Glorious Charge
Glory Seeker
Glowing Anemone
Gluttonous Guest
Gnarled Mass
Gnathosaur
Gnawing Zombie
Gnottvold Recluse
Gnottvold Slumbermound
Go for the Throat
Go-Shintai of Life's Origin
Gobbling Ooze
Gobland
Goblin Arsonist
Goblin Assailant
Goblin Assault Team
Goblin Balloon Brigade
Goblin Bombardment
Goblin Bruiser
Goblin Bully
Goblin Burrows
Goblin Cavaliers
Goblin Chariot
Goblin Chieftain
Goblin Commando
Goblin Deathraiders
Goblin Digging Team
Goblin Firebomb
Goblin Firebug
Goblin Gang Leader
Goblin Gardener
Goblin General
Goblin Glider
Goblin Grenade
Goblin Hero
Goblin Instigator
Goblin Lookout
Goblin Masons
Goblin Motivator
Goblin Oriflamme
Goblin Picker
Goblin Piker
Goblin Raider
Goblin Rally
Goblin Replica
Goblin Roughrider
Goblin Settler
Goblin Sky Raider
Goblin Sledder
Goblin Soothsayer
Goblin Trenches
God-Pharaoh's Faithful
Gods' Eye, Gate to the Reikai
Godsire
Gohn, Town of Ruin
Gold Myr
Gold-Forged Sentinel
Golden Bear
Golden Egg
Golden Hind
Golden-Tail Disciple
Goldmeadow Harrier
Goldmeadow Lookout
Goldmire Bridge
Goldnight Commander
Golgari Cluestone
Golgari Death Swarm
Golgari Findbroker
Golgari Germination
Golgari Guildgate
Golgari Rot Farm
Golgari Rotwurm
Golgari Signet
Goliath Beetle
Goliath Sphinx
Goliath Spider
Gone Missing
Gongaga, Reactor Town
Goobbue Gardener
Gore Swine
Gorilla Warrior
Gorn Captain
Graceful Cat
Graf Mole
Granite Gargoyle
Granulate
Grapeshot Catapult
Grappler Spider
Grappling Sundew
Grasping Longneck
Grasping Thrull
Grassland Crusader
Grasslands
Gravedigger
Gravel-Hide Goblin
Gravewaker
Gravitational Shift
Gravkill
Gray Ogre
Graypelt Hunter
Graypelt Refuge
Grazing Gladehart
Grazing Whiptail
Great Forest Druid
Great Furnace
Great Hart
Great-Horn Krushok
Greater Basilisk
Greater Forgeling
Greed
Greedy Freebooter
Greenside Watcher
Greenweaver Druid
Greenwood Sentinel
Grendel, Spawn of Knull
Greta, Sweettooth Scourge
Grey Havens Navigator
Griffin Dreamfinder
Griffin Protector
Griffin Sentinel
Grim Backwoods
Grim Bauble
Grim Bounty
Grim Guardian
Grim Tutor
Grimclaw Bats
Griptide
Griselbrand
Grisly Ritual
Gristle Grinner
Grixis Panorama
Grixis Sojourners
Grizzled Leotau
Grizzled Outrider
Grizzly Bears
Grotesque Mutation
Groundshaker Sliver
Groundskeeper
Grove Rumbler
Growth Spasm
Gruul Cluestone
Gruul Guildgate
Gruul Signet
Gruul Turf
Gryff Vanguard
Guadosalam, Farplane Gateway
Guarded Heir
Guardian Automaton
Guardian Kirin
Guardian Lions
Guardian of Cloverdell
Guardian of Pilgrims
Guardian of Solitude
Guardian of the Halls
Guardians of Meletis
Guardians' Pledge
Guildless Commons
Gumato
Gundabad Opportunist
Gust-Skimmer
Gutless Ghoul
Gutter Skulk
Guttersnipe
Guul Draz Mucklord
Gyre Engineer
HYDRA Assault Robot
Haazda Exonerator
Haazda Officer
Hada Freeblade
Hag of Dark Duress
Hag of Death's Legion
Hag of Syphoned Breath
Hag of Twisted Visions
Hagra Crocodile
Hail Storm
Hajar, Loyal Bodyguard
Hall
Hall of Heliod's Generosity
Hallowed Ground
Halt Order
Hamato Guardian Stance
Hammer of Purphoros
Hammerfist Giant
Hammerhead, Maggia Boss
Hampering Snare
Hana Kami
Hand of Death
Hand of Silumgar
Hanna's Custody
Hanna, Ship's Navigator
Hapless Researcher
Happy Hogan, Dauntless Driver
Hard Evidence
Hardened Escort
Hardened Tactician
Harmattan Efreet
Harmonize
Harnessed Snubhorn
Harrier Griffin
Harrier Naga
Harrier Strix
Harrowing Journey
Haru-Onna
Harvester of Souls
Hashep Oasis
Hatching Plans
Hate Weaver
Haunted Crossroads
Haunted Mire
Haunter of Nightveil
Havengul Skaab
Havengul Vampire
Havenwood Battleground
Havenwood Wurm
Havoc
Havoc Demon
Havoc Devils
Havoc Jester
Hawkeater Moth
Hawkeye, Clint Barton
Haywire Mite
He's Dead, Jim
Headless Horseman
Headless Rider
Headwater Sentries
Healer of the Glade
Healer of the Pride
Healer's Flock
Healer's Hawk
Healing Hands
Heap Doll
Heart Sliver
Heart Warden
Heart of Ramos
Heartfire
Hearthcage Giant
Heavenly Qilin
Heavy Ballista
Heavy Infantry
Hecteyes
Hedge Maze
Hedron Archive
Hedron Crab
Hedron Crawler
Hedron Rover
Hedron Scrabbler
Helionaut
Hell Swarm
Hell's Kitchen
Hellkite Punisher
Helpful Hunter
Helping Hand
Hematite Golem
Henge Guardian
Henge of Ramos
Herald of Dromoka
Herald of Faith
Herald of the Fair
Herald of the Sun
Herd Gnarr
Hermitic Nautilus
Hero of Goma Fada
Hero of the Dunes
Hero's Demise
Hero's Downfall
Heroes' Reunion
Heroic Intervention
Heroic Reinforcements
Hexplate Golem
Hidden Grotto
Hieroglyphic Illumination
Hierophant's Chalice
High Market
Highborn Vampire
Highland Forest
Highland Game
Highland Giant
Highland Lake
Highland Weald
Highspire Mantis
Highway Robber
Hill Giant
Hill Giant Herdgorger
Hill Gigas
Hinterland Sanctifier
Hippo-Cows
Hired Blade
Hired Poisoner
Hisoka's Defiance
Hitchclaw Recluse
Hithlain Knots
Hive Stirrings
Hoar Shade
Hoard Robber
Hobbit Hole
Hobblefiend
Hold the Line
Hollow Dogs
Hollowhenge Beast
Holy Cow
Holy Light
Homarid Explorer
Homarid Shaman
Honey Mammoth
Honor
Honor Guard
Honor of the Pure
Honored Crop-Captain
Honored Heirloom
Honored Knight-Captain
Hoodwink
Hoof Skulkin
Hop to It
Hopping Automaton
Hordeling Outburst
Horizon Canopy
Horizon Chimera
Horizon Scholar
Horn of Ramos
Horned Kavu
Horned Sliver
Horned Turtle
Hornet Queen
Hornet Sting
Hornswoggle
Horrid Vigor
Horrifying Revelation
Horror of the Dim
Horta
Hostile Minotaur
Hotfoot Gnome
Hour of Defeat
Hover Barrier
Hovermyr
Howling Fury
Howling Giant
Howlpack Resurgence
Huatli's Snubhorn
Hulk, Bruce Banner
Hulking Bugbear
Hulking Cyclops
Hulking Devil
Hulking Goblin
Hulking Ogre
Hullcarver
Human Frailty
Humble Budoka
Humbler of Mortals
Humongulus
Hundroog
Hungry Ghoul
Hungry Megasloth
Hungry Spriggan
Hunted Lammasu
Hunted Witness
Hunting Drake
Hurler Cyclops
Hurloon Minotaur
Hush
Hussar Patrol
Hyalopterous Lemure
Hydrolash
Hyena Pack
Hymn of Rebirth
Hyrax Tower Scout
Hysterical Blindness
Icatian Crier
Icatian Lieutenant
Icatian Priest
Icatian Town
Ice Storm
Ice Tunnel
Iceberg Cancrix
Icecave Crasher
Iceridge Serpent
Icewind Elemental
Icy Manipulator
Idyllic Beachfront
Igneous Cur
Igneous Golem
Igneous Pouncer
Iguana Parrot
Il Mheg Pixie
Ill-Gotten Inheritance
Illegitimate Business
Illness in the Ranks
Illusory Demon
Illvoi Galeblade
Imaginary Friends
Immolating Glare
Immortal Phoenix
Impact Tremors
Impale
Impassioned Orator
Impeccable Timing
Imperial Aerosaur
Imperial Oath
Imperial Outrider
Imperious Inkmage
Imperious Perfect
Implement of Examination
Implement of Ferocity
Implement of Improvement
Implement of Malice
Implements of Sacrifice
Implode
Impolite Entrance
Imposing Sovereign
Imposing Vantasaur
Improbable Alliance
Improvised Club
Improvised Weaponry
Impulse
In Garruk's Wake
In Oketra's Name
Incandescent Aria
Incendiary Sabotage
Incubator Drone
Incurable Ogre
Indatha Crystal
Indatha Triome
Indebted Samurai
Independent Troops
Indomitable Ancients
Indrik Stomphowler
Infantry Veteran
Infectious Horror
Infectious Host
Infernal Grasp
Infernal Idol
Infernal Plunge
Infernal Tribute
Inferno
Infest
Infestation Sage
Infuriate
Infuse with Vitality
Ingenious Skaab
Initiate's Companion
Inkrise Infiltrator
Inner-Chamber Guard
Inordinate Rage
Insatiable Harpy
Inside Source
Insight
Insomnia, Crown City
Inspiration
Inspired Charge
Inspired Insurgent
Inspiring Captain
Inspiring Cleric
Inspiring Overseer
Inspiring Unicorn
Inspiring Veteran
Instant Ramen
Intangible Virtue
Into the North
Intrepid Provisioner
Intrepid Tenderfoot
Introduction to Prophecy
Intruding Soulrager
Invasion Reinforcements
Invasive Species
Invoke the Divine
Iona's Judgment
Ipnu Rivulet
Irencrag Pyromancer
Iroh, Firebending Instructor
Iron Giant
Iron Man, Tony Stark
Iron Myr
Iron Tusk Elephant
Iron Will
Iron-Barb Hellion
Ironclad Krovod
Ironclad Slayer
Ironhoof Boar
Ironpaw Aspirant
Ironroot Treefolk
Ironshell Beetle
Ironwright's Cleansing
Irrigated Farmland
Irrigation Ditch
Isamaru and Yoshimaru
Isamaru, Hound of Konda
Island
Isolate
Ithilien Kingfisher
Ivy Lane Denizen
Ixalli's Keeper
Izzet Boilerworks
Izzet Chronarch
Izzet Cluestone
Izzet Guildgate
Izzet Signet
Jace's Erasure
Jace's Ingenuity
Jackalope Herd
Jacques le Vert
Jaddi Offshoot
Jade Avenger
Jade Bearer
Jade Guardian
Jade Mage
Jade-Cast Sentinel
Jadecraft Artisan
Jagged Barrens
Jagwasp Swarm
Jalum Tome
Jan Jansen, Chaos Crafter
Jandor's Saddlebags
Jarvis, Earth's Mightiest Butler
Jasmine Boreal
Jawbone Skulkin
Jaya's Firenado
Jaya's Greeting
Jayemdae Tome
Jedit Ojanen
Jedit's Dragoons
Jelenn Sphinx
Jenara, Asura of War
Jennika, Bad Apple Big Sister
Jerrard of the Closed Fist
Jeskai Banner
Jeskai Barricade
Jeskai Sage
Jeskai Shrinekeeper
Jeskai Student
Jeskai Windscout
Jetmir's Garden
Jewel Thief
Jewel-Eyed Cobra
Jhessian Lookout
Jhessian Thief
Jhovall Queen
Jhovall Rider
Jibbirik Omnivore
Johnny, Combo Player
Join the Ranks
Jokulhaups
Joraga Bard
Joraga Visionary
Joust Through
Joven
Judith, the Scourge Diva
Jumbo Cactuar
Jump
Jund Battlemage
Jund Panorama
Jund Sojourners
Jungle Barrier
Jungle Creeper
Jungle Delver
Jungle Hollow
Jungle Lion
Jungle Shrine
Jungle Weaver
Jungleborn Pioneer
Juniper Order Druid
Junktroller
Juzám Djinn
Jwar Isle Refuge
Jwari Scuttler
Jwari Shapeshifter
Kabira Crossroads
Kabuto Moth
Kaervek's Hex
Kaervek, the Spiteful
Kalakscion, Hunger Tyrant
Kalastria Healer
Kaleidostone
Kalonian Behemoth
Kalonian Tusker
Kamahl, Pit Fighter
Kambal, Consul of Allocation
Kami of Ancient Law
Kami of Old Stone
Kami of Tattered Shoji
Kami of Twisted Reflection
Kami of the Hunt
Kapsho Kitefins
Karakas
Kargan Warleader
Kasimir the Lone Wolf
Kavu Climber
Kavu Glider
Kavu Monarch
Kaysa
Kazandu Nectarpot
Kazandu Refuge
Keen Glidemaster
Keen-Eyed Archers
Keen-Eyed Raven
Keeneye Aven
Keening Apparition
Keeper of the Cadence
Keepers of the Faith
Keldon Necropolis
Kelinore Bat
Kemba's Skyguard
Kemuri-Onna
Kenrith, the Returned King
Kessig Flamebreather
Kessig Recluse
Ketria Crystal
Ketria Triome
Khalni Garden
Khenra Charioteer
Kher Keep
Kill Shot
Killer Bees
Killer Whale
Kiln Fiend
Kiln Walker
Kindercatch
Kindly Customer
King Cheetah
King Crab
King Darien XLVIII
King Suleiman
King of the Pride
Kingfisher
Kingpin's Enforcers
Kinjalli's Sunwing
Kinsbaile Balloonist
Kinsbaile Skirmisher
Kiora's Follower
Kiri-Onna
Kismet
Kiss of the Amesha
Kitchen
Kitesail Scout
Kithkin Daggerdare
Kithkin Mourncaller
Kithkin Shielddare
Kitsune Dawnblade
Kitsune Diviner
Klingon Strike Force
Knight Errant
Knight Watch
Knight of Doves
Knight of New Benalia
Knight of the Keep
Knight of the New Coalition
Knight of the Tusk
Knightfisher
Knights of Dol Amroth
Knotvine Mystic
Knowledge Seeker
Knucklebone Witch
Koala-Sheep
Kobold Drill Sergeant
Kobold Taskmaster
Kobolds of Kher Keep
Kodama of the North Tree
Kolinahr Priest
Komodo Rhino
Konda, Lord of Eiganjo
Kongming, "Sleeping Dragon"
Kor Celebrant
Kor Entanglers
Kor Sky Climber
Kor Skyfisher
Koskun Keep
Kothophed, Soul Hoarder
Kozilek's Channeler
Kozilek's Predator
Kozilek's Unsealing
Kraken Hatchling
Krang, Utrom Warlord
Kranioceros
Krark-Clan Ironworks
Krark-Clan Shaman
Krark-Clan Stoker
Kraul Stinger
Kraul Warrior
Kraul Whipcracker
Kree Commandos
Kree Sentinel
Krenko's Command
Kris Mage
Krosan Archer
Krosan Groundshaker
Krovikan Scoundrel
Kruin Striker
Kujar Seedsculptor
Kuldotha Rebirth
Kulrath Mystic
Kulrath Zealot
Kurgadon
Kykar, Wind's Fury
Kyoshi Village
Kyoshi Warrior Guard
Kyoshi Warriors
Kyren Glider
Laboratory Brute
Lace with Moonglove
Lady Caleria
Lady Orca
Lagac Lizard
Lampad of Death's Vigil
Landscaper Colos
Languish
Lantern Kami
Lantern Scout
Lantern Spirit
Larger Than Life
Lash of Thorns
Last Caress
Last Kiss
Late to Dinner
Lathliss, Dragon Queen
Lathnu Sailback
Launch Mishap
Lava Flow
Lava Hounds
Lava Serpent
Lava Zombie
Lavafume Invoker
Law-Rune Enforcer
Lawbringer
Lawless Broker
Lay Waste
Lazotep Behemoth
Leaden Myr
Leaf Arrow
Leaf Gilder
Leap
Leaping Lizard
Leaping Master
Leatherback Baloth
Leave in the Dust
Legion Extruder
Legion Guildmage
Legion Lieutenant
Leonin Abunas
Leonin Armorguard
Leonin Bladetrap
Leonin Elder
Leonin Skyhunter
Leonin Snarecaster
Leonin Squire
Leonin Sun Standard
Leonin of the Lost Pride
Leopard-Spotted Jiao
Letter of Acceptance
Levitation
Ley Druid
Leyline Prowler
Library
Library Larcenist
Lich's Caress
Lieutenant Kirtar
Lifecreed Duo
Lifeforce
Lifegift
Lifespring Druid
Lightbringer
Lightning Angel
Lightning Blast
Lightning Bolt
Lightning Elemental
Lightning Helix
Lightning Javelin
Lightning Stormkin
Lightning Strike
Lightning Visionary
Lightning-Core Excavator
Lightshell Duo
Lightshield Parry
Liliana's Mastery
Liliana's Specter
Liliana's Steward
Limestone Golem
Liturgy of Blood
Living Lightning
Living Tempest
Lizard Warrior
Llanowar Cavalry
Llanowar Dead
Llanowar Elves
Llanowar Envoy
Llanowar Mentor
Llanowar Stalker
Llanowar Tribe
Llanowar Vanguard
Llanowar Visionary
Locke Cole
Locthwain Gargoyle
Lone Missionary
Lonely Arroyo
Lonely Sandbar
Looming Altisaur
Looming Hoverguard
Loporrit Scout
Loran's Escape
Loran, Disciple of History
Lord of the Undead
Lord of the Unreal
Lorehold Campus
Lorescale Coatl
Los Diablos Missile Base
Lost Legion
Lothlórien Lookout
Lotus Guardian
Lotus Path Djinn
Lotus Petal
Lotus-Eye Mystics
Lotusguard Disciple
Lounge
Lovisa Coldeyes
Lowland Giant
Loxodon Convert
Loxodon Gatekeeper
Loxodon Line Breaker
Loxodon Mystic
Loxodon Wayfarer
Lucent Liminid
Lucky Offering
Lumberknot
Lumengrid Gargoyle
Lumengrid Sentinel
Lumengrid Warden
Luminous Angel
Lunatic Pandora
Lurching Rotbeast
Lurking Lizards
Lurking Nightstalker
Lush Oasis
Lush Portico
Lys Alana Bowmaster
Lys Alana Huntmaster
Lys Alana Informant
Lórien Revealed
M.O.D.O.K., Evil Intellect
Maalfeld Twins
Machine Man, Model X-51
Machinesmith Automaton
Mad Prophet
Mad Ratter
Madrush Cyclops
Mage's Guile
Magic Pot
Magma Giant
Magma Jet
Magma Phoenix
Magma Rift
Magma Vein
Magmaw
Magnetic Flux
Magnify
Magnifying Glass
Magnigoth Sentry
Magus of the Bridge
Magus of the Disk
Mahamoti Djinn
Maja, Bretagard Protector
Majestic Heliopterus
Make Obsolete
Make a Stand
Makeshift Munitions
Makindi Aeronaut
Makindi Griffin
Makindi Ox
Makindi Patrol
Makindi Shieldmate
Makindi Sliderunner
Malachite Golem
Malakir Cullblade
Malamet Brawler
Malamet War Scribe
Malcator's Watcher
Malevolent Awakening
Malevolent Chandelier
Malevolent Noble
Mammoth Spider
Man-o'-War
Mana Confluence
Mana Cylix
Mana Geode
Mana Prism
Manakin
Manalith
Mandible Justiciar
Mandroid Squadron
Maned Serval
Manglehorn
Manhole Cover
Manic Vandal
Manta Riders
Mantis Rider
Maraleaf Pixie
Marble Chalice
Marble Diamond
Mardu Banner
Mardu Hateblade
Maritime Guard
Marker Beetles
Markov Dreadknight
Markov Patrician
Marsh Flats
Marsh Gas
Marshal of Zhalfir
Marshdrinker Giant
Martyr of Dusk
Marvelous Melee
Mass Calcify
Mass Production
Mass of Ghouls
Massive Might
Master Decoy
Master Splicer
Master Trinketeer
Master of the Feast
Master's Call
Masterwork of Ingenuity
Maul Splicer
Mausoleum Guard
Maw of the Mire
Maw of the Obzedat
Mawcor
Maze Skullbomb
Meandering River
Meditation Pools
Megantic Sliver
Megatog
Memnite
Memorial to Folly
Memorial to Genius
Memorial to Glory
Memorial to War
Memory Drain
Memory Erosion
Meng Huo's Horde
Meng Huo, Barbarian King
Mental Discipline
Mental Journey
Mental Note
Mephitic Vapors
Merchant of Many Hats
Merchant of Secrets
Merciless Enforcers
Merciless Resolve
Mercurial Geists
Merfolk Coralsmith
Merfolk Looter
Merfolk Mesmerist
Merfolk Mistbinder
Merfolk Traders
Merfolk of the Pearl Trident
Merrow Witsniper
Mesa Cavalier
Mesa Enchantress
Mesa Unicorn
Messenger Drake
Metal Fatigue
Metallic Sliver
Metalspinner's Puzzleknot
Meteor Golem
Meteorite
Meticulous Archive
Meticulous Artisan
Midnight Assassin
Midnight Entourage
Midnight Haunting
Midnight Reaper
Might Sliver
Might Weaver
Might of Oaks
Mightstone
Mighty Leap
Migrating Ketradon
Migratory Route
Mikokoro, Center of the Sea
Millennial Gargoyle
Millstone
Minamo, School at Water's Edge
Mind Sculpt
Mind Stone
Mindeye Drake
Mine Bearer
Miner's Bane
Minor Misstep
Minotaur Abomination
Minotaur Skullcleaver
Minotaur Warrior
Mintstrosity
Mire Shade
Mire Triton
Mire in Misery
Mirkwood Spider
Mirran Spy
Mirror Image
Mischievous Mystic
Misshapen Fiend
Mist Leopard
Mist Raven
Mistfire Adept
Mistral Charger
Mistral Singer
Mistvault Bridge
Misty Palms Oasis
Misty Rainforest
Mjölnir's Might
Mnemonic Sphere
Mnemonic Wall
Moaning Spirit
Moaning Wall
Moat Piranhas
Mobilization
Mogg Fanatic
Mogg Raider
Mogg Sentry
Moggcatcher
Mold Adder
Molder Beast
Molder Slug
Moldering Karok
Moldervine Reclamation
Molten Frame
Molten Ravager
Molten Tributary
Moment of Defiance
Moment of Heroism
Moment of Triumph
Monastery Swiftspear
Monk Idealist
Monk Realist
Monoist Sentry
Mons's Goblin Raiders
Monstrous Growth
Moon Heron
Moon Sprite
Moonglove Extract
Moonglove Extractor
Moonglove Winnower
Moonlit Wake
Moonstone Eulogist
Moonveil Dragon
Moonwing Moth
Moopsy
Moorish Cavalry
Morale
Morcant's Loyalist
Morgue Thrull
Morgue Toad
Moriok Reaver
Moriok Replica
Moriok Rigger
Moriok Scavenger
Moroii
Mortal's Ardor
Mortal's Resolve
Mortician Beetle
Mortify
Mortiphobia
Mortus Strider
Moss Diamond
Moss Kami
Moss Monster
Moss Viper
Mossbeard Ancient
Mosscoat Goriak
Mossfire Valley
Mothrider Patrol
Mothrider Samurai
Mountain
Mountain Bandit
Mountain Valley
Mournful Zombie
Mouser Foundry
Mox Emerald
Mox Jet
Mox Pearl
Mox Ruby
Mox Sapphire
Muck Rats
Mudbutton Torchrunner
Mugato
Mummy Paramount
Munitions Enthusiast
Murasa Brute
Murder
Murmuring Mystic
Murmuring Phantasm
Muscle Sliver
Muse Drake
Muse's Encouragement
Mushroom Watchdogs
Mutant Town
Mutant Town Musicians
Mwonvuli Acid-Moss
Myr Matrix
Myr Moonvessel
Myr Scrapling
Myr Sire
Mystic Archaeologist
Mystic Denial
Mystic Monastery
Mystic Skyfish
Nadier's Nightblade
Naga Eternal
Naga Oracle
Nagao, Bound by Honor
Nantuko Disciple
Nantuko Elder
Nantuko Husk
Nantuko Shade
Nantuko Tracer
Narcissism
Narnam Cobra
Narrow Escape
Natural Connection
Natural End
Natural Spring
Natural State
Naturalize
Nature's Lore
Nature's Ruin
Nature's Spiral
Nausea
Naya Battlemage
Naya Panorama
Naya Sojourners
Nebelgast Beguiler
Nebelgast Herald
Nebula Dragon
Neck Snap
Necrogen Mists
Necrogen Scudder
Necrogen Spellbomb
Necrogenesis
Necromancer's Assistant
Nectar Faerie
Need for Speed
Needle Storm
Needlepeak Spider
Needleshot Gourna
Needlethorn Drake
Negate
Nema Siltlurker
Nemata, Grove Guardian
Nephalia Drownyard
Nephalia Seakite
Nephalia Smuggler
Nessian Courser
Nest Invader
Nest Robber
Nether Horror
Nettle Swine
Nettletooth Djinn
Network Disruptor
Neurok Commando
Neurok Replica
Neutralize
Neverwinter Dryad
Nevinyrral's Disk
New Benalia
Nexus Wardens
Nezumi Bone-Reader
Nezumi Informant
Nezumi Linkbreaker
Nezumi Ronin
Nezumi Shadow-Watcher
Niblis of Dusk
Niblis of the Mist
Niblis of the Urn
Night of Souls' Betrayal
Night's Whisper
Nighthawk, Dark Defender
Nightscape Master
Nightshade Dryad
Nightshade Stinger
Nightveil Predator
Nightveil Sprite
Nikko-Onna
Nimana Sell-Sword
Nimana Skydancer
Nimble Birdsticker
Nimble Innovator
Nimble Pilferer
Nimble Thopterist
Nimble-Blade Khenra
Nimbus of the Isles
Nine-Tail White Fox
Ninth Bridge Patrol
Niv-Mizzet, the Firemind
Noble Templar
Nocturnal Feeder
Nocturnal Raid
Nomad Outpost
Nomadic Elf
Noose Constrictor
North Pole Gates
Northern Paladin
Norwood Archers
Norwood Ranger
Not on My Watch
Notion Rain
Notorious Assassin
Nourish
Nova Cleric
Novice Dissector
Novice Inspector
Novice Occultist
Noxious Dragon
Noxious Ghoul
Noxious Grasp
Noxious Groodion
Noxious Newt
Noxious Toad
Nuisance Engine
Nullify
Nurturing Bristleback
Nurturing Peatland
Nutrient Block
Nylea's Forerunner
Nyx-Fleece Ram
Nyxborn Brute
Nyxborn Colossus
Nyxborn Courser
Nyxborn Marauder
Nyxborn Seaguard
Oakgnarl Warrior
Oakheart Dryads
Oashra Cultivator
Oasis Gardener
Oath of the Ancient Wood
Oathsworn Giant
Ob Nixilis, the Fallen
Obelisk of Bant
Obelisk of Esper
Obelisk of Grixis
Obelisk of Jund
Obelisk of Naya
Obelisk of Undoing
Oblivion Strike
Oboro, Palace in the Clouds
Obsessive Stitcher
Obsianus Golem
Obsidian Giant
Obyra, Dreaming Duelist
Obzedat's Aid
Octoprophet
Odric's Outrider
Odunos River Trawler
Offer Immortality
Oggyar Battle-Seer
Ogre Arsonist
Ogre Berserker
Ogre Gatecrasher
Ogre Painbringer
Ogre Resister
Ogre Sentry
Ogre Slumlord
Ogre Taskmaster
Ogre Warrior
Okina, Temple to the Grandfathers
Oko's Accomplices
Oliphaunt
Olivia's Bloodsworn
Olivia's Dragoon
Oltec Cloud Guard
Omashu City
Omega Myr
Omen of the Dead
Omen of the Forge
Omen of the Sea
Omen of the Sun
Omenspeaker
Ominous Asylum
Omnath, Locus of Rage
Omni-Cheese Pizza
On the Job
Onakke Ogre
Ondu Champion
One-Clown Band
One-Eyed Scarecrow
Oneirophage
Onslaught
Onulet
Onyx Goblet
Onyx Mage
Ooze Spill
Opaline Unicorn
Open Fire
Open the Graves
Opportunity
Opt
Opulent Palace
Oran-Rief Invoker
Oran-Rief Survivalist
Orazca Frillback
Orazca Raptor
Orchard Strider
Orcish Bloodpainter
Orcish Mechanics
Orcish Oriflamme
Orcish Vandal
Order of the Sacred Bell
Order of the Sacred Torch
Ordinary Bear
Ore Gorger
Oread of Mountain's Blaze
Oreskos Swiftclaw
Ornithopter
Ornithopter of Paradise
Orochi Leafcaller
Orochi Sustainer
Orzhov Basilica
Orzhov Cluestone
Orzhov Guildgate
Orzhov Signet
Orzhova, the Church of Deals
Ostiary Thrull
Outlaw Medic
Overcome
Overeager Apprentice
Overflowing Basin
Overflowing Insight
Overgrown Estate
Overprotect
Overrun
Overwhelmed Apprentice
Owl Familiar
Owlbear
Oxidda Daredevil
Oxidda Scrapmelter
Oxidize
Oyobi, Who Split the Heavens
Pacification Array
Pactdoll Terror
Pain 101
Painful Lesson
Painsmith
Painted Bluffs
Palace Familiar
Paladin of the Bloodstained
Pale Recluse
Palladium Myr
Panicked Altisaur
Panther Warriors
Paradox Gardens
Paragon of Eternal Wilds
Paragon of Fierce Defiance
Paragon of Gathering Mists
Paragon of New Dawns
Paragon of Open Graves
Parcel Myr
Pardic Wanderer
Pashalik Mons
Patagia Golem
Patagia Tiger
Path of Anger's Flame
Patriar's Seal
Pavel Maliki
Pawn of Ulamog
Peace Strider
Peace of Mind
Pearled Unicorn
Pegasus Courser
Pegasus Refuge
Pelakka Wurm
Pendrell Drake
Pendulum of Patterns
Penregon Strongbull
Pensive Minotaur
Penumbra Bobcat
Penumbra Kavu
Penumbra Spider
Penumbra Wurm
Perilous Landscape
Perilous Myr
Perimeter Patrol
Perish
Persistent Specimen
Pest Control
Pestilence Demon
Pestilent Wolf
Petrified Field
Phalanx Vanguard
Phantom General
Phantom Monster
Pharika's Chosen
Pharika's Cure
Pharika's Mender
Pheres-Band Centaurs
Pheres-Band Warchief
Phyrexia's Core
Phyrexian Altar
Phyrexian Archivist
Phyrexian Arena
Phyrexian Bloodstock
Phyrexian Broodlings
Phyrexian Gargantua
Phyrexian Hulk
Phyrexian Lens
Phyrexian Pegasus
Phyrexian Rager
Phyrexian Reclamation
Phyrexian Tower
Phyrexian Vault
Phyrexian Vivisector
Phyrexian Walker
Phyrexian War Beast
Phytoburst
Pia and Kiran Nalaar
Pianna, Nomad Captain
Pierce Strider
Pierce the Sky
Piercing Light
Piety
Piggy Bank
Pilfered Plans
Pillage
Pillardrop Rescuer
Pillardrop Warden
Pillarfield Ox
Pincher Beetles
Pious Wayfarer
Piranha Fly
Piranha Marsh
Pirate Peddlers
Pirate's Prize
Pit Trap
Pitchburn Devils
Pitiless Plunderer
Pitiless Pontiff
Pixie Queen
Plague Dogs
Plague Spitter
Plague Wind
Plains
Planar Cleansing
Planar Portal
Planetary Patrol
Plateau
Plated Crusher
Plated Seastrider
Plated Slagwurm
Plated Sliver
Plated Spider
Plated Wurm
Playful Shove
Plumecreed Escort
Plumecreed Mentor
Plummet
Plundering Pirate
Pointed Discussion
Poison Arrow
Poison Dart Frog
Poison the Blade
Poison-Blade Mentor
Poison-Tip Archer
Polluted Dead
Polluted Delta
Polluted Mire
Portcullis Vine
Possessed Skaab
Potion of Healing
Pouncing Cheetah
Power Boost
Power Word Kill
Powerstone Fracture
Prakhata Club Security
Prakhata Pillar-Bug
Precision Bolt
Predator's Strike
Predator, Flagship
Predatory Nightstalker
Predatory Sliver
Preemptive Strike
Preening Champion
Preordain
Preposterous Proportions
Prescient Chimera
Pressure Point
Prickly Pair
Pride of the Perfect
Prideful Parent
Priest of Ancient Lore
Priest of Iroas
Primal Boost
Primal Huntbeast
Primal Rage
Primeval Bounty
Primoc Escapee
Primordial Pachyderm
Primordial Sage
Primordial Wurm
Prince Imrahil the Fair
Princess Lucrezia
Prismari Campus
Prismatic Lens
Prismatic Vista
Prismite
Prized Griffin
Prized Statue
Prizefighter Construct
Prodigal Pyromancer
Prodigal Sorcerer
Project Deathlok Soldier
Promising Vein
Prophet of the Peak
Prophetic Bolt
Prophetic Prism
Prosperous Innkeeper
Prosperous Pirates
Protector of Gondor
Protomatter Powder
Prowling Caracal
Prowling Felidar
Pseudodragon Familiar
Psychic Corrosion
Pulse Tracker
Pulse of Murasa
Puppet Conjurer
Purge
Purify
Purple-Crystal Crab
Pursue Glory
Putrefy
Pygmy Razorback
Pym Technologies
Pyre Charger
Pyre Hound
Pyre Spawn
Pyretic Ritual
Pyrite Spellbomb
Pyroceratops
Pyroclasm
Pyroclastic Elemental
Pyromantic Pilgrim
Python
Qasali Slingers
Qilin's Blessing
Quagmire Druid
Quakestrider Ceratops
Quaketusk Boar
Quandrix Campus
Quarrel's End
Quarry Beetle
Queen's Bay Soldier
Queen's Commission
Queza, Augur of Agonies
Quick Study
Quicksilver Fisher
Quicksilver, Pietro Maximoff
Quiet Purity
Quilled Slagwurm
Quirion Dryad
Rabanastre, Royal City
Rabaroo Troop
Raccoon Rallier
Racers' Ring
Radha, Heir to Keld
Radiant Fountain
Radiant Grove
Raffine's Tower
Rage Weaver
Rage-Scarred Berserker
Rageblood Shaman
Ragefire
Raging Bull
Raging Cougar
Raging Goblin
Raging Kavu
Raging Minotaur
Raging Poltergeist
Raging Regisaur
Rain of Blades
Rain of Embers
Rain of Revelation
Rain of Tears
Rain-Slicked Copse
Raise Dead
Raise the Alarm
Rakdos Carnarium
Rakdos Cluestone
Rakdos Guildgate
Rakdos Ragemutt
Rakdos Signet
Rakka Mar
Ral's Reinforcements
Rally
Rally at the Hornburg
Rambunctious Mutt
Ramosian Commander
Ramosian Lieutenant
Ramosian Revivalist
Ramosian Sergeant
Ramosian Sky Marshal
Rampage of the Valkyries
Rampaging Baloths
Rampaging Hippo
Rampaging Spiketail
Rampant Growth
Ramunap Ruins
Ranger's Guile
Rank and File
Rapacious Dragon
Raphael, Tough Turtle
Raptor Companion
Rath's Edge
Rathi Trapper
Rats of Rath
Raucous Theater
Raugrin Crystal
Raugrin Triome
Ravaged Highlands
Ravages of War
Ravaging Horde
Ravenhill Flock
Ravenous Baboons
Ravenous Baloth
Ravenous Chupacabra
Ravenous Giant
Ravenous Harpy
Ravenous Lindwurm
Ravenous Rats
Ravenous Robots
Ravenous Skirge
Ray of Dissolution
Ray of Ruin
Razaketh's Rite
Razaketh, the Foulblooded
Raze
Razorfield Thresher
Razorfin Hunter
Razortide Bridge
Reach Through Mists
Read the Bones
Reality Hemorrhage
Reaper of the Wilds
Rearing Embermare
Reassembling Skeleton
Rebellious Strike
Rebuke
Reckless Abandon
Reckless Assault
Reckless Barbarian
Reckless Fireweaver
Reckless Pangolin
Reckless Ransacking
Reckless Reveler
Reckless Scholar
Reclaim
Reclaiming Vines
Reclamation Sage
Recollect
Reconstruction
Recover
Red Dragon
Redcap Thief
Redrock Sentinel
Redwood Treefolk
Reflex Sliver
Refocus
Refurbish
Refute
Regal Caracal
Regal Imperiosaur
Regal Unicorn
Regathan Firecat
Regisaur Alpha
Regress
Regrowth
Reito Lantern
Reito Sentinel
Rejuvenate
Reki, the History of Kamigawa
Relearn
Release the Dogs
Relentless Hunter
Relic Barrier
Reliquary Monk
Remnant Elemental
Remote Isle
Remove Soul
Rend Flesh
Rend Spirit
Renegade Demon
Renegade Troops
Renegade's Getaway
Renewed Faith
Renowned Weaver
Repel
Repulse
Repulsor Rays
Requiem Angel
Rescind
Rescue
Rescuer Chwinga
Research Assistant
Resolute Reinforcements
Resolute Watchdog
Resounding Roar
Resounding Thunder
Restoration Angel
Restoration Gearsmith
Restore
Resupply
Resurrection
Retributive Wand
Retrieval Agent
Return to Action
Return to Battle
Return to the Earth
Returned Centaur
Revel of the Fallen God
Revitalize
Revive
Revive the Shire
Reviving Dose
Revoke Existence
Reya Dawnbringer
Rhox Brute
Rhox Oracle
Rhox War Monk
Rib Cage Spider
Riddlemaster Sphinx
Ridge Rannet
Righteous Blow
Righteous Charge
Righteousness
Rime Tender
Rimefur Reindeer
Rimewood Falls
Ring of the Lucii
Ringwarden Owl
Riot Devils
Riot Ringleader
Rip-Clan Crasher
Ripchain Razorkin
Riptide
Riptide Crab
Riptide Laboratory
Riptide Turtle
Rise Again
Rise of Eagles
Risen Sanctuary
Rishadan Port
Rising Populace
Rising of the Day
Rite of the Dragoncaller
Rith's Attendant
Ritual of Rejuvenation
Ritual of Restoration
Ritual of Soot
Riven Turnbull
Riven Turnbull and Princess Lucrezia
River Hoopoe
River Kaijin
Riverwheel Aerialists
Roaring Primadox
Roaring Slagwurm
Roast
Robot Chicken
Roc Charger
Roc Egg
Roc Hunter
Roc of Kher Ridges
Rockcaster Platoon
Rockslide Sorcerer
Rocky Tar Pit
Rod of Ruin
Roiling Dragonstorm
Rollick of Abandon
Romantic Rendezvous
Ronin Cavekeeper
Ronin Houndmaster
Ronom Unicorn
Roofstalker Wight
Root Maze
Root Out
Rootbreaker Wurm
Rootrider Faun
Rootwater Diver
Rootwater Hunter
Rorix Bladewing
Rot Shambler
Rotcrown Ghoul
Rotlung Reanimator
Rotted Hulk
Rotted Hystrix
Rottenheart Ghoul
Rotting Fensnake
Rotting Legion
Rotting Mastodon
Rotting Regisaur
Roughshod Mentor
Roving Harper
Rowan Treefolk
Royal Falcon
Rubble Reading
Rubbleback Rhino
Rubblebelt Boar
Rugged Highlands
Ruin Crab
Ruin Rat
Ruination
Ruination Wurm
Ruinous Gremlin
Ruinous Ultimatum
Ruins of Trokair
Rumble Arena
Rumbling Baloth
Rumbling Sentry
Rummaging Goblin
Run Aground
Run Amok
Runaway Boulder
Rune-Scarred Demon
Rune-Sealed Wall
Runeclaw Bear
Runed Servitor
Runewing
Rush of Adrenaline
Rush of Battle
Rush of Vitality
Rushwood Elemental
Russet Wolves
Rusted Sentinel
Rustspore Ram
Rustvale Bridge
Rustwing Falcon
Ruthless Deathfang
Ruthless Winnower
Ryusei, the Falling Star
S.H.I.E.L.D. Deployment Drone
Saber-Tooth Moose-Lion
Sabotender
Sacellum Archers
Sacred Armory
Sacred Nectar
Sacred Peaks
Sacred Wolf
Sage of Lat-Nam
Sage of Mysteries
Sage of the Inward Eye
Sage's Knowledge
Sage's Row Denizen
Sage's Row Savant
Sagittars' Volley
Sailor of Means
Salivating Gremlins
Salt Marsh
Saltblast
Salvage
Salvage Scout
Salvage Scuttler
Salvager of Secrets
Sami's Curiosity
Samurai Enforcers
Samurai of the Pale Curtain
Samut's Sprint
Sanctify
Sanctuary Cat
Sanctum Gargoyle
Sanctum Plowbeast
Sandbar Merfolk
Sandbar Serpent
Sandblast
Sandsteppe Citadel
Sandstone Bridge
Sandstorm
Sanguinary Mage
Sanguinary Priest
Sanguine Glorifier
Sanguine Syphoner
Sanitarium Skeleton
Sanitation Automaton
Sarcomite Myr
Sarpadian Simulacrum
Satyr Enchanter
Satyr Grovedancer
Satyr Hedonist
Satyr Rambler
Savage Gorilla
Savage Land Dinosaur
Savage Lands
Savage Mansion
Savai Crystal
Savai Sabertooth
Savai Triome
Savannah
Savannah Lions
Savannah Sage
Savior of the Sleeping
Sazh's Chocobo
Scalding Cauldron
Scalding Tarn
Scaldkin
Scaled Behemoth
Scaled Hulk
Scaled Wurm
Scampering Scorcher
Scampering Surveyor
Scarblade Scout
Scare Tactics
Scarecrone
Scarland Thrinax
Scarwood Goblins
Scarwood Treefolk
Scathe Zombies
Scatter Arc
Scattered Groves
Scattershot Archer
Scavenger Drake
Scavenger Folk
Scavenging Harpy
Scavenging Scarab
Scepter of Dominance
Scepter of Insight
School of the Unseen
Scion Summoner
Scion of Oona
Scion of Ugin
Scorch the Fields
Scorching Shot
Scorching Spear
Scoria Elemental
Scour from Existence
Scoured Barrens
Scourge of the Undercity
Scouring Sands
Scrap
Scrap Compactor
Scrapheap
Scream Puff
Screamer-Killer
Screaming Fury
Screaming Phantom
Screeching Buzzard
Screeching Drake
Screeching Phoenix
Screeching Skaab
Scribe of the Mindful
Scrivener
Scroll Thief
Scrounge for Eternity
Scrounger of Souls
Scrubland
Scryb Sprites
Sculpting Steel
Sculptor of Winter
Scythe Leopard
Sea Eagle
Sea Gate Banneret
Sea Gate Oracle
Sea Scryer
Seacoast Drake
Seafloor Debris
Seagraf Skaab
Seahunter
Seal of Cleansing
Seal of Doom
Seal of Fire
Seal of Primordium
Seal of Removal
Seal of Strength
Sear
Searchlight Companion
Searchlight Geist
Searing Spear
Searing Wind
Seascape Aerialist
Seashell Cameo
Seaside Citadel
Seaside Haven
Seasoned Marshal
Seat of the Synod
Secluded Steppe
Second Thoughts
Secret Passage
Sedge Scorpion
Seedship Broodtender
Seeker of Skybreak
Seeker of the Way
Seer of the Last Tomorrow
Seer's Lantern
Seething Landscape
Seething Song
Segovian Angel
Seismic Mage
Seismic Monstrosaur
Seismic Rupture
Seismic Shudder
Seismic Spike
Seizan, Perverter of Truth
Sejiri Refuge
Sek'Kuar, Deathkeeper
Selenia, Dark Angel
Selesnya Cluestone
Selesnya Guildgate
Selesnya Sanctuary
Selesnya Signet
Selfless Cathar
Selfless Savior
Selfless Spirit
Selhoff Occultist
Sell-Sword Brute
Seller of Songbirds
Senate Courier
Senate Guildmage
Sensor Splicer
Sentinel Sliver
Sentinel Spider
Sentinels of Glen Elendra
Separatist Voidmage
Sephiroth's Intervention
Sephiroth, Planet's Heir
Seraph Sanctuary
Seraph of Dawn
Seraph of the Suns
Serendib Efreet
Serene Heart
Serenity
Serpent Assassin
Serpent Warrior
Serpent's Gift
Serpent's Pass
Serpentine Kavu
Serra Advocate
Serra Angel
Serra Sphinx
Serra's Blessing
Serra's Guardian
Serrated Scorpion
Serum Powder
Serum Visionary
Serum Visions
Servant of Volrath
Servo Exhibition
Servo Schematic
Setessan Champion
Setessan Skirmisher
Setessan Starbreaker
Seven-Tail Mentor
Shadow Glider
Shadow Guildmage
Shadow-Rite Priest
Shadowblood Ridge
Shadowcloak Vampire
Shadowfeed
Shadowy Backstreet
Shake the Foundations
Shaman of Spring
Shamble Back
Shambling Ghoul
Shape the Sands
Shard Volley
Shardless Outlander
Shared Roots
Sharlayan, Nation of Scholars
Sharuum the Hegemon
Shatter
Shattered Angel
Shattered Landscape
Shattered Wings
Shatterskull Giant
Shatterstorm
Shauku's Minion
She-Hulk, Jennifer Walters
Shefet Dunes
Shell Skulkin
Shelob's Ambush
Sheltered Thicket
Sheltering Landscape
Sheltering Light
Shepherding Spirits
Shield Mate
Shield Wall
Shimmering Grotto
Shimmerscale Drake
Shinen of Flight's Wings
Shinen of Fury's Fire
Shining Aerosaur
Shinra Reinforcements
Shipwreck Dowser
Shire Terrace
Shivan Gorge
Shivan Harvest
Shivan Hellkite
Shivan Oasis
Shivan Phoenix
Shivan Wurm
Shock
Shock Troops
Shocking Sharpshooter
Shoot Down
Shopkeeper's Bane
Shore Keeper
Shore Lurker
Shorecomber Crab
Shoreline Ranger
Show of Valor
Shower of Arrows
Shrapnel Blast
Shredding Winds
Shriekdiver
Shrieking Drake
Shrine Keeper
Shrivel
Shu Elite Infantry
Shu Foot Soldiers
Shu Grain Caravan
Shu Soldier-Farmers
Sickbay Orderly
Siege Mastodon
Siege Rhino
Siege-Gang Commander
Sift
Sifter of Skulls
Sigardian Priest
Sigil of the Empty Throne
Sigiled Skink
Sigiled Starfish
Sign in Blood
Signpost Scarecrow
Silent Artisan
Silent Attendant
Silent Clearing
Silent Dart
Silent Observer
Silent Sentinel
Silicate Surveyor
Silk Net
Silkwing Scout
Silt Crawler
Silver Drake
Silver Erne
Silver Myr
Silver Raven
Silverback Ape
Silverback Shaman
Silverbeak Griffin
Silverbluff Bridge
Silverchase Fox
Silvercoat Lion
Silverglade Pathfinder
Silverquill Campus
Silverstorm Samurai
Silverstrike
Simic Cluestone
Simic Growth Chamber
Simic Guildgate
Simic Signet
Simic Sky Swallower
Sinew Sliver
Sinister Hideout
Sinister Sabotage
Sinister Starfish
Sinkhole
Sir Shandlar of Eberyn
Sire of the Storm
Sisay's Ring
Sisters of the Flame
Sivitri Scarzam
Sizzle
Skarrg, the Rage Pits
Skeletal Crocodile
Skeletal Snake
Skeleton Archer
Skemfar Avenger
Skirge Familiar
Skirk Prospector
Skirmish Rhino
Skirsdag Cultist
Skirsdag Flayer
Skittering Heartstopper
Skull Catapult
Skull Prophet
Skull of Orm
Skull of Ramos
Skullmead Cauldron
Skullport Merchant
Skulltap
Sky Diamond
Sky Ruin Drake
Sky Theater Strix
Sky Weaver
Sky-Eel School
Skybeast Tracker
Skyblade of the Legion
Skybridge Towers
Skyclave Geopede
Skycloud Expanse
Skycrash
Skyhunter Prowler
Skyknight Legionnaire
Skyline Predator
Skymarch Bloodletter
Skyraker Giant
Skyscanner
Skyshaper
Skyshooter
Skyshroud Blessing
Skyshroud Elf
Skyshroud Falcon
Skyshroud Poacher
Skyshroud Troopers
Skysnare Spider
Skyswirl Harrier
Skyway Sniper
Skywing Aven
Slagdrill Scrapper
Slagwoods Bridge
Slash of Talons
Slash, Reptile Rampager
Slaughter Specialist
Slavering Branchsnapper
Slay
Slayer of the Wicked
Slayers' Stronghold
Sledding Otter-Penguin
Sleight of Hand
Slice and Dice
Slice in Twain
Slimefoot, the Stowaway
Sling-Gang Lieutenant
Slingshot Goblin
Slinking Skirge
Slippery Karst
Sliptide Serpent
Slith Ascendant
Slith Firewalker
Slith Predator
Sliver Construct
Sliver Hivelord
Sliver Queen
Sliversmith
Slobad, Goblin Tinkerer
Slumbering Waterways
Smash
Smelt
Smog Elemental
Smoldering Crater
Smoldering Efreet
Smoldering Tar
Smother
Snake Pit
Snapping Creeper
Snapping Drake
Snapping Gnarlid
Snare Tactician
Snare Thopter
Snare the Skies
Sneaky Snacker
Sneering Shadewriter
Snow-Covered Forest
Snow-Covered Island
Snow-Covered Mountain
Snow-Covered Plains
Snow-Covered Swamp
Snow-Covered Wastes
Snowfield Sinkhole
Soaring Drake
Soaring Sandwing
Soaring Seacliff
Soaring Show-Off
Social Climber
Sokka's Sword Training
Sokka, Wolf Cove's Protector
Sol Ring
Solar Blast
Soldier Replica
Soldier of the Grey Host
Solemn Offering
Solidarity
Songbird, Sonic Screamer
Soothing Balm
Soothsayer Adept
Sorin's Thirst
Soul Feast
Soul Shred
Soul Warden
Soul of Magma
Soul of the Harvest
Soul of the Rapids
Soul's Attendant
Soulblade Djinn
Soulbound Guardians
Soulcatcher
Souldrinker
Soulknife Spy
Soulmender
Soulreaper of Mogis
Soulscour
Soulsworn Jury
Soured Springs
Southern Elephant
Southern Paladin
Sovereign's Bite
Spara's Headquarters
Spare Supplies
Spark Jolt
Spark Reaper
Spark Spray
Sparkmage Apprentice
Sparring Construct
Sparring Mummy
Spawning Bed
Spawning Breath
Spear Spewer
Spectacle Summit
Specter of the Fens
Spectral Hunt-Caller
Spectral Reserves
Spectral Sailor
Spectral Shepherd
Spell Snare
Spellgorger Weird
Spellkeeper Weird
Sphinx Mindbreaker
Sphinx of Enlightenment
Sphinx of Magosi
Spidersilk Armor
Spike Jester
Spiked Baloth
Spin Out
Spinal Centipede
Spinal Villain
Spine of Ish Sah
Spined Karok
Spined Megalodon
Spined Wurm
Spineless Thug
Spinneret Sliver
Spinning Wheel
Spire Mangler
Spire Monitor
Spirit Weaver
Spirit of Malevolence
Spirit of the Spires
Spirited Companion
Spiritual Guardian
Spiteful Bully
Spitfire Lagac
Spitting Spider
Spock, Logical Choice
Spoils of Victory
Spontaneous Combustion
Spore Crawler
Spore Swarm
Sporecap Spider
Sporecrown Thallid
Sporemound
Spotted Griffin
Spring of Eternal Peace
Springjaw Trap
Springmane Cervin
Springsage Ritual
Sprite Dragon
Sprout
Sprouting Thrinax
Squall
Squall Drifter
Squire
Squirrel Sovereign
Squirrel Wrangler
Squirrelanoids
Sram, Senior Edificer
Staff of Nin
Staff of the Death Magus
Staff of the Flame Magus
Staff of the Mind Magus
Staff of the Sun Magus
Staff of the Wild Magus
Staggering Size
Stalwart Shield-Bearers
Stampede
Stampede Driver
Stampeding Rhino
Stand Firm
Standing Stones
Standing Troops
Starfleet Crew
Stark Industries
Stark Industries Executive
Starlight Invoker
Starlit Angel
Starnheim Memento
Starry-Eyed Skyrider
Starved Rusalka
Staunch Defenders
Staunch Shieldmate
Steadfast Cathar
Steadfast Guard
Steadfast Paladin
Steadfast Sentry
Steadfastness
Stealer of Secrets
Steam Blast
Steamclaw
Steel Wall
Steel-Plume Marshal
Steelform Sliver
Steelgaze Griffin
Steeple Creeper
Stench of Decay
Steppe Lynx
Sterling Hound
Sterling Keykeeper
Sterling Supplier
Stern Constable
Stern Dismissal
Stern Proctor
Steward of Valeron
Stimulus Package
Stingerfling Spider
Stinging Barrier
Stir the Sands
Stirge
Stitcher's Apprentice
Stitcher's Supplier
Stock Up
Stockman, Mad Fly-entist
Stoic Builder
Stomper Cub
Stone Golem
Stone Haven Medic
Stone Quarry
Stone Rain
Stonecloaker
Stonefare Crocodile
Stonehorn Chanter
Stonework Puma
Stony-Voiced Goblins
Storm Caller
Storm Crow
Storm Front
Storm God's Oracle
Storm Shaman
Storm Spirit
Stormcaller of Keranos
Stormchaser Mage
Stormclaw Rager
Stormcloud Spirit
Stormfront Pegasus
Stormkeld Prowler
Stormrider Spirit
Stormscape Apprentice
Stormwatch Eagle
Story Seeker
Storyteller Pixie
Strafe
Strands of Night
Strangle
Stratosoarer
Straw Soldiers
Stream of Acid
Streetbreaker Wurm
Strip Mine
Striped Bears
Striped Riverwinder
Strix Lookout
Stromgald Cabal
Stromkirk Patrol
Strongarm Monk
Strongarm Thug
Stronghold Assassin
Stronghold Biologist
Stronghold Machinist
Stronghold Taskmaster
Student of Ojutai
Study
Stunt Double
Su-Chi
Subjugator Angel
Submerged Boneyard
Subterranean Cavern
Suburban Sanctuary
Succumb to Temptation
Sudden Strength
Sudden Strike
Suffocating Fumes
Sugar Rush
Sulfur Vent
Sulfurous Mire
Sultai Ascendancy
Sultai Banner
Sultai Skullkeeper
Summit Prowler
Summit Sentinel
Summoned Dromedary
Summoner's Bane
Sun Sentinel
Sun-Blessed Peak
Sun-Collared Raptor
Sunastian Falconer
Sunbaked Canyon
Sunbeam Spellbomb
Sunder from Within
Sundial, Dawn Tyrant
Sungrace Pegasus
Sungrass Prairie
Sunhome Guildmage
Sunlance
Sunlit Marsh
Sunmane Pegasus
Sunrise Sovereign
Sunscape Apprentice
Sunscape Master
Sunscorch Regent
Sunscorched Divide
Sunset Strikemaster
Sunspire Griffin
Suntail Hawk
Super-Skrull
Supernatural Stamina
Supply Drop
Supply-Line Cranes
Supreme Phantom
Surge of Righteousness
Surgical Skullbomb
Surtland Frostpyre
Surveillance Room
Survey the Wreckage
Survive the Night
Sustenance
Svyelunite Temple
Swab Goblin
Swamp
Swarm of Bloodflies
Sweettooth Witch
Sweltering Suns
Swift Spinner
Swift Warden
Swiftwater Cliffs
Swooping Lookout
Sword of the Chosen
Swordwise Centaur
Sworn Companions
Sworn Guardian
Sylvan Anthem
Sylvan Bounty
Sylvan Brushstrider
Sylvan Caryatid
Sylvan Safekeeper
Sylvok Replica
Symbiote Spawn
Symbiotic Beast
Symbiotic Elf
Symbiotic Wurm
Symbol of Unsummoning
Synchronous Sliver
Syndicate Trafficker
Syphon Essence
Syphon Sliver
Sythis, Harvest's Hand
TCRI Building
Taiga
Taigam's Scheming
Tajuru Beastmaster
Tajuru Blightblade
Tajuru Pathwarden
Tajuru Snarecaster
Tajuru Warcaller
Take Up Arms
Take to the Streets
Takeno's Cavalry
Talarian Hook Spider
Talas Air Ship
Talas Merchant
Talas Scout
Talon Trooper
Talrand's Invocation
Talrand, Sky Summoner
Talruum Minotaur
Tamiyo's Epiphany
Tamiyo's Safekeeping
Tangle Mantis
Tangle Spider
Tanglebloom
Tangled Islet
Tanglepool Bridge
Tanglespan Lookout
Tanufel Rimespeaker
Taoist Hermit
Tar Pitcher
Target Minotaur
Tarpan
Tasseled Dromedary
Tattered Apparition
Tattered Mummy
Tatyova, Benthic Druid
Team Transmitter
Tectonic Hazard
Teeming Dragonstorm
Teetering Peaks
Teeterpeak Ambusher
Teferi's Care
Teferi's Protege
Teferi's Tutelage
Tegwyll, Duke of Splendor
Tel-Jilad Justice
Tel-Jilad Stylus
Tempered Steel
Tempest Drake
Tempest of Light
Temple Acolyte
Temple Bell
Temple of Abandon
Temple of Deceit
Temple of Enlightenment
Temple of Epiphany
Temple of Malady
Temple of Malice
Temple of Mystery
Temple of Plenty
Temple of Silence
Temple of Triumph
Temporal Adept
Temporal Eddy
Temporal Spring
Tempting Witch
Temur Banner
Tenement Crasher
Tenth District Guard
Tenth District Veteran
Terminal Moraine
Terminate
Teroh's Faithful
Terra Eternal
Terrain Elemental
Terramorphic Expanse
Terrian, World Tyrant
Territorial Baloth
Territorial Hammerskull
Territorial Roc
Territorial Scythecat
Terror
Terror of the Fairgrounds
Teyo's Lightshield
Thallid Soothsayer
Thanos, Death's Consort
Thassa's Devourer
Thaumaturge's Familiar
Thawbringer
The Autonomous Furnace
The Balrog, Flame of Udûn
The Dross Pits
The Fabulous Frog-Man
The Fair Basilica
The Hive
The Howling Commandos
The Hunter Maze
The Lady of the Mountain
The Surgical Bay
The Terror of Serpent's Pass
The Underworld Cookbook
The Unspeakable
The Vision and Scarlet Witch
The Walls of Ba Sing Se
Their Name Is Death
Thermal Navigator
They Went This Way
Thicket Crasher
Think Tank
Third Path Iconoclast
Third Path Savant
Thirsting Bloodlord
Thistledown Players
Thopter Architect
Thopter Engineer
Thopter Mechanic
Thor Odinson
Thornado
Thornglint Bridge
Thornhide Wolves
Thornling
Thornweald Archer
Thornwind Faeries
Thornwood Falls
Those Who Serve
Thought Courier
Thought Scour
Thoughtbind
Thoughtrender Lamia
Thoughtweft Lieutenant
Thraben Heretic
Thraben Inspector
Thraben Purebloods
Thraben Standard Bearer
Thraben Valiant
Thraben Watcher
Thragtusk
Thran Dynamo
Thrashing Brontodon
Thrashing Wumpus
Thraxodemon
Three Tree Rootweaver
Three Visits
Thrill of Possibility
Thriss, Nantuko Primus
Thunder Dragon
Thunderclap Wyvern
Thundering Falls
Thundering Giant
Thundering Rebuke
Thundering Spineback
Thundermaw Hellkite
Thunderscape Apprentice
Thunderscape Master
Tibor and Lumia
Tidehollow Strix
Tidepool Turtle
Tidespout Tyrant
Tidings
Tigereye Cameo
Timber Gorge
Timber Protector
Timberland Ancient
Timberland Guide
Timberland Ruins
Time Ebb
Time Wipe
Timeless Lotus
Timetwister
Timid Drake
Timid Shieldbearer
Tinder Farm
Tinker
Tinker's Tote
Tireless Missionaries
Tireless Tracker
Tireless Tribe
Titan's Grave
Titan's Strength
Titania, Protector of Argoth
Titanic Growth
Titanic Pelagosaur
Tithebearer Giant
Tivadar's Crusade
Tobias Andrion
Tocasia's Dig Site
Tolarian Scholar
Tolarian Sentinel
Tolarian Serpent
Tolsimir Wolfblood
Tomb Trawler
Tome Raider
Tome Scour
Tonic Peddler
Tooth of Ramos
Topiary Panther
Tor Giant
Tor Wauki
Torch Courier
Torch Fiend
Tormented Angel
Torsten Von Ursus
Tortoise Formation
Totally Lost
Totem Speaker
Toucan-Puffin
Touch of Brilliance
Touchstone
Tower Defense
Tower Gargoyle
Tower of Calamities
Tower of Champions
Tower of Eons
Tower of Fortunes
Tower of Murmurs
Towering Indrik
Towering Thunderfist
Towering Viewpoint
Toxic Abomination
Toxic Scorpion
Toxin Analysis
Trading Post
Tragic Poet
Trail of Evidence
Trailblazing Historian
Trained Armodon
Trained Caracal
Trained Condor
Trained Jackal
Trained Orgg
Tramway Station
Tranquil Cove
Tranquil Domain
Tranquil Expanse
Tranquil Landscape
Tranquil Path
Tranquil Thicket
Tranquility
Transdimensional Bovine
Transluminant
Transmogrant Altar
Trash for Treasure
Traumatic Visions
Traveling Minister
Traveling Philosopher
Tread Upon
Treasure Dredger
Treasure Hunter
Treasure Trove
Tree Monkey
Tree of Tales
Treetop Freedom Fighters
Treetop Recluse
Treetop Snarespinner
Treetop Warden
Tremor
Trench Wurm
Trenching Steed
Treno, Dark City
Tresserhorn Sinks
Treva's Attendant
Trial of Ambition
Trial of Knowledge
Trial of Strength
Trial of Zeal
Tribute to the Wild
Trip Noose
Triton Shorethief
Triton Waverider
Trokin High Guard
Troll-Horn Cameo
Tropical Island
Trostani's Summoner
True Love's Kiss
Trumpet Blast
Trusted Pegasus
Trusty Packbeast
Tsunami
Tukatongue Thallid
Tuknir Deathlock
Tuktuk Grunts
Tuktuk Rubblefort
Tuktuk the Explorer
Tundra
Tundra Wall
Tunnel
Tunnel Rats
Tunnel Surveyor
Tunneling Geopede
Tura Kennerüd, Skyknight
Turn the Tide
Turn to Dust
Turntimber Ascetic
Turntimber Grove
Turntimber Ranger
Turtle Power!
Turtle-Seals
Tusked Colossodon
Twilight Panther
Twin-Silk Spider
Twinshot Sniper
Twisted Landscape
Typhoid Rats
Tyrant's Machine
Tyrox, Saurid Tyrant
Uktabi Faerie
Uktabi Orangutan
Ukud Cobra
Ulrich's Kindred
Ultron, Machine Overlord
Ulvenwald Mysteries
Umara Entangler
Umara Mystic
Umara Raptor
Umbral Collar Zealot
Umbral Expanse
Unauthorized Exit
Unbender Tine
Unburied Earthcarver
Uncanny Speed
Uncomfortable Chill
Undead Augur
Undead Minotaur
Undead Slayer
Undercity Dire Rat
Undercity Sewers
Underdark Basilisk
Underground Mortuary
Underground Sea
Undergrowth Leopard
Undergrowth Recon
Undersea Invader
Undertaker
Underworld Coinsmith
Underworld Dreams
Undying Beast
Unearth
Unexplained Disappearance
Unfathomable Truths
Unfriendly Fire
Unfulfilled Desires
Unhallowed Phalanx
Unhinge
Unholy Grotto
Unholy Officiant
Universal Solvent
University Campus
Unknown Shores
Unlikely Aid
Unlikely Alliance
Unmarked Grave
Unnatural Predation
Unnatural Speed
Unraveling Mummy
Unruly Mob
Unspeakable Symbol
Unstable Obelisk
Unsubtle Mockery
Unsummon
Untamed Wilds
Unyaro Bee Sting
Unyaro Griffin
Up the Beanstalk
Updraft Elemental
Uproot
Ur-Golem's Eye
Urabrask the Hidden
Urbis Protector
Urborg Elf
Urborg Shambler
Urborg Volcano
Urgent Exorcism
Urn of Godfire
Ursapine
Urza's Cave
Urza's Factory
Utopia Tree
Utter End
Valakut Invoker
Valakut Predator
Valgavoth's Faithful
Valiant Guard
Valkyrior Skyrider
Valley Mightcaller
Valley Rannet
Valor in Akros
Valorous Charge
Valorous Steed
Vampire Champion
Vampire Interloper
Vampire Neonate
Vampire Nighthawk
Vampire Noble
Vampire Opportunist
Vampire Revenant
Vampire Soulcaller
Vampire Sovereign
Vampire Spawn
Vampire of the Dire Moon
Vampire's Kiss
Vampires' Vengeance
Vampiric Feast
Vampiric Rites
Vampiric Spirit
Vanquish
Vastwood Gorger
Vault Plunderer
Vault of Whispers
Vault of the Archangel
Vectis Silencers
Vector, Imperial Capital
Vedalken Aethermage
Vedalken Archmage
Vedalken Blademaster
Vedalken Dismisser
Vedalken Entrancer
Vedalken Mastermind
Veil of Assimilation
Venerable Knight
Venerable Lammasu
Venerable Monk
Vengeant Vampire
Vengeful Bloodwitch
Vengeful Dead
Venom Sliver
Venomcrawler
Venomous Hierophant
Venomthrope
Venser's Sliver
Verdant Automaton
Verdant Catacombs
Verdant Rebirth
Verdigris
Verduran Enchantress
Vermiculos
Vermin Gorger
Vesper Ghoul
Vessel of Endless Rest
Vessel of Ephemera
Vessel of Paramnesia
Vessel of Volatility
Vestige of Emrakul
Veteran Armorer
Veteran Armorsmith
Veteran Cavalier
Veteran Swordsmith
Vexing Gull
Vial of Dragonfire
Vial of Poison
Viashino Fangtail
Viashino Grappler
Viashino Lashclaw
Viashino Warrior
Vibrant Cityscape
Vicious Conquistador
Vicious Hunger
Vicious Kavu
Victim of Night
Victory's Herald
Vigilant Baloth
Vigilante Justice
Vile Entomber
Vile Rebirth
Village Cannibals
Village Rites
Vindicate
Vindictive Vampire
Vine Trellis
Vinelasher Kudzu
Vinereap Mentor
Violent Impact
Viridescent Bog
Viridian Acolyte
Viridian Revel
Viridian Scout
Viridian Shaman
Viridian Zealot
Virtue's Ruin
Virtuous Charge
Virulent Emissary
Virulent Plague
Virus Beetle
Visara the Dreadful
Viscera Seer
Vision Skeins
Vitalizing Wind
Vithian Renegades
Vitu-Ghazi, the City-Tree
Vivisection
Vizier of Tumbling Sands
Vizzerdrix
Vodalian Hypnotist
Vodalian Merchant
Vodalian Soldiers
Voice of the Provinces
Void Grafter
Void Helix
Void Snare
Voidwielder
Volatile Fjord
Volcanic Dragon
Volcanic Hammer
Volcanic Island
Volcanic Rush
Volcanic Submersion
Volcanic Upheaval
Voldaren Epicure
Volrath's Stronghold
Voltaic Construct
Voltaic Key
Volunteer Militia
Voracious Null
Voracious Varmint
Vorstclaw
Voyage's End
Voyaging Satyr
Vraska's Contempt
Vulpine Goliath
Vulshok Berserker
Vulshok Heartstoker
Vulshok Sorcerer
Wailing Ghoul
Wakandan Drone Flock
Wakandan Shield Guard
Walk the Plank
Walking Corpse
Wall of Air
Wall of Blood
Wall of Blossoms
Wall of Denial
Wall of Distortion
Wall of Earth
Wall of Faith
Wall of Granite
Wall of Heat
Wall of Ice
Wall of Kelp
Wall of Lost Thoughts
Wall of Mist
Wall of Mulch
Wall of Omens
Wall of Runes
Wall of Stone
Wall of Swords
Wall of Tanglecord
Wall of Torches
Wall of Vines
Wall of Wood
Wallop
Wand of the Elements
Wander Off
Wanderer's Intervention
Wandering Ones
Wandering Tombshell
Wanted Griffin
Wanted Scoundrels
War Chariot
War Horn
War Mammoth
War Priest of Thune
War-Torch Goblin
Warded Battlements
Warden of Geometries
Warden of the Eye
Wardscale Crocodile
Warleader's Call
Warleader's Helix
Warmth
Warpath Ghoul
Warped Landscape
Warped Tusker
Warren Elder
Warren Soultrader
Warrior's Charge
Warrior's Honor
Warriors of Wakanda
Warship Flight Crew
Warship Scout
Warteye Witch
Wary Okapi
Wary Thespian
Wary Watchdog
Wasteland
Wasteland Scorpion
Wastes
Watcher Sliver
Watcher in the Mist
Watcher of the Wayside
Watchful Automaton
Watchful Giant
Watchwolf
Water Elemental
Water Tribe Captain
Waterfront Bouncer
Waterfront District
Waterkin Shaman
Waterlogged Grove
Wave-Wing Elemental
Waxen Shapethief
Wayfarer's Bauble
Wayward Servant
Wayward Soul
Weakstone
Weaponize the Monsters
Weatherseed Treefolk
Weave Fate
Weaver of Currents
Weaver of Lightning
Wee Dragonauts
Wei Ambush Force
Wei Infantry
Weirding Shaman
Welder Automaton
Weldfast Wingsmith
Welkin Guide
Western Paladin
Westfold Rider
Wetland Sambar
Whip Sergeant
Whipflare
Whiptail Moloch
Whiptail Wurm
Whiptongue Frog
Whirlermaker
Whirlwind
Whirlwind Adept
Whirlwind of Thought
Whisk Away
White Lotus Reinforcements
Whitemane Lion
Whitesun's Passage
Wicked Reward
Wicked Visitor
Wicker Witch
Wielding the Green Dragon
Wild Celebrants
Wild Ceratok
Wild Colos
Wild Elephant
Wild Griffin
Wild Jhovall
Wild Wanderer
Wildheart Invoker
Wildsize
Wildwood Patrol
Wildwood Rebirth
Willow Elf
Willow Faerie
Willow-Wind
Wilt
Wily Bandar
Wily Goblin
Wind Dancer
Wind Drake
Wind Strider
Wind-Scarred Crag
Windbrisk Raptor
Windcaller Aven
Windgrace Acolyte
Windrider Eel
Windrider Patrol
Windseeker Centaur
Windstorm Drake
Windswept Heath
Windurst, Federation Center
Wing Commando
Wing Snare
Wing Splicer
Winged Coatl
Winged Shepherd
Winged Sliver
Winter Soldier, Bucky Barnes
Winter's Grasp
Winter's Intervention
Wipe Clean
Wirewood Elf
Wirewood Guardian
Wirewood Hivemaster
Wirewood Lodge
Wirewood Savage
Wishcoin Crab
Witch's Cauldron
Witch's Familiar
Witching Well
Witherbloom Campus
Withered Wretch
Withering Boon
Withering Torment
Without Weakness
Withstand Death
Witness of Tomorrows
Witty Roastmaster
Wizards' School
Wizened Cenn
Wolf Cove Villager
Wood Elves
Woodcutter's Grit
Wooded Foothills
Wooded Ridgeline
Woodland Bellower
Woodland Chasm
Woodland Druid
Woodland Liege
Woodland Mystic
Woodland Patrol
Woodland Stream
Woolly Thoctar
Worf, Chief Tactical Officer
Worldspine Wurm
Worn Powerstone
Worry Beads
Worthy Cost
Worthy Knight
Wose Pathfinder
Wrath of God
Wreckage Wickerfolk
Wrecking Ball
Wrecking Crew
Wrenn's Resolve
Wretched Anurid
Wretched Doll
Wriggling Grub
Writhing Chrysalis
Wu Infantry
Wydwen, the Biting Gale
Wyluli Wolf
Xander's Lounge
Xenobotanist
Xindi Surveyors
Xira Arien
Yahenni, Undying Partisan
Yargle and Multani
Yargle, Glutton of Urborg
Yarok's Wavecrasher
Yavimaya Sapherd
Yavimaya Wurm
Yawgmoth's Edict
Yawning Fissure
Yellow Scarves Troops
Yellowjacket, Heartless Marauder
Yeva's Forcemage
Yoked Ox
Yoked Plowbeast
Yotian Soldier
Yotian Tactician
Young Pyromancer
Young Wei Recruits
Youthful Scholar
Youthful Valkyrie
Yuki-Onna
Zagoth Crystal
Zagoth Triome
Zap
Zarichi Tiger
Zealous Persecution
Zendikar's Roil
Zephid
Zephyr Charge
Zephyr Falcon
Zephyr Gull
Zephyr Sprite
Zhalfirin Lancer
Zhalfirin Void
Ziatora's Proving Ground
Zof Shade
Zombie Goliath
Zombify
Zookeeper Mechan
Zuberi, Golden Feather
Zuko's Offense
Zuko, Avatar Hunter
Zulaport Cutthroat
Zuran Orb
Zuran Spellcaster"
`;

exports[`the accepted-card list matches its snapshot: accepted card count 1`] = `5087`;
