// Bun Snapshot v1, https://bun.sh/docs/test/snapshots

exports[`checks every card and accepts only the engine-supported subset 1`] = `
[
  "A.I.M. Bot",
  "Aardvark Sloth",
  "Aegis of the Heavens",
  "Aegis Turtle",
  "Ageless Guardian",
  "Aggressive Urge",
  "Agonizing Syphon",
  "Air Elemental",
  "Ajani's Mantra",
  "Ajani's Sunstriker",
  "Alabaster Host Sanctifier",
  "Alaborn Trooper",
  "Alpha Myr",
  "Alpha Tyrranax",
  "Alpine Grizzly",
  "Alpine Meadow",
  "Amateur Hero",
  "Ambition's Cost",
  "Amphin Cutthroat",
  "Ancestral Reminiscence",
  "Ancient Brontodon",
  "Ancient Carp",
  "Ancient Crab",
  "Ancient Craving",
  "Ancient Den",
  "Angel of Mercy",
  "Angel's Mercy",
  "Antagonize",
  "Anthem of Champions",
  "Appetite for the Unnatural",
  "Arashin Cleric",
  "Archivist",
  "Arctic Treeline",
  "Armored Cancrix",
  "Armored Pegasus",
  "Armored Warhorse",
  "Armored Whirl Turtle",
  "Armored Wolf-Rider",
  "Arrogant Vampire",
  "Assault Griffin",
  "Aura Blast",
  "Avacyn's Pilgrim",
  "Aven Battle Priest",
  "Aven Envoy",
  "Aven of Enduring Hope",
  "Aven Sentry",
  "Aven Skirmisher",
  "Axebane Beast",
  "Axebane Stag",
  "Axegrinder Giant",
  "Azure Drake",
  "Badlands",
  "Balduvian Barbarians",
  "Balduvian Bears",
  "Bane Alley Blackguard",
  "Barbarian Horde",
  "Barbary Apes",
  "Barbtooth Wurm",
  "Barktooth Warbeard",
  "Barony Vampire",
  "Bartizan Bats",
  "Basilica Bell-Haunt",
  "Bastion Enforcer",
  "Bathe in Dragonfire",
  "Bayou",
  "Bear Cub",
  "Bedevil",
  "Bee Sting",
  "Bellowing Crier",
  "Bilbo's Deadly Slice",
  "Bird Maiden",
  "Bishop's Soldier",
  "Black Widow, Natasha Romanoff",
  "Blade of the Sixth Pride",
  "Blanchwood Treefolk",
  "Blind Phantasm",
  "Blood Glutton",
  "Bloodrage Brawler",
  "Bog Imp",
  "Bogstomper",
  "Bombard",
  "Bonebreaker Giant",
  "Border Guard",
  "Borderland Minotaur",
  "Braidwood Cup",
  "Breath of Fire",
  "Brilliant Plan",
  "Broadside Barrage",
  "Bronze Sable",
  "Broodhunter Wurm",
  "Brute Force",
  "Bulwark Giant",
  "Burglar Rat",
  "Burning Fields",
  "Cabal Evangel",
  "Cackling Fiend",
  "Caelorna, Coral Tyrant",
  "Canal Monitor",
  "Canopy Gorger",
  "Canyon Minotaur",
  "Capital Guard",
  "Caravan Hurda",
  "Carrion Crow",
  "Carrion Screecher",
  "Catacomb Crocodile",
  "Catacomb Slug",
  "Catalog",
  "Cathedral Sanctifier",
  "Centaur Courser",
  "Centaur Healer",
  "Champion of Arashin",
  "Chapel Geist",
  "Chaplain's Blessing",
  "Charcoal Diamond",
  "Chardalyn Dragon",
  "Charity Extractor",
  "Child of Night",
  "Cinder Storm",
  "Cleansing Screech",
  "Cliffhaven Sell-Sword",
  "Cloud Manta",
  "Cloudblazer",
  "Cloudkin Seer",
  "Cobblebrute",
  "Collective Blessing",
  "Colorful Feiyi Sparrow",
  "Colossapede",
  "Colossodon Yearling",
  "Command the Storm",
  "Concentrate",
  "Concentrated Fire",
  "Concordia Pegasus",
  "Contaminated Aquifer",
  "Copper Myr",
  "Coral Commando",
  "Coral Eel",
  "Coral Merfolk",
  "Council of Advisors",
  "Counsel of the Soratami",
  "Courier Griffin",
  "Cowl Prowler",
  "Craterize",
  "Craw Wurm",
  "Creeping Mold",
  "Crimson Kobolds",
  "Crooked Custodian",
  "Crookshank Kobolds",
  "Curio Vendor",
  "Curious Killbot",
  "Cursebreak",
  "Cyclops of One-Eyed Pass",
  "Cylian Elf",
  "Daggerdrome Imp",
  "Dakmor Bat",
  "Dakmor Scorpion",
  "Dancing Scimitar",
  "Daring Demolition",
  "Dark Deed",
  "Dark Nourishment",
  "Dark Remedy",
  "Darksteel Gargoyle",
  "Darksteel Myr",
  "Darksteel Relic",
  "Dawn Gryff",
  "Dawning Angel",
  "Daybreak Chaplain",
  "Defense Force Aggressor",
  "Defiant Khenra",
  "Delighted Killbot",
  "Demolish",
  "Demystify",
  "Desecration Plague",
  "Desert Drake",
  "Despondent Killbot",
  "Devilthorn Fox",
  "Devoted Hero",
  "Devout Monk",
  "Direct Hit",
  "Diregraf Ghoul",
  "Disenchant",
  "Divination",
  "Djinn of the Lamp",
  "Dosan's Oldest Chant",
  "Douse in Gloom",
  "Douser of Lights",
  "Dread Reaper",
  "Dreadbore",
  "Dreg Reaver",
  "Dromoka Warrior",
  "Dross Crocodile",
  "Druid of the Cowl",
  "Dryad Arbor",
  "Dune Beetle",
  "Durkwood Boars",
  "Dusk Imp",
  "Dusk Legion Zealot",
  "Dutiful Servants",
  "Dwarven Demolition Team",
  "Dwarven Trader",
  "Eager Cadet",
  "Earth Elemental",
  "Elderfang Disciple",
  "Electrify",
  "Elite Guardmage",
  "Elite Instructor",
  "Elite Vanguard",
  "Elvish Mystic",
  "Elvish Ranger",
  "Elvish Visionary",
  "Elvish Warrior",
  "Ember Shot",
  "Enforcer Griffin",
  "Engulfing Eruption",
  "Enhanced Awareness",
  "Enormous Baloth",
  "Enraged Killbot",
  "Esper Cormorants",
  "Essence Drain",
  "Essence Extraction",
  "Eviscerate",
  "Exocomp",
  "Expedition Envoy",
  "Explosive Impact",
  "Explosive Shot",
  "Exultant Skymarcher",
  "Faithbearer Paladin",
  "Falkenrath Reaver",
  "Fearless Halberdier",
  "Felhide Minotaur",
  "Fell",
  "Femeref Scouts",
  "Feral Ferocity",
  "Feral Krushok",
  "Feral Maaka",
  "Feral Roar",
  "Feral Shadow",
  "Ferocious Zheng",
  "Field Creeper",
  "Fiery Finish",
  "Fighting Drake",
  "Finishing Blow",
  "Fire Ambush",
  "Fire Diamond",
  "Fire Elemental",
  "Flame Lash",
  "Flame Slash",
  "Flameborn Viron",
  "Flowstone Infusion",
  "Flowstone Surge",
  "Flying Dolphin-Fish",
  "Flying Men",
  "Fomori Nomad",
  "Foot Soldiers",
  "Forest",
  "Forest Bear",
  "Forgotten Sentinel",
  "Fortress Crab",
  "Foul Imp",
  "Fracture",
  "Frenzied Raptor",
  "Fresh Volunteers",
  "Frost Ogre",
  "Frozen Aether",
  "Fugitive Wizard",
  "Fusion Elemental",
  "Fyndhorn Elder",
  "Fyndhorn Elves",
  "Gaea's Anthem",
  "Gaea's Skyfolk",
  "Garruk's Gorehorn",
  "Geist of the Moors",
  "Generous Stray",
  "Geothermal Bog",
  "Ghirapur Osprey",
  "Ghost Warden",
  "Giant Cockroach",
  "Giant Growth",
  "Giant Octopus",
  "Gigantosaurus",
  "Gilded Sentinel",
  "Gin'tak Charge",
  "Glacial Floodplain",
  "Glass Golem",
  "Gloom Pangolin",
  "Gloomhunter",
  "Glorious Anthem",
  "Glory Seeker",
  "Gnarled Mass",
  "Goblin Assailant",
  "Goblin Bruiser",
  "Goblin Bully",
  "Goblin Cavaliers",
  "Goblin Hero",
  "Goblin Piker",
  "Goblin Roughrider",
  "Goblin Sky Raider",
  "Gold Myr",
  "Gold-Forged Sentinel",
  "Golden Bear",
  "Golden Hind",
  "Golden-Tail Disciple",
  "Goliath Sphinx",
  "Goobbue Gardener",
  "Gore Swine",
  "Gorilla Warrior",
  "Gray Ogre",
  "Great Furnace",
  "Great Hart",
  "Great-Horn Krushok",
  "Greenweaver Druid",
  "Grizzled Leotau",
  "Grizzled Outrider",
  "Grizzly Bears",
  "Gryff Vanguard",
  "Gutter Skulk",
  "Hag of Dark Duress",
  "Hag of Syphoned Breath",
  "Happy Hogan, Dauntless Driver",
  "Harmonize",
  "Harrier Naga",
  "Haunted Mire",
  "Headless Horseman",
  "Headwater Sentries",
  "Healer of the Glade",
  "Healer's Flock",
  "Healer's Hawk",
  "Hecteyes",
  "Helpful Hunter",
  "Herald of Faith",
  "Hero's Downfall",
  "Hexplate Golem",
  "Highborn Vampire",
  "Highland Forest",
  "Highland Giant",
  "Hill Giant",
  "Hill Giant Herdgorger",
  "Hollowhenge Beast",
  "Honey Mammoth",
  "Horned Turtle",
  "Hornet Sting",
  "Hulking Devil",
  "Hurloon Minotaur",
  "Hyena Pack",
  "Ice Storm",
  "Ice Tunnel",
  "Icewind Elemental",
  "Idyllic Beachfront",
  "Impale",
  "Imperial Outrider",
  "Implode",
  "Imposing Sovereign",
  "Incurable Ogre",
  "Independent Troops",
  "Indomitable Ancients",
  "Infernal Grasp",
  "Infuriate",
  "Insatiable Harpy",
  "Inspiring Cleric",
  "Invoke the Divine",
  "Iron Myr",
  "Ironclad Krovod",
  "Ironroot Treefolk",
  "Isamaru, Hound of Konda",
  "Island",
  "Jace's Ingenuity",
  "Jagwasp Swarm",
  "Jasmine Boreal",
  "Jedit Ojanen",
  "Jerrard of the Closed Fist",
  "Jhessian Lookout",
  "Jibbirik Omnivore",
  "Joraga Visionary",
  "Jwari Scuttler",
  "Kabira Crossroads",
  "Kabuto Moth",
  "Kalakscion, Hunger Tyrant",
  "Kalonian Tusker",
  "Kami of Old Stone",
  "Kasimir the Lone Wolf",
  "Kavu Climber",
  "Keepers of the Faith",
  "Kelinore Bat",
  "Kemba's Skyguard",
  "Kindercatch",
  "Kindly Customer",
  "King Suleiman",
  "Kinjalli's Sunwing",
  "Kismet",
  "Kiss of Death",
  "Kitesail Scout",
  "Knight Errant",
  "Knight of New Benalia",
  "Knight of the Keep",
  "Koala-Sheep",
  "Kobolds of Kher Keep",
  "Kraken Hatchling",
  "Krovikan Scoundrel",
  "Kyoshi Warrior Guard",
  "Lady Orca",
  "Lagac Lizard",
  "Lantern Kami",
  "Last Kiss",
  "Lathnu Sailback",
  "Lava Flow",
  "Lazotep Behemoth",
  "Leaden Myr",
  "Leaf Gilder",
  "Leatherback Baloth",
  "Leonin Skyhunter",
  "Leopard-Spotted Jiao",
  "Library Larcenist",
  "Lich's Caress",
  "Lightning Blast",
  "Lightning Bolt",
  "Lightning Helix",
  "Lightning Strike",
  "Liliana's Specter",
  "Lizard Warrior",
  "Llanowar Dead",
  "Llanowar Elves",
  "Llanowar Tribe",
  "Llanowar Visionary",
  "Lone Missionary",
  "Looming Altisaur",
  "Lowland Giant",
  "Loxodon Convert",
  "Loxodon Gatekeeper",
  "Loxodon Line Breaker",
  "Loxodon Wayfarer",
  "Lucent Liminid",
  "Lumengrid Gargoyle",
  "Lumengrid Warden",
  "Mahamoti Djinn",
  "Makindi Aeronaut",
  "Makindi Griffin",
  "Mandroid Squadron",
  "Marble Chalice",
  "Marble Diamond",
  "Maritime Guard",
  "Markov Patrician",
  "Mass of Ghouls",
  "Maw of the Mire",
  "Mawcor",
  "Memnite",
  "Meng Huo's Horde",
  "Merchant of Secrets",
  "Merfolk Looter",
  "Merfolk of the Pearl Trident",
  "Merfolk Traders",
  "Mesa Cavalier",
  "Mesa Unicorn",
  "Metallic Sliver",
  "Might of Oaks",
  "Millennial Gargoyle",
  "Minotaur Abomination",
  "Minotaur Warrior",
  "Misshapen Fiend",
  "Mistral Charger",
  "Moaning Spirit",
  "Molten Tributary",
  "Moment of Triumph",
  "Mons's Goblin Raiders",
  "Monstrous Growth",
  "Moon Heron",
  "Moon Sprite",
  "Moriok Reaver",
  "Moroii",
  "Mortify",
  "Moss Diamond",
  "Moss Monster",
  "Mountain",
  "Muck Rats",
  "Murasa Brute",
  "Murder",
  "Muse Drake",
  "Naga Eternal",
  "Natural End",
  "Naturalize",
  "Necrogen Scudder",
  "Nema Siltlurker",
  "Nessian Courser",
  "Nether Horror",
  "Nettle Swine",
  "Nezumi Informant",
  "Night of Souls' Betrayal",
  "Night's Whisper",
  "Nimble Innovator",
  "Nimbus of the Isles",
  "Norwood Ranger",
  "Nourish",
  "Nyx-Fleece Ram",
  "Nyxborn Brute",
  "Nyxborn Colossus",
  "Nyxborn Courser",
  "Nyxborn Marauder",
  "Nyxborn Seaguard",
  "Obsianus Golem",
  "Obsidian Giant",
  "Ogre Resister",
  "Ogre Warrior",
  "Oko's Accomplices",
  "Omega Myr",
  "Onakke Ogre",
  "Open Fire",
  "Orazca Frillback",
  "Orazca Raptor",
  "Order of the Sacred Bell",
  "Ordinary Bear",
  "Oreskos Swiftclaw",
  "Ornithopter",
  "Orochi Sustainer",
  "Owl Familiar",
  "Panther Warriors",
  "Peace Strider",
  "Pearled Unicorn",
  "Pensive Minotaur",
  "Phantom Monster",
  "Pharika's Cure",
  "Pheres-Band Centaurs",
  "Phyrexian Arena",
  "Phyrexian Gargantua",
  "Phyrexian Hulk",
  "Phyrexian Rager",
  "Phyrexian Walker",
  "Phytoburst",
  "Pillarfield Ox",
  "Piranha Fly",
  "Plains",
  "Plateau",
  "Plated Seastrider",
  "Plated Wurm",
  "Playful Shove",
  "Prakhata Club Security",
  "Precision Bolt",
  "Primordial Wurm",
  "Princess Lucrezia",
  "Prized Griffin",
  "Prizefighter Construct",
  "Prodigal Pyromancer",
  "Prodigal Sorcerer",
  "Prowling Caracal",
  "Python",
  "Qilin's Blessing",
  "Quakestrider Ceratops",
  "Queen's Bay Soldier",
  "Quick Study",
  "Quicksilver Fisher",
  "Quiet Purity",
  "Quilled Slagwurm",
  "Radiant Grove",
  "Ragefire",
  "Raging Bull",
  "Raging Poltergeist",
  "Rain of Revelation",
  "Rain of Tears",
  "Raptor Companion",
  "Ravenous Lindwurm",
  "Ray of Dissolution",
  "Razorfield Thresher",
  "Razorfin Hunter",
  "Reach Through Mists",
  "Reclaiming Vines",
  "Redwood Treefolk",
  "Regal Unicorn",
  "Regathan Firecat",
  "Renegade Demon",
  "Repulsor Rays",
  "Resupply",
  "Revitalize",
  "Reviving Dose",
  "Rhox Brute",
  "Rhox Oracle",
  "Rhox War Monk",
  "Rimewood Falls",
  "Riot Devils",
  "Ritual of Rejuvenation",
  "Riven Turnbull",
  "River Kaijin",
  "Roc of Kher Ridges",
  "Romantic Rendezvous",
  "Root Maze",
  "Rootwater Hunter",
  "Rotted Hulk",
  "Rotted Hystrix",
  "Rotting Fensnake",
  "Rotting Legion",
  "Rotting Mastodon",
  "Rotting Regisaur",
  "Roving Harper",
  "Rowan Treefolk",
  "Royal Falcon",
  "Ruination Wurm",
  "Rumbling Baloth",
  "Runeclaw Bear",
  "Russet Wolves",
  "Rusted Sentinel",
  "Rustwing Falcon",
  "Sacred Nectar",
  "Sacred Peaks",
  "Sanctify",
  "Sanctuary Cat",
  "Savai Sabertooth",
  "Savannah",
  "Savannah Lions",
  "Savannah Sage",
  "Scaled Wurm",
  "Scarwood Goblins",
  "Scarwood Treefolk",
  "Scathe Zombies",
  "Scion of Ugin",
  "Scorching Shot",
  "Scorching Spear",
  "Scoria Elemental",
  "Screeching Drake",
  "Scrounger of Souls",
  "Scrubland",
  "Scryb Sprites",
  "Sea Eagle",
  "Seacoast Drake",
  "Seagraf Skaab",
  "Sear",
  "Searing Flesh",
  "Searing Spear",
  "Searing Wind",
  "Seat of the Synod",
  "Sephiroth's Intervention",
  "Seraph of Dawn",
  "Seraph of the Suns",
  "Serpent Warrior",
  "Shadow Glider",
  "Shaman of Spring",
  "Shambling Ghoul",
  "Shatter",
  "Shatterskull Giant",
  "Shining Aerosaur",
  "Shock",
  "Shorecomber Crab",
  "Show of Valor",
  "Shrine Keeper",
  "Shu Elite Infantry",
  "Shu Foot Soldiers",
  "Shu Grain Caravan",
  "Shu Soldier-Farmers",
  "Sickbay Orderly",
  "Siege Mastodon",
  "Sift",
  "Silent Artisan",
  "Silent Attendant",
  "Silent Observer",
  "Silver Myr",
  "Silverback Ape",
  "Silverbeak Griffin",
  "Silvercoat Lion",
  "Sinkhole",
  "Sir Shandlar of Eberyn",
  "Sisters of the Flame",
  "Sivitri Scarzam",
  "Skeletal Crocodile",
  "Skeletal Snake",
  "Sky Diamond",
  "Sky Ruin Drake",
  "Sky-Eel School",
  "Skyblade of the Legion",
  "Skyscanner",
  "Skyshroud Troopers",
  "Skyswirl Harrier",
  "Slice in Twain",
  "Sliver Construct",
  "Smash",
  "Smelt",
  "Snapping Drake",
  "Snow-Covered Forest",
  "Snow-Covered Island",
  "Snow-Covered Mountain",
  "Snow-Covered Plains",
  "Snow-Covered Swamp",
  "Snowfield Sinkhole",
  "Soaring Drake",
  "Solemn Offering",
  "Sorin's Thirst",
  "Soulmender",
  "Southern Elephant",
  "Spin Out",
  "Spined Karok",
  "Spined Wurm",
  "Spirited Companion",
  "Spiritual Guardian",
  "Spotted Griffin",
  "Spring of Eternal Peace",
  "Springmane Cervin",
  "Springsage Ritual",
  "Squire",
  "Staff of Nin",
  "Starfleet Crew",
  "Starlit Angel",
  "Staunch Defenders",
  "Staunch Shieldmate",
  "Steadfast Paladin",
  "Stolen Grain",
  "Stone Golem",
  "Stone Rain",
  "Stonework Puma",
  "Stony-Voiced Goblins",
  "Storm Crow",
  "Storm Spirit",
  "Stormcloud Spirit",
  "Stormfront Pegasus",
  "Story Seeker",
  "Strangle",
  "Straw Soldiers",
  "Streetbreaker Wurm",
  "Striped Bears",
  "Succumb to Temptation",
  "Sudden Strength",
  "Sulfurous Mire",
  "Summit Prowler",
  "Sunder from Within",
  "Sundial, Dawn Tyrant",
  "Sungrace Pegasus",
  "Sunlit Marsh",
  "Sunspire Griffin",
  "Suntail Hawk",
  "Swab Goblin",
  "Swamp",
  "Swordwise Centaur",
  "Sworn Guardian",
  "Sylvan Brushstrider",
  "Taiga",
  "Talas Air Ship",
  "Talas Merchant",
  "Talas Scout",
  "Talon Trooper",
  "Tangled Islet",
  "Tasseled Dromedary",
  "Temple Acolyte",
  "Teroh's Faithful",
  "Terrain Elemental",
  "Terrian, World Tyrant",
  "Territorial Roc",
  "Terror of the Fairgrounds",
  "The Lady of the Mountain",
  "Thornhide Wolves",
  "Thornwind Faeries",
  "Those Who Serve",
  "Thought Courier",
  "Thraben Purebloods",
  "Thundering Rebuke",
  "Tidings",
  "Tireless Missionaries",
  "Titanic Growth",
  "Titanic Pelagosaur",
  "Tithebearer Giant",
  "Tobias Andrion",
  "Tolarian Scholar",
  "Tome Raider",
  "Tor Giant",
  "Tormented Angel",
  "Torsten Von Ursus",
  "Touch of Brilliance",
  "Tower Gargoyle",
  "Toxic Abomination",
  "Trained Armodon",
  "Trained Caracal",
  "Trained Jackal",
  "Trained Orgg",
  "Traveling Philosopher",
  "Tree of Tales",
  "Treetop Warden",
  "Triton Shorethief",
  "Trokin High Guard",
  "Tropical Island",
  "Tundra",
  "Turntimber Ascetic",
  "Tusked Colossodon",
  "Tyrox, Saurid Tyrant",
  "Undead Minotaur",
  "Underground Sea",
  "Unfriendly Fire",
  "Unhallowed Phalanx",
  "Unyaro Bee Sting",
  "Updraft Elemental",
  "Urgent Exorcism",
  "Valiant Guard",
  "Valkyrior Skyrider",
  "Vampire Noble",
  "Vampire Revenant",
  "Vampiric Feast",
  "Vampiric Spirit",
  "Vampiric Touch",
  "Vastwood Gorger",
  "Vault of Whispers",
  "Venerable Lammasu",
  "Venerable Monk",
  "Verdigris",
  "Viashino Fangtail",
  "Viashino Warrior",
  "Vicious Hunger",
  "Vizzerdrix",
  "Vodalian Merchant",
  "Vodalian Soldiers",
  "Void Helix",
  "Volatile Fjord",
  "Volcanic Hammer",
  "Volcanic Island",
  "Volcanic Upheaval",
  "Volunteer Militia",
  "Vorstclaw",
  "Walking Corpse",
  "Wandering Ones",
  "Wandering Tombshell",
  "Warleader's Helix",
  "Warpath Ghoul",
  "Warship Flight Crew",
  "Warship Scout",
  "Watchwolf",
  "Water Elemental",
  "Weave Fate",
  "Wei Infantry",
  "Wetland Sambar",
  "Whiptail Wurm",
  "Whitesun's Passage",
  "Wicker Witch",
  "Wielding the Green Dragon",
  "Wild Ceratok",
  "Wild Griffin",
  "Wild Jhovall",
  "Willow Elf",
  "Willow Faerie",
  "Wind Drake",
  "Winter Soldier, Bucky Barnes",
  "Winter's Grasp",
  "Winter's Intervention",
  "Wirewood Elf",
  "Wishcoin Crab",
  "Witch's Familiar",
  "Withering Torment",
  "Wolf Cove Villager",
  "Wooded Ridgeline",
  "Woodland Chasm",
  "Woodland Druid",
  "Woodland Mystic",
  "Woolly Thoctar",
  "Wrecking Ball",
  "Wu Infantry",
  "Wyluli Wolf",
  "Yargle and Multani",
  "Yargle, Glutton of Urborg",
  "Yoked Ox",
  "Zap",
  "Zephyr Gull",
  "Zephyr Sprite",
  "Zombie Goliath",
  "Zuko's Offense",
  "Zuran Spellcaster",
]
`;
